
==========================================================================
report_floating_nets
--------------------------------------------------------------------------
Warning: found 18893 floatiing nets.

==========================================================================
report_checks
--------------------------------------------------------------------------
Startpoint: reset_i (input port clocked by CLK)
Endpoint: _406974_ (rising edge-triggered flip-flop clocked by CLK)
Path Group: CLK
Path Type: max

  Delay    Time   Description
---------------------------------------------------------
   0.00    0.00   clock CLK (rise edge)
   0.00    0.00   clock network delay (ideal)
   3.42    3.42 v input external delay
   0.00    3.42 v reset_i (in)
   0.03    3.45 v buffer599/Z (BUF_X4)
   0.04    3.48 v _337568_/Z (BUF_X32)
   1.00    4.48 ^ _234484_/ZN (INV_X8)
   0.15    4.62 ^ _234485_/Z (BUF_X32)
   0.84    5.46 ^ _235075_/Z (BUF_X32)
   0.40    5.87 ^ _235076_/Z (BUF_X32)
   1.21    7.08 ^ _235077_/Z (BUF_X32)
   1.58    8.66 ^ _240182_/Z (BUF_X32)
   1.35   10.00 v _240217_/ZN (NAND3_X1)
   0.02   10.02 ^ _240218_/ZN (NAND2_X1)
   0.03   10.05 ^ _347760_/Z (CLKBUF_X1)
   0.00   10.05 ^ _406974_/D (DFF_X1)
          10.05   data arrival time

   6.84    6.84   clock CLK (rise edge)
   0.00    6.84   clock network delay (ideal)
   0.00    6.84   clock reconvergence pessimism
           6.84 ^ _406974_/CK (DFF_X1)
  -0.03    6.81   library setup time
           6.81   data required time
---------------------------------------------------------
           6.81   data required time
         -10.05   data arrival time
---------------------------------------------------------
          -3.24   slack (VIOLATED)



==========================================================================
report_tns
--------------------------------------------------------------------------
tns -5186.48

==========================================================================
report_wns
--------------------------------------------------------------------------
wns -3.24

==========================================================================
report_design_area
--------------------------------------------------------------------------
Design area 2651572 u^2 14% utilization.
