  violation type: Short
    srcs: multi_top.rof1_0__core.be.be_mmu.dcache.tag_mem.data_i\[86\] multi_top.rof1_0__core.be.be_mmu.dcache.tag_mem.data_i\[94\] 
    bbox = ( 1483.58, 2137.55 ) - ( 1483.65, 2137.62 ) on Layer metal2
  violation type: Short
    srcs: multi_top.rof1_0__core.be.be_mmu.dcache.tag_mem.data_i\[86\] multi_top.rof1_0__core.be.be_mmu.dcache.tag_mem.data_i\[94\] 
    bbox = ( 1483.58, 2137.52 ) - ( 1483.65, 2137.66 ) on Layer metal2
  violation type: Short
    srcs: multi_top.rof1_0__core.be.be_mmu.dcache.tag_mem.data_i\[85\] multi_top.rof1_0__core.be.be_mmu.dcache.tag_mem.data_i\[86\] 
    bbox = ( 1483.39, 2137.76 ) - ( 1483.46, 2138.05 ) on Layer metal2
  violation type: Short
    srcs: multi_top.rof1_0__core.be.be_mmu.dcache.tag_mem.data_i\[85\] multi_top.rof1_0__core.be.be_mmu.dcache.tag_mem.data_i\[86\] 
    bbox = ( 1483.39, 2137.76 ) - ( 1483.46, 2137.84 ) on Layer metal2
  violation type: Short
    srcs: multi_top.rof1_0__core.be.be_mmu.dcache.tag_mem.data_i\[85\] multi_top.rof1_0__core.be.be_mmu.dcache.tag_mem.data_i\[86\] 
    bbox = ( 1483.39, 2137.97 ) - ( 1483.46, 2138.05 ) on Layer metal2
  violation type: Short
    srcs: multi_top.rof1_0__core.be.be_mmu.dcache.tag_mem.macro_mem.mem/OBS multi_top.rof1_0__core.be.be_mmu.dcache.tag_mem.data_i\[85\] 
    bbox = ( 1484.35, 2139.09 ) - ( 1484.35, 2139.16 ) on Layer metal3
  violation type: Short
    srcs: multi_top.rof1_0__core.be.be_mmu.dcache.tag_mem.macro_mem.mem/OBS multi_top.rof1_0__core.be.be_mmu.dcache.tag_mem.data_i\[92\] 
    bbox = ( 1484.35, 2137.7 ) - ( 1484.35, 2137.76 ) on Layer metal3
  violation type: Short
    srcs: multi_top.rof1_0__core.be.be_mmu.dcache.tag_mem.macro_mem.mem/OBS multi_top.rof1_0__core.be.be_mmu.dcache.tag_mem.data_i\[92\] 
    bbox = ( 1484.35, 2137.7 ) - ( 1484.35, 2137.84 ) on Layer metal3
  violation type: Short
    srcs: multi_top.rof1_0__core.be.be_mmu.dcache.tag_mem.macro_mem.mem/OBS multi_top.rof1_0__core.be.be_mmu.dcache.tag_mem.data_i\[85\] 
    bbox = ( 1484.35, 2139.09 ) - ( 1484.35, 2139.24 ) on Layer metal3
  violation type: Short
    srcs: multi_top.rof1_0__core.be.be_mmu.dcache.tag_mem.macro_mem.mem/OBS multi_top.rof1_0__core.be.be_mmu.dcache.tag_mem.data_i\[90\] 
    bbox = ( 1484.35, 2143.99 ) - ( 1484.35, 2144.07 ) on Layer metal3
  violation type: Short
    srcs: multi_top.rof1_0__core.be.be_mmu.dcache.tag_mem.macro_mem.mem/OBS multi_top.rof1_0__core.be.be_mmu.dcache.tag_mem.data_i\[90\] 
    bbox = ( 1484.35, 2143.93 ) - ( 1484.35, 2144.07 ) on Layer metal3
  violation type: Short
    srcs: multi_top.rof1_0__core.be.be_mmu.dcache.tag_mem.macro_mem.mem/OBS multi_top.rof1_0__core.be.be_mmu.dcache.tag_mem.data_i\[92\] 
    bbox = ( 1484.28, 2137.7 ) - ( 1484.35, 2137.76 ) on Layer metal3
  violation type: Short
    srcs: multi_top.rof1_0__core.be.be_mmu.dcache.tag_mem.macro_mem.mem/OBS multi_top.rof1_0__core.be.be_mmu.dcache.tag_mem.data_i\[85\] 
    bbox = ( 1484.28, 2139.09 ) - ( 1484.35, 2139.16 ) on Layer metal3
  violation type: Short
    srcs: multi_top.rof1_0__core.be.be_mmu.dcache.tag_mem.macro_mem.mem/OBS multi_top.rof1_0__core.be.be_mmu.dcache.tag_mem.data_i\[90\] 
    bbox = ( 1484.28, 2143.99 ) - ( 1484.35, 2144.07 ) on Layer metal3
  violation type: Short
    srcs: multi_top.rof1_0__core.be.be_mmu.dcache.tag_mem.data_i\[89\] multi_top.rof1_0__core.be.be_mmu.dcache.tag_mem.data_i\[93\] 
    bbox = ( 1484.06, 2137.97 ) - ( 1484.07, 2138.05 ) on Layer metal3
  violation type: Short
    srcs: multi_top.rof1_0__core.be.be_mmu.dcache.tag_mem.data_i\[89\] multi_top.rof1_0__core.be.be_mmu.dcache.tag_mem.data_i\[93\] 
    bbox = ( 1484.06, 2138.05 ) - ( 1484.07, 2138.05 ) on Layer metal3
  violation type: Short
    srcs: _096511_ multi_top.rof1_0__core.be.be_mmu.dcache.tag_mem.data_i\[90\] 
    bbox = ( 1483.74, 2138.08 ) - ( 1483.88, 2138.22 ) on Layer metal4
  violation type: Short
    srcs: multi_top.me.genblk1_0__bp_cce_top.bp_cce.directory.wg_ram.macro_mem0.mem/OBS multi_top.me.genblk1_0__bp_cce_top.bp_cce.directory.wg_ram.macro_mem0.w_mask_i\[85\] 
    bbox = ( 2124.71, 2088.49 ) - ( 2124.71, 2088.84 ) on Layer metal3
  violation type: Short
    srcs: multi_top.me.genblk1_0__bp_cce_top.bp_cce.directory.wg_ram.macro_mem0.mem/OBS multi_top.me.genblk1_0__bp_cce_top.bp_cce.directory.wg_ram.macro_mem0.w_mask_i\[87\] 
    bbox = ( 2124.71, 2089.05 ) - ( 2124.71, 2089.39 ) on Layer metal3
  violation type: Short
    srcs: multi_top.me.genblk1_0__bp_cce_top.bp_cce.directory.wg_ram.macro_mem0.mem/OBS multi_top.me.genblk1_0__bp_cce_top.bp_cce.directory.wg_ram.macro_mem0.w_mask_i\[95\] 
    bbox = ( 2124.71, 2091.28 ) - ( 2124.71, 2091.64 ) on Layer metal3
  violation type: Short
    srcs: multi_top.me.genblk1_0__bp_cce_top.bp_cce.directory.wg_ram.macro_mem0.mem/OBS multi_top.me.genblk1_0__bp_cce_top.bp_cce.directory.wg_ram.macro_mem0.w_mask_i\[93\] 
    bbox = ( 2124.71, 2090.72 ) - ( 2124.71, 2091.07 ) on Layer metal3
  violation type: Short
    srcs: multi_top.me.genblk1_0__bp_cce_top.bp_cce.directory.wg_ram.macro_mem0.mem/OBS multi_top.me.genblk1_0__bp_cce_top.bp_cce.directory.wg_ram.macro_mem0.w_mask_i\[89\] 
    bbox = ( 2124.71, 2089.61 ) - ( 2124.71, 2089.95 ) on Layer metal3
  violation type: Short
    srcs: multi_top.me.genblk1_0__bp_cce_top.bp_cce.directory.wg_ram.macro_mem0.mem/OBS multi_top.me.genblk1_0__bp_cce_top.bp_cce.directory.wg_ram.macro_mem0.w_mask_i\[83\] 
    bbox = ( 2124.71, 2087.93 ) - ( 2124.71, 2088.28 ) on Layer metal3
  violation type: Short
    srcs: multi_top.me.genblk1_0__bp_cce_top.bp_cce.directory.wg_ram.macro_mem0.mem/OBS multi_top.me.genblk1_0__bp_cce_top.bp_cce.directory.wg_ram.macro_mem0.w_mask_i\[91\] 
    bbox = ( 2124.71, 2090.16 ) - ( 2124.71, 2090.51 ) on Layer metal3
  violation type: Short
    srcs: multi_top.me.genblk1_0__bp_cce_top.bp_cce.directory.wg_ram.macro_mem0.mem/OBS multi_top.me.genblk1_0__bp_cce_top.bp_cce.directory.wg_ram.macro_mem0.w_mask_i\[83\] 
    bbox = ( 2124.64, 2087.99 ) - ( 2124.71, 2088.2 ) on Layer metal3
  violation type: Short
    srcs: multi_top.me.genblk1_0__bp_cce_top.bp_cce.directory.wg_ram.macro_mem0.mem/OBS multi_top.me.genblk1_0__bp_cce_top.bp_cce.directory.wg_ram.macro_mem0.w_mask_i\[85\] 
    bbox = ( 2124.64, 2088.55 ) - ( 2124.71, 2088.76 ) on Layer metal3
  violation type: Short
    srcs: multi_top.me.genblk1_0__bp_cce_top.bp_cce.directory.wg_ram.macro_mem0.mem/OBS multi_top.me.genblk1_0__bp_cce_top.bp_cce.directory.wg_ram.macro_mem0.w_mask_i\[87\] 
    bbox = ( 2124.64, 2089.11 ) - ( 2124.71, 2089.32 ) on Layer metal3
  violation type: Short
    srcs: multi_top.me.genblk1_0__bp_cce_top.bp_cce.directory.wg_ram.macro_mem0.mem/OBS multi_top.me.genblk1_0__bp_cce_top.bp_cce.directory.wg_ram.macro_mem0.w_mask_i\[89\] 
    bbox = ( 2124.64, 2089.68 ) - ( 2124.71, 2089.89 ) on Layer metal3
  violation type: Short
    srcs: multi_top.me.genblk1_0__bp_cce_top.bp_cce.directory.wg_ram.macro_mem0.mem/OBS multi_top.me.genblk1_0__bp_cce_top.bp_cce.directory.wg_ram.macro_mem0.w_mask_i\[91\] 
    bbox = ( 2124.64, 2090.24 ) - ( 2124.71, 2090.45 ) on Layer metal3
  violation type: Short
    srcs: multi_top.me.genblk1_0__bp_cce_top.bp_cce.directory.wg_ram.macro_mem0.mem/OBS multi_top.me.genblk1_0__bp_cce_top.bp_cce.directory.wg_ram.macro_mem0.w_mask_i\[93\] 
    bbox = ( 2124.64, 2090.8 ) - ( 2124.71, 2091.01 ) on Layer metal3
  violation type: Short
    srcs: multi_top.me.genblk1_0__bp_cce_top.bp_cce.directory.wg_ram.macro_mem0.mem/OBS multi_top.me.genblk1_0__bp_cce_top.bp_cce.directory.wg_ram.macro_mem0.w_mask_i\[95\] 
    bbox = ( 2124.64, 2091.36 ) - ( 2124.71, 2091.57 ) on Layer metal3
  violation type: Short
    srcs: multi_top.rof1_0__core.be.be_mmu.dcache.data_mem_0__data_mem.addr_i\[4\] multi_top.rof1_0__core.be.be_mmu.dcache.data_mem_0__data_mem.addr_i\[5\] 
    bbox = ( 1186.7, 216.615 ) - ( 1186.71, 216.615 ) on Layer metal3
  violation type: Short
    srcs: multi_top.rof1_0__core.be.be_mmu.dcache.data_mem_5__data_mem.data_o\[44\] multi_top.rof1_0__core.be.be_mmu.dcache.data_mem_5__data_mem.data_o\[63\] 
    bbox = ( 1487.98, 417.375 ) - ( 1488.05, 417.375 ) on Layer metal3
  violation type: Short
    srcs: multi_top.rof1_0__core.be.be_mmu.dcache.data_mem_5__data_mem.data_o\[44\] multi_top.rof1_0__core.be.be_mmu.dcache.data_mem_5__data_mem.data_o\[63\] 
    bbox = ( 1487.98, 417.375 ) - ( 1488.06, 417.375 ) on Layer metal3
  violation type: Short
    srcs: multi_top.rof1_0__core.fe.icache_1.tag_mem.macro_mem.mem/OBS multi_top.rof1_0__core.fe.icache_1.tag_mem.data_i\[94\] 
    bbox = ( 1600.83, 2138.39 ) - ( 1600.83, 2138.47 ) on Layer metal3
  violation type: Short
    srcs: multi_top.rof1_0__core.fe.icache_1.tag_mem.macro_mem.mem/OBS multi_top.rof1_0__core.fe.icache_1.tag_mem.data_i\[94\] 
    bbox = ( 1600.83, 2138.32 ) - ( 1600.83, 2138.47 ) on Layer metal3
  violation type: Short
    srcs: multi_top.rof1_0__core.fe.icache_1.tag_mem.macro_mem.mem/OBS multi_top.rof1_0__core.fe.icache_1.tag_mem.data_i\[94\] 
    bbox = ( 1600.76, 2138.39 ) - ( 1600.83, 2138.47 ) on Layer metal3
  violation type: Short
    srcs: multi_top.rof1_0__core.fe.icache_1.tag_mem.data_i\[88\] multi_top.rof1_0__core.fe.icache_1.tag_mem.data_i\[89\] 
    bbox = ( 1600.54, 2140.28 ) - ( 1600.61, 2140.28 ) on Layer metal3
  violation type: MetSpc
    srcs: multi_top.rof1_0__core.fe.icache_1.tag_mem.data_i\[90\] multi_top.rof1_0__core.fe.icache_1.tag_mem.data_i\[92\] 
    bbox = ( 1600.54, 2137.84 ) - ( 1600.54, 2137.84 ) on Layer metal3
  violation type: Short
    srcs: multi_top.rof1_0__core.fe.icache_1.data_mem_banks_4__data_mem_bank.data_o\[2\] multi_top.rof1_0__core.fe.icache_1.data_mem_banks_4__data_mem_bank.data_o\[7\] 
    bbox = ( 1638.62, 366.065 ) - ( 1638.69, 366.065 ) on Layer metal3
  violation type: Short
    srcs: multi_top.rof1_0__core.fe.icache_1.data_mem_banks_4__data_mem_bank.data_o\[2\] multi_top.rof1_0__core.fe.icache_1.data_mem_banks_4__data_mem_bank.data_o\[7\] 
    bbox = ( 1638.62, 366.065 ) - ( 1638.72, 366.065 ) on Layer metal3
  violation type: Short
    srcs: multi_top.me.genblk1_0__bp_cce_top.bp_cce.directory.wg_ram.macro_mem1.mem/OBS multi_top.me.genblk1_0__bp_cce_top.bp_cce.directory.wg_ram.macro_mem1.w_mask_i\[9\] 
    bbox = ( 1717.52, 2067.17 ) - ( 1717.54, 2067.31 ) on Layer metal2
  violation type: Short
    srcs: multi_top.me.genblk1_0__bp_cce_top.bp_cce.directory.wg_ram.macro_mem1.mem/OBS multi_top.me.genblk1_0__bp_cce_top.bp_cce.directory.wg_ram.macro_mem1.w_mask_i\[9\] 
    bbox = ( 1717.52, 2067.2 ) - ( 1717.54, 2067.28 ) on Layer metal2
  violation type: Short
    srcs: multi_top.me.genblk1_0__bp_cce_top.bp_cce.directory.wg_ram.macro_mem1.mem/OBS multi_top.me.genblk1_0__bp_cce_top.bp_cce.directory.wg_ram.macro_mem1.w_mask_i\[7\] 
    bbox = ( 1717.52, 2066.72 ) - ( 1717.59, 2066.93 ) on Layer metal3
  violation type: Short
    srcs: multi_top.me.genblk1_0__bp_cce_top.bp_cce.directory.wg_ram.macro_mem1.mem/OBS multi_top.me.genblk1_0__bp_cce_top.bp_cce.directory.wg_ram.macro_mem1.w_mask_i\[7\] 
    bbox = ( 1717.59, 2066.64 ) - ( 1717.59, 2066.99 ) on Layer metal3
  violation type: Short
    srcs: multi_top.me.genblk1_0__bp_cce_top.bp_cce.directory.wg_ram.macro_mem1.mem/OBS multi_top.me.genblk1_0__bp_cce_top.bp_cce.directory.wg_ram.macro_mem1.w_mask_i\[7\] 
    bbox = ( 1717.52, 2066.72 ) - ( 1717.59, 2066.78 ) on Layer metal3
  violation type: Short
    srcs: multi_top.me.genblk1_0__bp_cce_top.bp_cce.directory.wg_ram.macro_mem1.mem/OBS multi_top.me.genblk1_0__bp_cce_top.bp_cce.directory.wg_ram.macro_mem1.w_mask_i\[7\] 
    bbox = ( 1717.59, 2066.72 ) - ( 1717.59, 2066.78 ) on Layer metal3
  violation type: Short
    srcs: multi_top.me.genblk1_0__bp_cce_top.bp_cce.directory.wg_ram.macro_mem1.mem/OBS multi_top.me.genblk1_0__bp_cce_top.bp_cce.directory.wg_ram.macro_mem1.w_mask_i\[25\] 
    bbox = ( 1717.59, 2071.76 ) - ( 1717.59, 2071.82 ) on Layer metal3
  violation type: Short
    srcs: multi_top.me.genblk1_0__bp_cce_top.bp_cce.directory.wg_ram.macro_mem1.mem/OBS multi_top.me.genblk1_0__bp_cce_top.bp_cce.directory.wg_ram.macro_mem1.w_mask_i\[25\] 
    bbox = ( 1717.59, 2071.68 ) - ( 1717.59, 2072.03 ) on Layer metal3
  violation type: Short
    srcs: multi_top.me.genblk1_0__bp_cce_top.bp_cce.directory.wg_ram.macro_mem1.mem/OBS multi_top.me.genblk1_0__bp_cce_top.bp_cce.directory.wg_ram.macro_mem1.w_mask_i\[25\] 
    bbox = ( 1717.52, 2071.76 ) - ( 1717.59, 2071.82 ) on Layer metal3
  violation type: Short
    srcs: multi_top.me.genblk1_0__bp_cce_top.bp_cce.directory.wg_ram.macro_mem1.mem/OBS multi_top.me.genblk1_0__bp_cce_top.bp_cce.directory.wg_ram.macro_mem1.w_mask_i\[25\] 
    bbox = ( 1717.52, 2071.76 ) - ( 1717.59, 2071.97 ) on Layer metal3
  violation type: Short
    srcs: multi_top.me.genblk1_0__bp_cce_top.bp_cce.directory.wg_ram.macro_mem1.mem/OBS multi_top.me.genblk1_0__bp_cce_top.bp_cce.directory.wg_ram.macro_mem1.w_mask_i\[41\] 
    bbox = ( 1717.59, 2076.16 ) - ( 1717.59, 2076.51 ) on Layer metal3
  violation type: Short
    srcs: multi_top.me.genblk1_0__bp_cce_top.bp_cce.directory.wg_ram.macro_mem1.mem/OBS multi_top.me.genblk1_0__bp_cce_top.bp_cce.directory.wg_ram.macro_mem1.w_mask_i\[41\] 
    bbox = ( 1717.52, 2076.24 ) - ( 1717.59, 2076.45 ) on Layer metal3
  violation type: Short
    srcs: multi_top.me.genblk1_0__bp_cce_top.bp_cce.directory.wg_ram.macro_mem1.mem/OBS multi_top.me.genblk1_0__bp_cce_top.bp_cce.directory.wg_ram.data_i\[145\] 
    bbox = ( 1717.59, 2139.09 ) - ( 1717.59, 2139.24 ) on Layer metal3
  violation type: Short
    srcs: multi_top.me.genblk1_0__bp_cce_top.bp_cce.directory.wg_ram.macro_mem1.mem/OBS multi_top.me.genblk1_0__bp_cce_top.bp_cce.directory.wg_ram.data_i\[145\] 
    bbox = ( 1717.59, 2139.09 ) - ( 1717.59, 2139.16 ) on Layer metal3
  violation type: Short
    srcs: multi_top.me.genblk1_0__bp_cce_top.bp_cce.directory.wg_ram.macro_mem1.mem/OBS multi_top.me.genblk1_0__bp_cce_top.bp_cce.directory.wg_ram.data_i\[145\] 
    bbox = ( 1717.52, 2139.09 ) - ( 1717.59, 2139.16 ) on Layer metal3
  violation type: Short
    srcs: multi_top.me.genblk1_0__bp_cce_top.bp_cce.directory.wg_ram.data_i\[158\] multi_top.me.genblk1_0__bp_cce_top.bp_cce.directory.wg_ram.data_i\[162\] 
    bbox = ( 1717.3, 2142.88 ) - ( 1717.37, 2142.88 ) on Layer metal3
  violation type: Short
    srcs: multi_top.me.genblk1_0__bp_cce_top.bp_cce.directory.wg_ram.data_i\[158\] multi_top.me.genblk1_0__bp_cce_top.bp_cce.directory.wg_ram.data_i\[162\] 
    bbox = ( 1717.3, 2142.88 ) - ( 1717.38, 2142.88 ) on Layer metal3
  violation type: Short
    srcs: multi_top.me.genblk1_0__bp_cce_top.bp_cce.directory.wg_ram.data_i\[148\] multi_top.me.genblk1_0__bp_cce_top.bp_cce.directory.wg_ram.data_i\[149\] 
    bbox = ( 1717.3, 2140.07 ) - ( 1717.37, 2140.07 ) on Layer metal3
  violation type: Short
    srcs: multi_top.me.genblk1_0__bp_cce_top.bp_cce.directory.wg_ram.macro_mem0.mem/OBS multi_top.me.genblk1_0__bp_cce_top.bp_cce.directory.wg_ram.macro_mem0.w_mask_i\[71\] 
    bbox = ( 2124.71, 2084.84 ) - ( 2124.74, 2084.91 ) on Layer metal3
  violation type: Short
    srcs: multi_top.me.genblk1_0__bp_cce_top.bp_cce.directory.wg_ram.macro_mem0.mem/OBS multi_top.me.genblk1_0__bp_cce_top.bp_cce.directory.wg_ram.macro_mem0.w_mask_i\[81\] 
    bbox = ( 2124.71, 2087.36 ) - ( 2124.71, 2087.72 ) on Layer metal3
  violation type: Short
    srcs: multi_top.me.genblk1_0__bp_cce_top.bp_cce.directory.wg_ram.macro_mem0.mem/OBS multi_top.me.genblk1_0__bp_cce_top.bp_cce.directory.wg_ram.macro_mem0.w_mask_i\[71\] 
    bbox = ( 2124.64, 2084.84 ) - ( 2124.74, 2084.84 ) on Layer metal3
  violation type: Short
    srcs: multi_top.me.genblk1_0__bp_cce_top.bp_cce.directory.wg_ram.macro_mem0.mem/OBS multi_top.me.genblk1_0__bp_cce_top.bp_cce.directory.wg_ram.macro_mem0.w_mask_i\[71\] 
    bbox = ( 2124.64, 2084.91 ) - ( 2124.74, 2084.91 ) on Layer metal3
  violation type: Short
    srcs: multi_top.me.genblk1_0__bp_cce_top.bp_cce.directory.wg_ram.macro_mem0.mem/OBS multi_top.me.genblk1_0__bp_cce_top.bp_cce.directory.wg_ram.macro_mem0.w_mask_i\[81\] 
    bbox = ( 2124.64, 2087.43 ) - ( 2124.71, 2087.64 ) on Layer metal3
  violation type: Short
    srcs: multi_top.me.genblk1_0__bp_cce_top.bp_cce.directory.wg_ram.macro_mem0.mem/OBS multi_top.me.genblk1_0__bp_cce_top.bp_cce.directory.wg_ram.macro_mem0.w_mask_i\[71\] 
    bbox = ( 2124.64, 2084.81 ) - ( 2124.74, 2085.02 ) on Layer metal4
  violation type: Short
    srcs: multi_top.me.genblk1_0__bp_cce_top.bp_cce.directory.wg_ram.macro_mem0.mem/OBS multi_top.me.genblk1_0__bp_cce_top.bp_cce.directory.wg_ram.macro_mem0.w_mask_i\[71\] 
    bbox = ( 2124.64, 2084.88 ) - ( 2124.74, 2085.02 ) on Layer metal4
  violation type: MetSpc
    srcs: multi_top.rof1_0__core.be.be_mmu.dcache.tag_mem.macro_mem.mem/OBS multi_top.rof1_0__core.be.be_mmu.dcache.tag_mem.data_o\[5\] 
    bbox = ( 1484.22, 2096.57 ) - ( 1484.28, 2096.71 ) on Layer metal2
  violation type: MetSpc
    srcs: multi_top.rof1_0__core.be.be_mmu.dcache.tag_mem.macro_mem.mem/OBS multi_top.rof1_0__core.be.be_mmu.dcache.tag_mem.data_o\[5\] 
    bbox = ( 1484.22, 2096.61 ) - ( 1484.28, 2096.68 ) on Layer metal2
  violation type: Short
    srcs: multi_top.rof1_0__core.be.be_mmu.dcache.tag_mem.macro_mem.mem/OBS multi_top.rof1_0__core.be.be_mmu.dcache.tag_mem.data_o\[19\] 
    bbox = ( 1484.35, 2100.53 ) - ( 1484.38, 2100.59 ) on Layer metal3
  violation type: Short
    srcs: multi_top.rof1_0__core.be.be_mmu.dcache.tag_mem.macro_mem.mem/OBS multi_top.rof1_0__core.be.be_mmu.dcache.tag_mem.data_o\[19\] 
    bbox = ( 1484.28, 2100.53 ) - ( 1484.38, 2100.53 ) on Layer metal3
  violation type: Short
    srcs: multi_top.rof1_0__core.be.be_mmu.dcache.tag_mem.macro_mem.mem/OBS multi_top.rof1_0__core.be.be_mmu.dcache.tag_mem.data_o\[19\] 
    bbox = ( 1484.28, 2100.59 ) - ( 1484.38, 2100.59 ) on Layer metal3
  violation type: Short
    srcs: multi_top.rof1_0__core.be.be_mmu.dcache.tag_mem.data_o\[12\] multi_top.rof1_0__core.be.be_mmu.dcache.tag_mem.data_o\[15\] 
    bbox = ( 1484.06, 2098.64 ) - ( 1484.07, 2098.64 ) on Layer metal3
  violation type: Short
    srcs: multi_top.rof1_0__core.be.be_mmu.dcache.tag_mem.data_o\[8\] multi_top.rof1_0__core.be.be_mmu.dcache.tag_mem.data_o\[9\] 
    bbox = ( 1484.06, 2097.51 ) - ( 1484.13, 2097.51 ) on Layer metal3
  violation type: Short
    srcs: multi_top.rof1_0__core.be.be_mmu.dcache.tag_mem.macro_mem.mem/OBS multi_top.rof1_0__core.be.be_mmu.dcache.tag_mem.data_o\[19\] 
    bbox = ( 1484.28, 2100.56 ) - ( 1484.38, 2100.7 ) on Layer metal4
  violation type: Short
    srcs: multi_top.rof1_0__core.be.be_mmu.dcache.tag_mem.macro_mem.mem/OBS multi_top.rof1_0__core.be.be_mmu.dcache.tag_mem.data_o\[19\] 
    bbox = ( 1484.28, 2100.49 ) - ( 1484.38, 2100.7 ) on Layer metal4
  violation type: Short
    srcs: multi_top.me.genblk1_0__bp_cce_top.bp_cce.directory.wg_ram.macro_mem1.mem/OBS multi_top.me.genblk1_0__bp_cce_top.bp_cce.directory.wg_ram.macro_mem1.w_mask_i\[87\] 
    bbox = ( 1717.59, 2089.39 ) - ( 1717.59, 2089.47 ) on Layer metal3
  violation type: Short
    srcs: multi_top.me.genblk1_0__bp_cce_top.bp_cce.directory.wg_ram.macro_mem1.mem/OBS multi_top.me.genblk1_0__bp_cce_top.bp_cce.directory.wg_ram.macro_mem1.w_mask_i\[87\] 
    bbox = ( 1717.59, 2089.32 ) - ( 1717.59, 2089.47 ) on Layer metal3
  violation type: Short
    srcs: multi_top.me.genblk1_0__bp_cce_top.bp_cce.directory.wg_ram.macro_mem1.mem/OBS multi_top.me.genblk1_0__bp_cce_top.bp_cce.directory.wg_ram.macro_mem1.w_mask_i\[87\] 
    bbox = ( 1717.52, 2089.39 ) - ( 1717.59, 2089.47 ) on Layer metal3
  violation type: Short
    srcs: multi_top.rof1_0__core.fe.bp_fe_pc_gen_1.btb_target\[61\] multi_top.rof1_0__core.fe.bp_fe_pc_gen_1.btb_target\[63\] 
    bbox = ( 1973.78, 2077.22 ) - ( 1973.85, 2077.22 ) on Layer metal3
  violation type: Short
    srcs: multi_top.rof1_0__core.fe.bp_fe_pc_gen_1.btb_target\[61\] multi_top.rof1_0__core.fe.bp_fe_pc_gen_1.btb_target\[63\] 
    bbox = ( 1973.78, 2077.22 ) - ( 1973.88, 2077.22 ) on Layer metal3
  violation type: Short
    srcs: multi_top.me.genblk1_0__bp_cce_top.bp_cce.directory.wg_ram.macro_mem0.mem/OBS multi_top.me.genblk1_0__bp_cce_top.bp_cce.directory.wg_ram.macro_mem0.w_mask_i\[7\] 
    bbox = ( 2124.71, 2066.64 ) - ( 2124.71, 2066.99 ) on Layer metal3
  violation type: Short
    srcs: multi_top.me.genblk1_0__bp_cce_top.bp_cce.directory.wg_ram.macro_mem0.mem/OBS multi_top.me.genblk1_0__bp_cce_top.bp_cce.directory.wg_ram.macro_mem0.w_mask_i\[5\] 
    bbox = ( 2124.71, 2066.09 ) - ( 2124.71, 2066.43 ) on Layer metal3
  violation type: Short
    srcs: multi_top.me.genblk1_0__bp_cce_top.bp_cce.directory.wg_ram.macro_mem0.mem/OBS multi_top.me.genblk1_0__bp_cce_top.bp_cce.directory.wg_ram.macro_mem0.w_mask_i\[11\] 
    bbox = ( 2124.71, 2067.76 ) - ( 2124.71, 2068.11 ) on Layer metal3
  violation type: Short
    srcs: multi_top.me.genblk1_0__bp_cce_top.bp_cce.directory.wg_ram.macro_mem0.mem/OBS multi_top.me.genblk1_0__bp_cce_top.bp_cce.directory.wg_ram.macro_mem0.w_mask_i\[43\] 
    bbox = ( 2124.71, 2076.72 ) - ( 2124.71, 2077.07 ) on Layer metal3
  violation type: Short
    srcs: multi_top.me.genblk1_0__bp_cce_top.bp_cce.directory.wg_ram.macro_mem0.mem/OBS multi_top.me.genblk1_0__bp_cce_top.bp_cce.directory.wg_ram.macro_mem0.w_mask_i\[5\] 
    bbox = ( 2124.64, 2066.16 ) - ( 2124.71, 2066.36 ) on Layer metal3
  violation type: Short
    srcs: multi_top.me.genblk1_0__bp_cce_top.bp_cce.directory.wg_ram.macro_mem0.mem/OBS multi_top.me.genblk1_0__bp_cce_top.bp_cce.directory.wg_ram.macro_mem0.w_mask_i\[7\] 
    bbox = ( 2124.64, 2066.72 ) - ( 2124.71, 2066.93 ) on Layer metal3
  violation type: Short
    srcs: multi_top.me.genblk1_0__bp_cce_top.bp_cce.directory.wg_ram.macro_mem0.mem/OBS multi_top.me.genblk1_0__bp_cce_top.bp_cce.directory.wg_ram.macro_mem0.w_mask_i\[11\] 
    bbox = ( 2124.64, 2067.84 ) - ( 2124.71, 2068.05 ) on Layer metal3
  violation type: Short
    srcs: multi_top.me.genblk1_0__bp_cce_top.bp_cce.directory.wg_ram.macro_mem0.mem/OBS multi_top.me.genblk1_0__bp_cce_top.bp_cce.directory.wg_ram.macro_mem0.w_mask_i\[43\] 
    bbox = ( 2124.64, 2076.8 ) - ( 2124.71, 2077.01 ) on Layer metal3
  violation type: Short
    srcs: multi_top.me.genblk1_0__bp_cce_top.bp_cce.directory.wg_ram.macro_mem0.w_mask_i\[35\] multi_top.me.genblk1_0__bp_cce_top.bp_cce.directory.wg_ram.macro_mem0.w_mask_i\[39\] 
    bbox = ( 2124.26, 2074.7 ) - ( 2124.33, 2074.76 ) on Layer metal3
  violation type: Short
    srcs: multi_top.me.genblk1_0__bp_cce_top.bp_cce.directory.wg_ram.macro_mem0.w_mask_i\[35\] multi_top.me.genblk1_0__bp_cce_top.bp_cce.directory.wg_ram.macro_mem0.w_mask_i\[39\] 
    bbox = ( 2124.26, 2074.76 ) - ( 2124.36, 2074.76 ) on Layer metal3
  violation type: Short
    srcs: multi_top.me.genblk1_0__bp_cce_top.bp_cce.directory.wg_ram.macro_mem1.mem/OBS multi_top.me.genblk1_0__bp_cce_top.bp_cce.directory.wg_ram.data_i\[138\] 
    bbox = ( 1717.52, 2137.2 ) - ( 1717.54, 2137.28 ) on Layer metal2
  violation type: Short
    srcs: multi_top.me.genblk1_0__bp_cce_top.bp_cce.directory.wg_ram.macro_mem1.mem/OBS multi_top.me.genblk1_0__bp_cce_top.bp_cce.directory.wg_ram.data_i\[138\] 
    bbox = ( 1717.52, 2137.1 ) - ( 1717.54, 2137.28 ) on Layer metal2
  violation type: Short
    srcs: multi_top.me.genblk1_0__bp_cce_top.bp_cce.directory.wg_ram.macro_mem1.mem/OBS multi_top.me.genblk1_0__bp_cce_top.bp_cce.directory.wg_ram.data_i\[138\] 
    bbox = ( 1717.59, 2137.14 ) - ( 1717.59, 2137.2 ) on Layer metal3
  violation type: Short
    srcs: multi_top.me.genblk1_0__bp_cce_top.bp_cce.directory.wg_ram.macro_mem1.mem/OBS multi_top.me.genblk1_0__bp_cce_top.bp_cce.directory.wg_ram.data_i\[138\] 
    bbox = ( 1717.59, 2137.14 ) - ( 1717.59, 2137.28 ) on Layer metal3
  violation type: Short
    srcs: multi_top.me.genblk1_0__bp_cce_top.bp_cce.directory.wg_ram.macro_mem1.mem/OBS multi_top.me.genblk1_0__bp_cce_top.bp_cce.directory.wg_ram.data_i\[140\] 
    bbox = ( 1717.59, 2137.75 ) - ( 1717.59, 2137.84 ) on Layer metal3
  violation type: Short
    srcs: multi_top.me.genblk1_0__bp_cce_top.bp_cce.directory.wg_ram.macro_mem1.mem/OBS multi_top.me.genblk1_0__bp_cce_top.bp_cce.directory.wg_ram.data_i\[138\] 
    bbox = ( 1717.52, 2137.14 ) - ( 1717.59, 2137.2 ) on Layer metal3
  violation type: Short
    srcs: multi_top.me.genblk1_0__bp_cce_top.bp_cce.directory.wg_ram.macro_mem1.mem/OBS multi_top.me.genblk1_0__bp_cce_top.bp_cce.directory.wg_ram.data_i\[140\] 
    bbox = ( 1717.52, 2137.75 ) - ( 1717.59, 2137.76 ) on Layer metal3
  violation type: Short
    srcs: multi_top.me.genblk1_0__bp_cce_top.bp_cce.directory.wg_ram.data_i\[133\] multi_top.me.genblk1_0__bp_cce_top.bp_cce.directory.wg_ram.data_i\[140\] 
    bbox = ( 1716.98, 2137.84 ) - ( 1717.19, 2137.91 ) on Layer metal3
  violation type: Short
    srcs: multi_top.me.genblk1_0__bp_cce_top.bp_cce.directory.wg_ram.data_i\[132\] multi_top.me.genblk1_0__bp_cce_top.bp_cce.directory.wg_ram.data_i\[137\] 
    bbox = ( 1717.3, 2136.99 ) - ( 1717.37, 2136.99 ) on Layer metal3
  violation type: Short
    srcs: multi_top.me.genblk1_0__bp_cce_top.bp_cce.directory.wg_ram.data_i\[132\] multi_top.me.genblk1_0__bp_cce_top.bp_cce.directory.wg_ram.data_i\[137\] 
    bbox = ( 1717.3, 2136.99 ) - ( 1717.38, 2136.99 ) on Layer metal3
  violation type: OffGrid
    srcs: multi_top.me.genblk1_0__bp_cce_top.bp_cce.directory.wg_ram.data_i\[140\] 
    bbox = ( 1717.52, 2137.75 ) - ( 1717.59, 2137.84 ) on Layer metal3
  violation type: Short
    srcs: multi_top.me.genblk1_0__bp_cce_top.bp_cce.directory.wg_ram.macro_mem1.mem/OBS multi_top.me.genblk1_0__bp_cce_top.bp_cce.directory.wg_ram.data_i\[113\] 
    bbox = ( 1717.59, 2130.28 ) - ( 1717.59, 2130.34 ) on Layer metal3
  violation type: Short
    srcs: multi_top.me.genblk1_0__bp_cce_top.bp_cce.directory.wg_ram.macro_mem1.mem/OBS multi_top.me.genblk1_0__bp_cce_top.bp_cce.directory.wg_ram.data_i\[113\] 
    bbox = ( 1717.59, 2130.2 ) - ( 1717.59, 2130.34 ) on Layer metal3
  violation type: Short
    srcs: multi_top.me.genblk1_0__bp_cce_top.bp_cce.directory.wg_ram.macro_mem1.mem/OBS multi_top.me.genblk1_0__bp_cce_top.bp_cce.directory.wg_ram.data_i\[117\] 
    bbox = ( 1717.59, 2131.32 ) - ( 1717.62, 2131.39 ) on Layer metal3
  violation type: Short
    srcs: multi_top.me.genblk1_0__bp_cce_top.bp_cce.directory.wg_ram.macro_mem1.mem/OBS multi_top.me.genblk1_0__bp_cce_top.bp_cce.directory.wg_ram.data_i\[113\] 
    bbox = ( 1717.52, 2130.28 ) - ( 1717.59, 2130.34 ) on Layer metal3
  violation type: Short
    srcs: multi_top.me.genblk1_0__bp_cce_top.bp_cce.directory.wg_ram.macro_mem1.mem/OBS multi_top.me.genblk1_0__bp_cce_top.bp_cce.directory.wg_ram.data_i\[117\] 
    bbox = ( 1717.52, 2131.32 ) - ( 1717.62, 2131.32 ) on Layer metal3
  violation type: Short
    srcs: multi_top.me.genblk1_0__bp_cce_top.bp_cce.directory.wg_ram.macro_mem1.mem/OBS multi_top.me.genblk1_0__bp_cce_top.bp_cce.directory.wg_ram.data_i\[117\] 
    bbox = ( 1717.52, 2131.39 ) - ( 1717.62, 2131.39 ) on Layer metal3
  violation type: Short
    srcs: multi_top.me.genblk1_0__bp_cce_top.bp_cce.directory.wg_ram.data_i\[111\] multi_top.me.genblk1_0__bp_cce_top.bp_cce.directory.wg_ram.data_i\[112\] 
    bbox = ( 1717.3, 2129.93 ) - ( 1717.37, 2129.93 ) on Layer metal3
  violation type: Short
    srcs: multi_top.me.genblk1_0__bp_cce_top.bp_cce.directory.wg_ram.macro_mem1.mem/OBS multi_top.me.genblk1_0__bp_cce_top.bp_cce.directory.wg_ram.data_i\[117\] 
    bbox = ( 1717.52, 2131.22 ) - ( 1717.62, 2131.43 ) on Layer metal4
  violation type: MetSpc
    srcs: multi_top.me.genblk1_0__bp_cce_top.bp_cce.directory.wg_ram.macro_mem1.mem/OBS multi_top.me.genblk1_0__bp_cce_top.bp_cce.directory.wg_ram.data_i\[117\] 
    bbox = ( 1717.4, 2131.08 ) - ( 1717.52, 2131.22 ) on Layer metal4
  violation type: MetSpc
    srcs: multi_top.me.genblk1_0__bp_cce_top.bp_cce.directory.wg_ram.macro_mem1.mem/OBS multi_top.me.genblk1_0__bp_cce_top.bp_cce.directory.wg_ram.data_i\[117\] 
    bbox = ( 1717.4, 2131.08 ) - ( 1717.52, 2131.36 ) on Layer metal4
  violation type: Short
    srcs: multi_top.me.genblk1_0__bp_cce_top.bp_cce.directory.wg_ram.macro_mem1.mem/OBS multi_top.me.genblk1_0__bp_cce_top.bp_cce.directory.wg_ram.data_i\[117\] 
    bbox = ( 1717.52, 2131.22 ) - ( 1717.62, 2131.36 ) on Layer metal4
  violation type: CutSpc
    srcs: clknet_11_683_0_clk_i 
    bbox = ( 499.38, 1241.07 ) - ( 499.45, 1241.13 ) on Layer metal2
  violation type: CutSpc
    srcs: clknet_11_683_0_clk_i 
    bbox = ( 500.52, 1241.07 ) - ( 500.59, 1241.13 ) on Layer metal2
  violation type: CutSpc
    srcs: _190289_ 
    bbox = ( 513.82, 1226.37 ) - ( 513.89, 1226.43 ) on Layer metal2
  violation type: CutSpc
    srcs: _190289_ 
    bbox = ( 514.58, 1226.37 ) - ( 514.65, 1226.43 ) on Layer metal2
  violation type: CutSpc
    srcs: clknet_11_686_0_clk_i 
    bbox = ( 528.64, 1285.16 ) - ( 528.71, 1285.23 ) on Layer metal2
  violation type: CutSpc
    srcs: clknet_11_686_0_clk_i 
    bbox = ( 530.35, 1285.16 ) - ( 530.42, 1285.23 ) on Layer metal2
  violation type: CutSpc
    srcs: clknet_11_556_0_clk_i 
    bbox = ( 544.41, 1005.87 ) - ( 544.48, 1005.93 ) on Layer metal2
  violation type: CutSpc
    srcs: clknet_11_556_0_clk_i 
    bbox = ( 543.65, 1005.87 ) - ( 543.72, 1005.93 ) on Layer metal2
  violation type: CutSpc
    srcs: _131986_ 
    bbox = ( 543.27, 1285.16 ) - ( 543.34, 1285.23 ) on Layer metal2
  violation type: CutSpc
    srcs: _145854_ 
    bbox = ( 572.91, 755.965 ) - ( 572.98, 756.035 ) on Layer metal2
  violation type: CutSpc
    srcs: _145854_ 
    bbox = ( 573.86, 755.965 ) - ( 573.93, 756.035 ) on Layer metal2
  violation type: CutSpc
    srcs: clknet_11_551_0_clk_i 
    bbox = ( 587.54, 961.765 ) - ( 587.61, 961.835 ) on Layer metal2
  violation type: CutSpc
    srcs: clknet_11_551_0_clk_i 
    bbox = ( 588.3, 961.765 ) - ( 588.37, 961.835 ) on Layer metal2
  violation type: CutSpc
    srcs: clknet_11_520_0_clk_i 
    bbox = ( 602.93, 858.865 ) - ( 603, 858.935 ) on Layer metal2
  violation type: CutSpc
    srcs: clknet_11_520_0_clk_i 
    bbox = ( 601.6, 858.865 ) - ( 601.67, 858.935 ) on Layer metal2
  violation type: CutSpc
    srcs: _115363_ 
    bbox = ( 617.56, 1005.87 ) - ( 617.63, 1005.93 ) on Layer metal2
  violation type: CutSpc
    srcs: _115363_ 
    bbox = ( 615.66, 1005.87 ) - ( 615.73, 1005.93 ) on Layer metal2
  violation type: CutSpc
    srcs: clknet_11_29_0_clk_i 
    bbox = ( 705.34, 594.265 ) - ( 705.41, 594.335 ) on Layer metal2
  violation type: CutSpc
    srcs: clknet_11_29_0_clk_i 
    bbox = ( 708.19, 594.265 ) - ( 708.26, 594.335 ) on Layer metal2
  violation type: CutSpc
    srcs: _128331_ 
    bbox = ( 718.07, 667.765 ) - ( 718.14, 667.835 ) on Layer metal2
  violation type: CutSpc
    srcs: clknet_11_543_0_clk_i 
    bbox = ( 719.4, 947.065 ) - ( 719.47, 947.135 ) on Layer metal2
  violation type: CutSpc
    srcs: clknet_11_543_0_clk_i 
    bbox = ( 720.35, 947.065 ) - ( 720.42, 947.135 ) on Layer metal2
  violation type: CutSpc
    srcs: _190454_ 
    bbox = ( 720.73, 1373.37 ) - ( 720.8, 1373.43 ) on Layer metal2
  violation type: CutSpc
    srcs: _190454_ 
    bbox = ( 720.22, 1373.37 ) - ( 720.29, 1373.43 ) on Layer metal3
  violation type: CutSpc
    srcs: _152825_ 
    bbox = ( 735.17, 550.165 ) - ( 735.24, 550.235 ) on Layer metal2
  violation type: CutSpc
    srcs: _152825_ 
    bbox = ( 734.22, 550.165 ) - ( 734.29, 550.235 ) on Layer metal2
  violation type: CutSpc
    srcs: clknet_11_763_0_clk_i 
    bbox = ( 748.28, 1549.77 ) - ( 748.35, 1549.84 ) on Layer metal2
  violation type: CutSpc
    srcs: clknet_11_21_0_clk_i 
    bbox = ( 764.43, 476.665 ) - ( 764.5, 476.735 ) on Layer metal2
  violation type: CutSpc
    srcs: clknet_11_21_0_clk_i 
    bbox = ( 763.67, 476.665 ) - ( 763.74, 476.735 ) on Layer metal2
  violation type: CutSpc
    srcs: clknet_11_23_0_clk_i 
    bbox = ( 763.67, 550.165 ) - ( 763.74, 550.235 ) on Layer metal2
  violation type: CutSpc
    srcs: _194042_ 
    bbox = ( 779.25, 520.765 ) - ( 779.32, 520.835 ) on Layer metal2
  violation type: CutSpc
    srcs: _194042_ 
    bbox = ( 778.49, 520.765 ) - ( 778.56, 520.835 ) on Layer metal2
  violation type: CutSpc
    srcs: clknet_11_933_0_clk_i 
    bbox = ( 841.95, 1446.87 ) - ( 842.02, 1446.93 ) on Layer metal2
  violation type: CutSpc
    srcs: clknet_11_234_0_clk_i 
    bbox = ( 864.18, 785.365 ) - ( 864.25, 785.435 ) on Layer metal2
  violation type: CutSpc
    srcs: _137449_ 
    bbox = ( 882.04, 329.665 ) - ( 882.11, 329.735 ) on Layer metal2
  violation type: CutSpc
    srcs: _137449_ 
    bbox = ( 880.71, 329.665 ) - ( 880.78, 329.735 ) on Layer metal2
  violation type: CutSpc
    srcs: _140444_ 
    bbox = ( 895.72, 461.965 ) - ( 895.79, 462.035 ) on Layer metal2
  violation type: CutSpc
    srcs: clknet_11_126_0_clk_i 
    bbox = ( 911.49, 594.265 ) - ( 911.56, 594.335 ) on Layer metal2
  violation type: CutSpc
    srcs: clknet_11_126_0_clk_i 
    bbox = ( 910.54, 594.265 ) - ( 910.61, 594.335 ) on Layer metal2
  violation type: CutSpc
    srcs: _140464_ 
    bbox = ( 927.07, 388.465 ) - ( 927.14, 388.535 ) on Layer metal2
  violation type: CutSpc
    srcs: clknet_11_920_0_clk_i 
    bbox = ( 926.12, 1432.16 ) - ( 926.19, 1432.23 ) on Layer metal2
  violation type: CutSpc
    srcs: clknet_11_920_0_clk_i 
    bbox = ( 925.55, 1432.16 ) - ( 925.62, 1432.23 ) on Layer metal2
  violation type: CutSpc
    srcs: _136240_ 
    bbox = ( 940.75, 270.865 ) - ( 940.82, 270.935 ) on Layer metal2
  violation type: CutSpc
    srcs: _136240_ 
    bbox = ( 940.86, 270.865 ) - ( 940.93, 270.935 ) on Layer metal3
  violation type: CutSpc
    srcs: _137977_ 
    bbox = ( 941.13, 476.665 ) - ( 941.2, 476.735 ) on Layer metal2
  violation type: CutSpc
    srcs: _137977_ 
    bbox = ( 939.8, 476.665 ) - ( 939.87, 476.735 ) on Layer metal2
  violation type: CutSpc
    srcs: clknet_11_239_0_clk_i 
    bbox = ( 940.94, 902.965 ) - ( 941.01, 903.035 ) on Layer metal2
  violation type: CutSpc
    srcs: clknet_11_239_0_clk_i 
    bbox = ( 940.56, 902.965 ) - ( 940.63, 903.035 ) on Layer metal2
  violation type: CutSpc
    srcs: clknet_11_597_0_clk_i 
    bbox = ( 940.94, 917.665 ) - ( 941.01, 917.735 ) on Layer metal2
  violation type: CutSpc
    srcs: clknet_11_597_0_clk_i 
    bbox = ( 940.56, 917.665 ) - ( 940.63, 917.735 ) on Layer metal2
  violation type: CutSpc
    srcs: clknet_11_815_0_clk_i 
    bbox = ( 941.51, 1299.87 ) - ( 941.58, 1299.93 ) on Layer metal2
  violation type: CutSpc
    srcs: _127352_ 
    bbox = ( 955.19, 1329.27 ) - ( 955.26, 1329.34 ) on Layer metal2
  violation type: CutSpc
    srcs: _127352_ 
    bbox = ( 956.14, 1329.27 ) - ( 956.21, 1329.34 ) on Layer metal2
  violation type: CutSpc
    srcs: _166301_ 
    bbox = ( 955.95, 1608.57 ) - ( 956.02, 1608.63 ) on Layer metal2
  violation type: CutSpc
    srcs: _166300_ 
    bbox = ( 954.05, 1637.96 ) - ( 954.12, 1638.04 ) on Layer metal2
  violation type: CutSpc
    srcs: _166300_ 
    bbox = ( 955.76, 1637.96 ) - ( 955.83, 1638.04 ) on Layer metal2
  violation type: CutSpc
    srcs: clknet_11_772_0_clk_i 
    bbox = ( 985.78, 961.765 ) - ( 985.85, 961.835 ) on Layer metal2
  violation type: CutSpc
    srcs: clknet_11_772_0_clk_i 
    bbox = ( 984.64, 961.765 ) - ( 984.71, 961.835 ) on Layer metal2
  violation type: MetSpc
    srcs: _131902_ _083515_ 
    bbox = ( 1014.22, 1035.19 ) - ( 1014.25, 1035.27 ) on Layer metal1
  violation type: CutSpc
    srcs: clknet_11_780_0_clk_i 
    bbox = ( 1026.63, 1020.57 ) - ( 1026.7, 1020.63 ) on Layer metal2
  violation type: CutSpc
    srcs: clknet_11_780_0_clk_i 
    bbox = ( 1029.29, 1020.57 ) - ( 1029.36, 1020.63 ) on Layer metal2
  violation type: CutSpc
    srcs: clknet_11_993_0_clk_i 
    bbox = ( 1028.34, 1682.07 ) - ( 1028.41, 1682.13 ) on Layer metal2
  violation type: CutSpc
    srcs: clknet_11_993_0_clk_i 
    bbox = ( 1029.1, 1682.07 ) - ( 1029.17, 1682.13 ) on Layer metal2
  violation type: CutSpc
    srcs: _153561_ 
    bbox = ( 1058.36, 388.465 ) - ( 1058.43, 388.535 ) on Layer metal2
  violation type: CutSpc
    srcs: clknet_11_788_0_clk_i 
    bbox = ( 1060.07, 1196.96 ) - ( 1060.14, 1197.04 ) on Layer metal2
  violation type: CutSpc
    srcs: clknet_11_386_0_clk_i 
    bbox = ( 1072.8, 726.565 ) - ( 1072.87, 726.635 ) on Layer metal2
  violation type: CutSpc
    srcs: clknet_11_386_0_clk_i 
    bbox = ( 1073.18, 726.565 ) - ( 1073.25, 726.635 ) on Layer metal2
  violation type: CutSpc
    srcs: _126575_ 
    bbox = ( 1068.62, 1682.07 ) - ( 1068.69, 1682.13 ) on Layer metal2
  violation type: CutSpc
    srcs: _153044_ 
    bbox = ( 1087.62, 476.665 ) - ( 1087.69, 476.735 ) on Layer metal2
  violation type: CutSpc
    srcs: _153044_ 
    bbox = ( 1087.86, 476.665 ) - ( 1087.93, 476.735 ) on Layer metal3
  violation type: CutSpc
    srcs: _131900_ 
    bbox = ( 1103.01, 1108.77 ) - ( 1103.08, 1108.84 ) on Layer metal2
  violation type: CutSpc
    srcs: _131900_ 
    bbox = ( 1099.4, 1108.77 ) - ( 1099.47, 1108.84 ) on Layer metal2
  violation type: CutSpc
    srcs: clknet_11_875_0_clk_i 
    bbox = ( 1101.3, 1196.96 ) - ( 1101.37, 1197.04 ) on Layer metal2
  violation type: CutSpc
    srcs: _153383_ 
    bbox = ( 1116.69, 300.265 ) - ( 1116.76, 300.335 ) on Layer metal2
  violation type: CutSpc
    srcs: _153383_ 
    bbox = ( 1117.64, 300.265 ) - ( 1117.71, 300.335 ) on Layer metal2
  violation type: CutSpc
    srcs: clknet_11_420_0_clk_i 
    bbox = ( 1117.45, 844.165 ) - ( 1117.52, 844.235 ) on Layer metal2
  violation type: CutSpc
    srcs: clknet_11_420_0_clk_i 
    bbox = ( 1116.12, 844.165 ) - ( 1116.19, 844.235 ) on Layer metal2
  violation type: CutSpc
    srcs: clknet_11_422_0_clk_i 
    bbox = ( 1115.36, 902.965 ) - ( 1115.43, 903.035 ) on Layer metal2
  violation type: CutSpc
    srcs: clknet_11_422_0_clk_i 
    bbox = ( 1117.26, 902.965 ) - ( 1117.33, 903.035 ) on Layer metal2
  violation type: CutSpc
    srcs: clknet_11_293_0_clk_i 
    bbox = ( 1132.46, 535.465 ) - ( 1132.53, 535.535 ) on Layer metal2
  violation type: CutSpc
    srcs: clknet_11_293_0_clk_i 
    bbox = ( 1131.13, 535.465 ) - ( 1131.2, 535.535 ) on Layer metal2
  violation type: CutSpc
    srcs: clknet_11_389_0_clk_i 
    bbox = ( 1132.46, 667.765 ) - ( 1132.53, 667.835 ) on Layer metal2
  violation type: MetSpc
    srcs: _132727_ _081294_ 
    bbox = ( 1131.83, 1270.39 ) - ( 1131.86, 1270.46 ) on Layer metal1
  violation type: CutSpc
    srcs: _152304_ 
    bbox = ( 1162.48, 300.265 ) - ( 1162.55, 300.335 ) on Layer metal2
  violation type: CutSpc
    srcs: _152304_ 
    bbox = ( 1160.94, 300.265 ) - ( 1161.01, 300.335 ) on Layer metal3
  violation type: CutSpc
    srcs: _155249_ 
    bbox = ( 1160.96, 476.665 ) - ( 1161.03, 476.735 ) on Layer metal2
  violation type: CutSpc
    srcs: _155249_ 
    bbox = ( 1161.5, 476.665 ) - ( 1161.57, 476.735 ) on Layer metal3
  violation type: CutSpc
    srcs: clknet_11_442_0_clk_i 
    bbox = ( 1163.05, 976.465 ) - ( 1163.12, 976.535 ) on Layer metal2
  violation type: CutSpc
    srcs: _131161_ 
    bbox = ( 1160.39, 1108.77 ) - ( 1160.46, 1108.84 ) on Layer metal2
  violation type: CutSpc
    srcs: _131161_ 
    bbox = ( 1161.34, 1108.77 ) - ( 1161.41, 1108.84 ) on Layer metal2
  violation type: CutSpc
    srcs: _186616_ 
    bbox = ( 1152.92, 2028.6 ) - ( 1153.07, 2028.74 ) on Layer metal4
  violation type: CutSpc
    srcs: _158170_ 
    bbox = ( 1191.36, 1843.77 ) - ( 1191.43, 1843.84 ) on Layer metal2
  violation type: CutSpc
    srcs: clknet_11_1670_0_clk_i 
    bbox = ( 1205.42, 1843.77 ) - ( 1205.49, 1843.84 ) on Layer metal2
  violation type: CutSpc
    srcs: clknet_11_1670_0_clk_i 
    bbox = ( 1203.33, 1843.77 ) - ( 1203.4, 1843.84 ) on Layer metal2
  violation type: CutSpc
    srcs: clknet_11_1554_0_clk_i 
    bbox = ( 1234.87, 1490.96 ) - ( 1234.94, 1491.04 ) on Layer metal2
  violation type: CutSpc
    srcs: clknet_11_1554_0_clk_i 
    bbox = ( 1234.3, 1490.96 ) - ( 1234.37, 1491.04 ) on Layer metal2
  violation type: CutSpc
    srcs: clknet_11_1586_0_clk_i 
    bbox = ( 1264.7, 1696.77 ) - ( 1264.77, 1696.84 ) on Layer metal2
  violation type: CutSpc
    srcs: clknet_11_1586_0_clk_i 
    bbox = ( 1263.75, 1696.77 ) - ( 1263.82, 1696.84 ) on Layer metal2
  violation type: CutSpc
    srcs: clknet_11_1669_0_clk_i 
    bbox = ( 1265.46, 1814.37 ) - ( 1265.53, 1814.43 ) on Layer metal2
  violation type: CutSpc
    srcs: clknet_11_1669_0_clk_i 
    bbox = ( 1263.37, 1814.37 ) - ( 1263.44, 1814.43 ) on Layer metal2
  violation type: CutSpc
    srcs: _158293_ 
    bbox = ( 1263.37, 1887.87 ) - ( 1263.44, 1887.93 ) on Layer metal2
  violation type: CutSpc
    srcs: _139835_ 
    bbox = ( 1293.2, 638.365 ) - ( 1293.27, 638.435 ) on Layer metal2
  violation type: CutSpc
    srcs: _139835_ 
    bbox = ( 1293.66, 638.365 ) - ( 1293.73, 638.435 ) on Layer metal3
  violation type: CutSpc
    srcs: _131349_ 
    bbox = ( 1293.58, 1388.07 ) - ( 1293.65, 1388.13 ) on Layer metal2
  violation type: CutSpc
    srcs: _131349_ 
    bbox = ( 1289.59, 1388.07 ) - ( 1289.66, 1388.13 ) on Layer metal2
  violation type: CutSpc
    srcs: _126781_ 
    bbox = ( 1306.31, 1579.16 ) - ( 1306.38, 1579.23 ) on Layer metal2
  violation type: CutSpc
    srcs: _126781_ 
    bbox = ( 1308.4, 1579.16 ) - ( 1308.47, 1579.23 ) on Layer metal2
  violation type: CutSpc
    srcs: _158320_ 
    bbox = ( 1308.59, 1652.66 ) - ( 1308.66, 1652.73 ) on Layer metal2
  violation type: CutSpc
    srcs: _158320_ 
    bbox = ( 1307.83, 1652.66 ) - ( 1307.9, 1652.73 ) on Layer metal2
  violation type: CutSpc
    srcs: clknet_11_1714_0_clk_i 
    bbox = ( 1308.78, 1990.77 ) - ( 1308.85, 1990.84 ) on Layer metal2
  violation type: CutSpc
    srcs: clknet_11_1714_0_clk_i 
    bbox = ( 1307.64, 1990.77 ) - ( 1307.71, 1990.84 ) on Layer metal2
  violation type: CutSpc
    srcs: _112017_ 
    bbox = ( 1367.11, 1152.87 ) - ( 1367.18, 1152.93 ) on Layer metal2
  violation type: CutSpc
    srcs: _112017_ 
    bbox = ( 1364.64, 1152.87 ) - ( 1364.71, 1152.93 ) on Layer metal2
  violation type: CutSpc
    srcs: clknet_11_1081_0_clk_i 
    bbox = ( 1366.92, 1226.37 ) - ( 1366.99, 1226.43 ) on Layer metal2
  violation type: CutSpc
    srcs: clknet_11_1081_0_clk_i 
    bbox = ( 1369.58, 1226.37 ) - ( 1369.65, 1226.43 ) on Layer metal2
  violation type: CutSpc
    srcs: clknet_11_1036_0_clk_i 
    bbox = ( 1381.93, 1138.16 ) - ( 1382, 1138.23 ) on Layer metal2
  violation type: CutSpc
    srcs: clknet_11_1036_0_clk_i 
    bbox = ( 1380.41, 1138.16 ) - ( 1380.48, 1138.23 ) on Layer metal2
  violation type: CutSpc
    srcs: clknet_11_1030_0_clk_i 
    bbox = ( 1397.13, 1123.46 ) - ( 1397.2, 1123.54 ) on Layer metal2
  violation type: CutSpc
    srcs: clknet_11_377_0_clk_i 
    bbox = ( 1410.81, 447.265 ) - ( 1410.88, 447.335 ) on Layer metal2
  violation type: CutSpc
    srcs: _194138_ 
    bbox = ( 1411, 2020.16 ) - ( 1411.07, 2020.23 ) on Layer metal2
  violation type: CutSpc
    srcs: _194138_ 
    bbox = ( 1411.26, 2020.16 ) - ( 1411.33, 2020.23 ) on Layer metal3
  violation type: CutSpc
    srcs: _136988_ 
    bbox = ( 1426.01, 535.465 ) - ( 1426.08, 535.535 ) on Layer metal2
  violation type: CutSpc
    srcs: _136988_ 
    bbox = ( 1425.06, 535.465 ) - ( 1425.13, 535.535 ) on Layer metal2
  violation type: CutSpc
    srcs: _179585_ 
    bbox = ( 1417.53, 778.96 ) - ( 1417.66, 779.1 ) on Layer metal4
  violation type: CutSpc
    srcs: _181663_ 
    bbox = ( 1440.9, 623.7 ) - ( 1441.05, 623.84 ) on Layer metal4
  violation type: CutSpc
    srcs: clknet_11_1129_0_clk_i 
    bbox = ( 1454.7, 1402.77 ) - ( 1454.77, 1402.84 ) on Layer metal2
  violation type: CutSpc
    srcs: clknet_11_1129_0_clk_i 
    bbox = ( 1456.6, 1402.77 ) - ( 1456.67, 1402.84 ) on Layer metal2
  violation type: CutSpc
    srcs: clknet_11_1765_0_clk_i 
    bbox = ( 1454.7, 1990.77 ) - ( 1454.77, 1990.84 ) on Layer metal2
  violation type: CutSpc
    srcs: _134991_ 
    bbox = ( 1470.09, 197.365 ) - ( 1470.16, 197.435 ) on Layer metal2
  violation type: CutSpc
    srcs: _134991_ 
    bbox = ( 1469.33, 197.365 ) - ( 1469.4, 197.435 ) on Layer metal2
  violation type: CutSpc
    srcs: clknet_11_1136_0_clk_i 
    bbox = ( 1470.09, 1196.96 ) - ( 1470.16, 1197.04 ) on Layer metal2
  violation type: CutSpc
    srcs: clknet_11_1136_0_clk_i 
    bbox = ( 1469.78, 1196.96 ) - ( 1469.85, 1197.04 ) on Layer metal3
  violation type: CutSpc
    srcs: _166079_ 
    bbox = ( 1469.71, 1535.07 ) - ( 1469.78, 1535.13 ) on Layer metal2
  violation type: CutSpc
    srcs: _166079_ 
    bbox = ( 1470.28, 1535.07 ) - ( 1470.35, 1535.13 ) on Layer metal2
  violation type: CutSpc
    srcs: _092505_ 
    bbox = ( 1485.29, 506.065 ) - ( 1485.36, 506.135 ) on Layer metal2
  violation type: CutSpc
    srcs: _092505_ 
    bbox = ( 1484.15, 506.065 ) - ( 1484.22, 506.135 ) on Layer metal2
  violation type: MetSpc
    srcs: multi_top.rof1_0__core.be.be_mmu.dcache.tag_mem.macro_mem.mem/OBS multi_top.rof1_0__core.be.be_mmu.dcache.tag_mem.data_o\[66\] 
    bbox = ( 1484.22, 2113.65 ) - ( 1484.28, 2113.79 ) on Layer metal2
  violation type: MetSpc
    srcs: multi_top.rof1_0__core.be.be_mmu.dcache.tag_mem.macro_mem.mem/OBS multi_top.rof1_0__core.be.be_mmu.dcache.tag_mem.data_o\[66\] 
    bbox = ( 1484.22, 2113.68 ) - ( 1484.28, 2113.76 ) on Layer metal2
  violation type: Short
    srcs: multi_top.rof1_0__core.be.be_mmu.dcache.tag_mem.macro_mem.mem/OBS multi_top.rof1_0__core.be.be_mmu.dcache.tag_mem.data_o\[74\] 
    bbox = ( 1484.35, 2115.93 ) - ( 1484.35, 2116.07 ) on Layer metal3
  violation type: Short
    srcs: multi_top.rof1_0__core.be.be_mmu.dcache.tag_mem.macro_mem.mem/OBS multi_top.rof1_0__core.be.be_mmu.dcache.tag_mem.data_o\[74\] 
    bbox = ( 1484.28, 2115.99 ) - ( 1484.35, 2116.07 ) on Layer metal3
  violation type: Short
    srcs: multi_top.rof1_0__core.be.be_mmu.dcache.tag_mem.macro_mem.mem/OBS multi_top.rof1_0__core.be.be_mmu.dcache.tag_mem.data_o\[74\] 
    bbox = ( 1484.35, 2115.99 ) - ( 1484.35, 2116.07 ) on Layer metal3
  violation type: Short
    srcs: multi_top.rof1_0__core.be.be_mmu.dcache.tag_mem.macro_mem.mem/OBS multi_top.rof1_0__core.be.be_mmu.dcache.tag_mem.data_o\[65\] 
    bbox = ( 1484.35, 2113.47 ) - ( 1484.35, 2113.55 ) on Layer metal3
  violation type: Short
    srcs: multi_top.rof1_0__core.be.be_mmu.dcache.tag_mem.macro_mem.mem/OBS multi_top.rof1_0__core.be.be_mmu.dcache.tag_mem.data_o\[65\] 
    bbox = ( 1484.35, 2113.41 ) - ( 1484.35, 2113.55 ) on Layer metal3
  violation type: Short
    srcs: multi_top.rof1_0__core.be.be_mmu.dcache.tag_mem.macro_mem.mem/OBS multi_top.rof1_0__core.be.be_mmu.dcache.tag_mem.data_o\[65\] 
    bbox = ( 1484.28, 2113.47 ) - ( 1484.35, 2113.55 ) on Layer metal3
  violation type: Short
    srcs: multi_top.rof1_0__core.be.be_mmu.dcache.tag_mem.data_o\[66\] multi_top.rof1_0__core.be.be_mmu.dcache.tag_mem.data_o\[67\] 
    bbox = ( 1484.06, 2113.97 ) - ( 1484.07, 2113.97 ) on Layer metal3
  violation type: CutSpc
    srcs: _185802_ 
    bbox = ( 1514.36, 711.865 ) - ( 1514.43, 711.935 ) on Layer metal2
  violation type: CutSpc
    srcs: _185802_ 
    bbox = ( 1514.02, 711.865 ) - ( 1514.09, 711.935 ) on Layer metal3
  violation type: CutSpc
    srcs: clknet_11_1659_0_clk_i 
    bbox = ( 1514.74, 1755.57 ) - ( 1514.81, 1755.63 ) on Layer metal2
  violation type: CutSpc
    srcs: _142999_ 
    bbox = ( 1505.72, 2175.32 ) - ( 1505.87, 2175.46 ) on Layer metal4
  violation type: CutSpc
    srcs: _110543_ 
    bbox = ( 1544.19, 1858.46 ) - ( 1544.26, 1858.54 ) on Layer metal2
  violation type: CutSpc
    srcs: _097928_ 
    bbox = ( 1556.55, 226.66 ) - ( 1556.68, 226.8 ) on Layer metal5
  violation type: CutSpc
    srcs: _196101_ 
    bbox = ( 1587.51, 226.765 ) - ( 1587.58, 226.835 ) on Layer metal2
  violation type: CutSpc
    srcs: _196101_ 
    bbox = ( 1588.22, 226.765 ) - ( 1588.29, 226.835 ) on Layer metal3
  violation type: CutSpc
    srcs: _137716_ 
    bbox = ( 1587.32, 697.165 ) - ( 1587.39, 697.235 ) on Layer metal2
  violation type: CutSpc
    srcs: _137716_ 
    bbox = ( 1588.08, 697.165 ) - ( 1588.15, 697.235 ) on Layer metal2
  violation type: CutSpc
    srcs: _195723_ 
    bbox = ( 1603.47, 167.965 ) - ( 1603.54, 168.035 ) on Layer metal2
  violation type: CutSpc
    srcs: _194861_ 
    bbox = ( 1602.52, 285.565 ) - ( 1602.59, 285.635 ) on Layer metal2
  violation type: CutSpc
    srcs: _194861_ 
    bbox = ( 1601.76, 285.565 ) - ( 1601.83, 285.635 ) on Layer metal2
  violation type: CutSpc
    srcs: clknet_11_1416_0_clk_i 
    bbox = ( 1602.9, 785.365 ) - ( 1602.97, 785.435 ) on Layer metal2
  violation type: CutSpc
    srcs: clknet_11_1416_0_clk_i 
    bbox = ( 1601.76, 785.365 ) - ( 1601.83, 785.435 ) on Layer metal2
  violation type: CutSpc
    srcs: clknet_11_1199_0_clk_i 
    bbox = ( 1602.33, 1432.16 ) - ( 1602.4, 1432.23 ) on Layer metal2
  violation type: CutSpc
    srcs: clknet_11_1199_0_clk_i 
    bbox = ( 1601.76, 1432.16 ) - ( 1601.83, 1432.23 ) on Layer metal2
  violation type: CutSpc
    srcs: _161835_ 
    bbox = ( 1602.33, 1579.16 ) - ( 1602.4, 1579.23 ) on Layer metal2
  violation type: CutSpc
    srcs: _161835_ 
    bbox = ( 1601, 1579.16 ) - ( 1601.07, 1579.23 ) on Layer metal2
  violation type: CutSpc
    srcs: _158149_ 
    bbox = ( 1617.72, 1784.96 ) - ( 1617.79, 1785.04 ) on Layer metal2
  violation type: CutSpc
    srcs: _123568_ 
    bbox = ( 1628.55, 1123.46 ) - ( 1628.62, 1123.54 ) on Layer metal2
  violation type: Short
    srcs: multi_top.rof1_0__core.be.be_mmu.dcache.data_mem_6__data_mem.data_o\[5\] multi_top.rof1_0__core.fe.icache_1.data_mem_banks_5__data_mem_bank.data_i\[53\] 
    bbox = ( 1638.31, 337.96 ) - ( 1638.44, 338.1 ) on Layer metal6
  violation type: Short
    srcs: multi_top.rof1_0__core.be.be_mmu.dcache.data_mem_6__data_mem.data_o\[5\] multi_top.rof1_0__core.fe.icache_1.data_mem_banks_5__data_mem_bank.data_i\[53\] 
    bbox = ( 1637.74, 337.96 ) - ( 1637.88, 338.1 ) on Layer metal6
  violation type: Short
    srcs: multi_top.rof1_0__core.be.be_mmu.dcache.data_mem_6__data_mem.data_o\[5\] multi_top.rof1_0__core.fe.icache_1.data_mem_banks_5__data_mem_bank.data_i\[53\] 
    bbox = ( 1637.74, 337.96 ) - ( 1638.44, 338.1 ) on Layer metal6
  violation type: CutSpc
    srcs: clknet_11_1838_0_clk_i 
    bbox = ( 1646.98, 1711.46 ) - ( 1647.05, 1711.54 ) on Layer metal2
  violation type: CutSpc
    srcs: _098398_ 
    bbox = ( 1652.72, 281.4 ) - ( 1652.87, 281.54 ) on Layer metal4
  violation type: CutSpc
    srcs: clknet_11_1923_0_clk_i 
    bbox = ( 1663.32, 1799.66 ) - ( 1663.39, 1799.73 ) on Layer metal2
  violation type: CutSpc
    srcs: _131640_ 
    bbox = ( 1676.43, 1343.96 ) - ( 1676.5, 1344.04 ) on Layer metal2
  violation type: CutSpc
    srcs: _131640_ 
    bbox = ( 1675.67, 1343.96 ) - ( 1675.74, 1344.04 ) on Layer metal2
  violation type: CutSpc
    srcs: clknet_11_1933_0_clk_i 
    bbox = ( 1676.81, 1843.77 ) - ( 1676.88, 1843.84 ) on Layer metal2
  violation type: CutSpc
    srcs: _075166_ 
    bbox = ( 1675.67, 2152.47 ) - ( 1675.74, 2152.53 ) on Layer metal2
  violation type: CutSpc
    srcs: _075166_ 
    bbox = ( 1675.86, 2152.47 ) - ( 1675.93, 2152.53 ) on Layer metal3
  violation type: CutSpc
    srcs: _105961_ 
    bbox = ( 1682.12, 249.2 ) - ( 1682.27, 249.34 ) on Layer metal5
  violation type: CutSpc
    srcs: _139806_ 
    bbox = ( 1693.91, 741.265 ) - ( 1693.98, 741.335 ) on Layer metal2
  violation type: CutSpc
    srcs: _123865_ 
    bbox = ( 1690.49, 1035.27 ) - ( 1690.56, 1035.34 ) on Layer metal2
  violation type: CutSpc
    srcs: _123865_ 
    bbox = ( 1688.4, 1035.27 ) - ( 1688.47, 1035.34 ) on Layer metal2
  violation type: CutSpc
    srcs: _126959_ 
    bbox = ( 1690.49, 1402.77 ) - ( 1690.56, 1402.84 ) on Layer metal2
  violation type: CutSpc
    srcs: _126959_ 
    bbox = ( 1689.35, 1402.77 ) - ( 1689.42, 1402.84 ) on Layer metal2
  violation type: CutSpc
    srcs: _124710_ 
    bbox = ( 1704.7, 1049.96 ) - ( 1704.77, 1050.04 ) on Layer metal3
  violation type: CutSpc
    srcs: _131640_ 
    bbox = ( 1704.55, 1343.96 ) - ( 1704.62, 1344.04 ) on Layer metal2
  violation type: CutSpc
    srcs: _131640_ 
    bbox = ( 1706.07, 1343.96 ) - ( 1706.14, 1344.04 ) on Layer metal2
  violation type: CShort
    srcs: _185585_ 
    bbox = ( 1719.18, 594.265 ) - ( 1719.25, 594.265 ) on Layer metal2
  violation type: CutSpc
    srcs: _119427_ 
    bbox = ( 1720.7, 917.665 ) - ( 1720.77, 917.735 ) on Layer metal2
  violation type: Short
    srcs: multi_top.me.genblk1_0__bp_cce_top.bp_cce.directory.wg_ram.macro_mem1.mem/OBS multi_top.me.genblk1_0__bp_cce_top.bp_cce.directory.wg_ram.macro_mem1.data_o\[47\] 
    bbox = ( 1717.59, 2108.3 ) - ( 1717.59, 2108.36 ) on Layer metal3
  violation type: Short
    srcs: multi_top.me.genblk1_0__bp_cce_top.bp_cce.directory.wg_ram.macro_mem1.mem/OBS multi_top.me.genblk1_0__bp_cce_top.bp_cce.directory.wg_ram.macro_mem1.data_o\[47\] 
    bbox = ( 1717.59, 2108.3 ) - ( 1717.59, 2108.43 ) on Layer metal3
  violation type: Short
    srcs: multi_top.me.genblk1_0__bp_cce_top.bp_cce.directory.wg_ram.macro_mem1.mem/OBS multi_top.me.genblk1_0__bp_cce_top.bp_cce.directory.wg_ram.macro_mem1.data_o\[84\] 
    bbox = ( 1717.59, 2118.72 ) - ( 1717.62, 2118.8 ) on Layer metal3
  violation type: Short
    srcs: multi_top.me.genblk1_0__bp_cce_top.bp_cce.directory.wg_ram.macro_mem1.mem/OBS multi_top.me.genblk1_0__bp_cce_top.bp_cce.directory.wg_ram.macro_mem1.data_o\[47\] 
    bbox = ( 1717.52, 2108.3 ) - ( 1717.59, 2108.36 ) on Layer metal3
  violation type: Short
    srcs: multi_top.me.genblk1_0__bp_cce_top.bp_cce.directory.wg_ram.macro_mem1.mem/OBS multi_top.me.genblk1_0__bp_cce_top.bp_cce.directory.wg_ram.macro_mem1.data_o\[84\] 
    bbox = ( 1717.52, 2118.72 ) - ( 1717.62, 2118.72 ) on Layer metal3
  violation type: Short
    srcs: multi_top.me.genblk1_0__bp_cce_top.bp_cce.directory.wg_ram.macro_mem1.mem/OBS multi_top.me.genblk1_0__bp_cce_top.bp_cce.directory.wg_ram.macro_mem1.data_o\[84\] 
    bbox = ( 1717.52, 2118.8 ) - ( 1717.62, 2118.8 ) on Layer metal3
  violation type: Short
    srcs: multi_top.me.genblk1_0__bp_cce_top.bp_cce.directory.wg_ram.macro_mem1.data_o\[48\] multi_top.me.genblk1_0__bp_cce_top.bp_cce.directory.wg_ram.macro_mem1.data_o\[49\] 
    bbox = ( 1717.3, 2108.93 ) - ( 1717.37, 2108.93 ) on Layer metal3
  violation type: Short
    srcs: multi_top.me.genblk1_0__bp_cce_top.bp_cce.directory.wg_ram.macro_mem1.mem/OBS multi_top.me.genblk1_0__bp_cce_top.bp_cce.directory.wg_ram.macro_mem1.data_o\[84\] 
    bbox = ( 1717.52, 2118.69 ) - ( 1717.62, 2118.9 ) on Layer metal4
  violation type: Short
    srcs: multi_top.me.genblk1_0__bp_cce_top.bp_cce.directory.wg_ram.macro_mem1.mem/OBS multi_top.me.genblk1_0__bp_cce_top.bp_cce.directory.wg_ram.macro_mem1.data_o\[84\] 
    bbox = ( 1717.52, 2118.76 ) - ( 1717.62, 2118.9 ) on Layer metal4
  violation type: CutSpc
    srcs: _106680_ 
    bbox = ( 1748.82, 109.165 ) - ( 1748.89, 109.235 ) on Layer metal2
  violation type: CutSpc
    srcs: _195282_ 
    bbox = ( 1750.06, 256.165 ) - ( 1750.13, 256.235 ) on Layer metal3
  violation type: Short
    srcs: _166855_ _168459_ 
    bbox = ( 1741.03, 1455.34 ) - ( 1741.1, 1455.4 ) on Layer metal3
  violation type: CutSpc
    srcs: _111342_ 
    bbox = ( 1763.5, 1314.57 ) - ( 1763.57, 1314.63 ) on Layer metal3
  violation type: CutSpc
    srcs: _109611_ 
    bbox = ( 1778.65, 50.365 ) - ( 1778.72, 50.435 ) on Layer metal2
  violation type: CutSpc
    srcs: _109611_ 
    bbox = ( 1779.98, 50.365 ) - ( 1780.05, 50.435 ) on Layer metal2
  violation type: CutSpc
    srcs: _091640_ 
    bbox = ( 1778.27, 1608.57 ) - ( 1778.34, 1608.63 ) on Layer metal2
  violation type: CutSpc
    srcs: clknet_11_1841_0_clk_i 
    bbox = ( 1778.27, 1637.96 ) - ( 1778.34, 1638.04 ) on Layer metal2
  violation type: CutSpc
    srcs: _116377_ 
    bbox = ( 1779.03, 1917.27 ) - ( 1779.1, 1917.34 ) on Layer metal2
  violation type: CutSpc
    srcs: _139865_ 
    bbox = ( 1808.1, 755.965 ) - ( 1808.17, 756.035 ) on Layer metal2
  violation type: CutSpc
    srcs: _139865_ 
    bbox = ( 1806.77, 755.965 ) - ( 1806.84, 756.035 ) on Layer metal2
  violation type: CutSpc
    srcs: _116662_ 
    bbox = ( 1808.86, 1858.46 ) - ( 1808.93, 1858.54 ) on Layer metal3
  violation type: CutSpc
    srcs: _135704_ 
    bbox = ( 1820.64, 608.965 ) - ( 1820.71, 609.035 ) on Layer metal2
  violation type: CutSpc
    srcs: _135704_ 
    bbox = ( 1823.49, 608.965 ) - ( 1823.56, 609.035 ) on Layer metal2
  violation type: CutSpc
    srcs: clknet_11_1509_0_clk_i 
    bbox = ( 1821.21, 947.065 ) - ( 1821.28, 947.135 ) on Layer metal2
  violation type: CutSpc
    srcs: clknet_11_1509_0_clk_i 
    bbox = ( 1822.86, 947.065 ) - ( 1822.93, 947.135 ) on Layer metal3
  violation type: CutSpc
    srcs: clknet_11_1243_0_clk_i 
    bbox = ( 1822.73, 1255.77 ) - ( 1822.8, 1255.84 ) on Layer metal2
  violation type: CutSpc
    srcs: clknet_11_1243_0_clk_i 
    bbox = ( 1823.3, 1255.77 ) - ( 1823.37, 1255.84 ) on Layer metal2
  violation type: CutSpc
    srcs: clknet_11_2043_0_clk_i 
    bbox = ( 1818.93, 2137.76 ) - ( 1819, 2137.84 ) on Layer metal2
  violation type: CutSpc
    srcs: _147453_ 
    bbox = ( 1867, 226.765 ) - ( 1867.07, 226.835 ) on Layer metal2
  violation type: CutSpc
    srcs: _147453_ 
    bbox = ( 1865.29, 226.765 ) - ( 1865.36, 226.835 ) on Layer metal2
  violation type: CutSpc
    srcs: _134069_ 
    bbox = ( 1867.95, 653.065 ) - ( 1868.02, 653.135 ) on Layer metal2
  violation type: CutSpc
    srcs: _134069_ 
    bbox = ( 1866.43, 653.065 ) - ( 1866.5, 653.135 ) on Layer metal2
  violation type: CutSpc
    srcs: _148221_ 
    bbox = ( 1866.81, 1917.27 ) - ( 1866.88, 1917.34 ) on Layer metal2
  violation type: CutSpc
    srcs: _148221_ 
    bbox = ( 1867.38, 1917.27 ) - ( 1867.45, 1917.34 ) on Layer metal2
  violation type: CutSpc
    srcs: _147207_ 
    bbox = ( 1882.96, 123.865 ) - ( 1883.03, 123.935 ) on Layer metal2
  violation type: CutSpc
    srcs: _135791_ 
    bbox = ( 1881.63, 726.565 ) - ( 1881.7, 726.635 ) on Layer metal2
  violation type: CutSpc
    srcs: _135791_ 
    bbox = ( 1881.06, 726.565 ) - ( 1881.13, 726.635 ) on Layer metal2
  violation type: CutSpc
    srcs: _170175_ 
    bbox = ( 1881.63, 947.065 ) - ( 1881.7, 947.135 ) on Layer metal2
  violation type: CutSpc
    srcs: _170175_ 
    bbox = ( 1880.3, 947.065 ) - ( 1880.37, 947.135 ) on Layer metal2
  violation type: CutSpc
    srcs: _147500_ 
    bbox = ( 1894.55, 461.965 ) - ( 1894.62, 462.035 ) on Layer metal2
  violation type: CutSpc
    srcs: _147500_ 
    bbox = ( 1896.45, 461.965 ) - ( 1896.52, 462.035 ) on Layer metal2
  violation type: CutSpc
    srcs: _177140_ 
    bbox = ( 1897.02, 1667.37 ) - ( 1897.09, 1667.43 ) on Layer metal2
  violation type: CutSpc
    srcs: _177140_ 
    bbox = ( 1896.22, 1667.37 ) - ( 1896.29, 1667.43 ) on Layer metal3
  violation type: CutSpc
    srcs: _148803_ 
    bbox = ( 1897.4, 1917.27 ) - ( 1897.47, 1917.34 ) on Layer metal2
  violation type: CutSpc
    srcs: clknet_11_1503_0_clk_i 
    bbox = ( 1914.31, 902.965 ) - ( 1914.38, 903.035 ) on Layer metal2
  violation type: Short
    srcs: multi_top.rof1_0__core.fe.bp_fe_pc_gen_1.genblk1_branch_prediction_1.btb_1.btb_mem.macro_mem.mem/OBS multi_top.rof1_0__core.fe.bp_fe_cmd_v_i 
    bbox = ( 1974.07, 2019.88 ) - ( 1974.07, 2020.03 ) on Layer metal3
  violation type: Short
    srcs: multi_top.rof1_0__core.fe.bp_fe_pc_gen_1.genblk1_branch_prediction_1.btb_1.btb_mem.macro_mem.mem/OBS multi_top.rof1_0__core.fe.bp_fe_cmd_v_i 
    bbox = ( 1974.07, 2019.95 ) - ( 1974.07, 2020.03 ) on Layer metal3
  violation type: Short
    srcs: multi_top.rof1_0__core.fe.bp_fe_pc_gen_1.genblk1_branch_prediction_1.btb_1.btb_mem.macro_mem.mem/OBS multi_top.rof1_0__core.fe.bp_fe_cmd_v_i 
    bbox = ( 1974, 2019.95 ) - ( 1974.07, 2020.03 ) on Layer metal3
  violation type: CutSpc
    srcs: _192706_ 
    bbox = ( 1986.7, 1696.77 ) - ( 1986.77, 1696.84 ) on Layer metal2
  violation type: CutSpc
    srcs: _192706_ 
    bbox = ( 1984.42, 1696.77 ) - ( 1984.49, 1696.84 ) on Layer metal3
  violation type: CutSpc
    srcs: clknet_11_1912_0_clk_i 
    bbox = ( 2042.56, 1740.87 ) - ( 2042.63, 1740.93 ) on Layer metal2
  violation type: CutSpc
    srcs: _192679_ 
    bbox = ( 2102.79, 1784.96 ) - ( 2102.86, 1785.04 ) on Layer metal2
  violation type: CutSpc
    srcs: _192679_ 
    bbox = ( 2100.89, 1784.96 ) - ( 2100.96, 1785.04 ) on Layer metal2
  violation type: CutSpc
    srcs: _172890_ 
    bbox = ( 2117.42, 1520.37 ) - ( 2117.49, 1520.43 ) on Layer metal2
  violation type: CutSpc
    srcs: _192772_ 
    bbox = ( 2132.43, 1726.16 ) - ( 2132.5, 1726.23 ) on Layer metal2
  violation type: CutSpc
    srcs: _173117_ 
    bbox = ( 2159.22, 1476.27 ) - ( 2159.29, 1476.34 ) on Layer metal2
