
==========================================================================
report_checks
--------------------------------------------------------------------------
Startpoint: _136775_ (rising edge-triggered flip-flop clocked by clock)
Endpoint: _134517_ (rising edge-triggered flip-flop clocked by clock)
Path Group: clock
Path Type: max

  Delay    Time   Description
---------------------------------------------------------
   0.00    0.00   clock clock (rise edge)
   0.00    0.00   clock network delay (ideal)
   0.00    0.00 ^ _136775_/CK (DFF_X1)
   0.08    0.08 ^ _136775_/Q (DFF_X1)
   0.18    0.26 ^ _127379_/Z (BUF_X1)
   0.00    0.26 v _098337_/ZN (INV_X32)
   0.05    0.30 ^ _098338_/ZN (OAI22_X2)
   0.02    0.32 v _098339_/ZN (AOI211_X2)
   0.03    0.35 v _098340_/ZN (AND2_X2)
   0.01    0.36 ^ _098341_/ZN (INV_X2)
   0.01    0.37 v _098347_/ZN (NOR2_X2)
   0.06    0.43 v _098356_/ZN (OR3_X4)
   0.03    0.46 ^ _098368_/ZN (OAI211_X4)
   0.02    0.48 v _098387_/ZN (AOI21_X2)
   0.03    0.51 ^ _098417_/ZN (NOR2_X2)
   0.02    0.53 v _098418_/ZN (OAI21_X2)
   0.03    0.57 ^ _098423_/ZN (AOI211_X2)
   0.01    0.58 v _098424_/ZN (INV_X1)
   0.08    0.66 ^ _098430_/ZN (AOI211_X2)
   0.03    0.68 v _098441_/ZN (NOR2_X4)
   0.04    0.72 ^ _098586_/ZN (NOR3_X2)
   0.02    0.74 v _098594_/ZN (AOI21_X2)
   0.02    0.76 ^ _098595_/ZN (INV_X2)
   0.01    0.77 v _098599_/ZN (NOR2_X4)
   0.04    0.81 v _100393_/ZN (XNOR2_X1)
   0.09    0.90 ^ _100394_/ZN (AOI221_X1)
   0.02    0.92 v _100395_/ZN (NAND2_X2)
   0.04    0.95 ^ _100401_/ZN (NOR4_X2)
   0.02    0.97 v _100408_/ZN (NAND2_X1)
   0.03    1.00 ^ _100411_/ZN (NOR2_X1)
   0.02    1.02 v _100413_/ZN (OAI21_X1)
   0.04    1.06 ^ _100414_/ZN (AOI21_X1)
   0.04    1.10 ^ _100419_/ZN (AND3_X2)
   0.02    1.12 v _100421_/ZN (OAI21_X1)
   0.04    1.16 ^ _100422_/ZN (AOI21_X1)
   0.03    1.18 v _100423_/ZN (OAI21_X1)
   0.04    1.22 ^ _100424_/ZN (AOI21_X2)
   0.04    1.27 ^ _100429_/ZN (AND3_X2)
   0.02    1.28 v _100433_/ZN (OAI21_X2)
   0.02    1.30 ^ _100435_/ZN (NOR2_X2)
   0.05    1.35 ^ _100439_/ZN (AND4_X2)
   0.02    1.38 v _100445_/ZN (NAND4_X2)
   0.06    1.44 ^ _100446_/ZN (AOI211_X2)
   0.02    1.46 v _100449_/ZN (NAND2_X1)
   0.03    1.48 ^ _100452_/ZN (NOR2_X1)
   0.02    1.50 v _100454_/ZN (OAI21_X1)
   0.04    1.54 ^ _100455_/ZN (AOI21_X1)
   0.02    1.56 v _100458_/ZN (NAND2_X1)
   0.04    1.60 ^ _100459_/ZN (AOI21_X1)
   0.02    1.62 v _100461_/ZN (OAI21_X1)
   0.04    1.66 ^ _100462_/ZN (AOI21_X1)
   0.03    1.70 ^ _100463_/ZN (OR2_X2)
   0.03    1.72 ^ _100464_/Z (BUF_X8)
   0.01    1.73 v _100466_/ZN (NOR2_X4)
   0.04    1.78 ^ _100479_/ZN (NOR2_X4)
   0.03    1.81 ^ _100480_/Z (BUF_X8)
   0.06    1.87 ^ _100490_/ZN (AND2_X4)
   0.03    1.90 ^ _100572_/Z (BUF_X16)
   0.01    1.91 v _100635_/ZN (NOR2_X2)
   0.06    1.97 ^ _100636_/ZN (AOI211_X2)
   0.03    2.00 ^ _123738_/Z (BUF_X1)
   0.00    2.00 ^ _134517_/D (DFF_X1)
           2.00   data arrival time

  10.00   10.00   clock clock (rise edge)
   0.00   10.00   clock network delay (ideal)
   0.00   10.00   clock reconvergence pessimism
          10.00 ^ _134517_/CK (DFF_X1)
  -0.03    9.97   library setup time
           9.97   data required time
---------------------------------------------------------
           9.97   data required time
          -2.00   data arrival time
---------------------------------------------------------
           7.97   slack (MET)



==========================================================================
report_tns
--------------------------------------------------------------------------
tns 0.00

==========================================================================
report_wns
--------------------------------------------------------------------------
wns 0.00

==========================================================================
report_design_area
--------------------------------------------------------------------------
Design area 441577 u^2 27% utilization.
