
==========================================================================
report_floating_nets
--------------------------------------------------------------------------
Warning: found 6478 floatiing nets.

==========================================================================
report_checks
--------------------------------------------------------------------------
Startpoint: _136802_ (rising edge-triggered flip-flop clocked by clock)
Endpoint: _134510_ (rising edge-triggered flip-flop clocked by clock)
Path Group: clock
Path Type: max

  Delay    Time   Description
---------------------------------------------------------
   0.00    0.00   clock clock (rise edge)
   0.00    0.00   clock network delay (ideal)
   0.00    0.00 ^ _136802_/CK (DFF_X1)
   0.09    0.09 ^ _136802_/Q (DFF_X1)
   0.04    0.12 ^ _127326_/Z (BUF_X2)
   0.02    0.15 v _098273_/ZN (INV_X1)
   0.04    0.18 v _098274_/ZN (AND2_X1)
   0.05    0.24 v _098275_/ZN (OR2_X1)
   0.06    0.30 ^ _098278_/ZN (NOR3_X1)
   0.06    0.36 ^ _098288_/ZN (AND3_X2)
   0.03    0.39 v _098299_/ZN (NAND3_X1)
   0.06    0.45 ^ _098313_/ZN (NOR2_X2)
   0.02    0.47 v _098314_/ZN (INV_X1)
   0.05    0.52 ^ _098387_/ZN (AOI21_X4)
   0.03    0.55 v _098417_/ZN (NOR2_X1)
   0.03    0.58 ^ _098418_/ZN (OAI21_X1)
   0.03    0.61 v _098435_/ZN (NAND4_X1)
   0.05    0.65 v _098438_/ZN (AND3_X1)
   0.02    0.67 ^ _098440_/ZN (NAND2_X4)
   0.02    0.69 v _098441_/ZN (NOR2_X4)
   0.03    0.73 ^ _098532_/ZN (INV_X4)
   0.06    0.79 ^ _098605_/ZN (AND3_X1)
   0.02    0.80 v _098611_/ZN (AOI21_X4)
   0.04    0.84 v _100390_/ZN (AND2_X1)
   0.04    0.88 v _100391_/ZN (XNOR2_X1)
   0.06    0.94 ^ _100392_/ZN (AOI211_X2)
   0.02    0.96 v _100395_/ZN (NAND2_X1)
   0.06    1.02 ^ _100401_/ZN (NOR4_X1)
   0.02    1.04 v _100408_/ZN (NAND2_X1)
   0.03    1.07 ^ _100411_/ZN (NOR2_X1)
   0.02    1.09 v _100413_/ZN (OAI21_X1)
   0.04    1.13 ^ _100414_/ZN (AOI21_X1)
   0.04    1.18 ^ _100419_/ZN (AND3_X1)
   0.02    1.19 v _100421_/ZN (OAI21_X1)
   0.04    1.23 ^ _100422_/ZN (AOI21_X1)
   0.02    1.26 v _100423_/ZN (OAI21_X1)
   0.04    1.30 ^ _100424_/ZN (AOI21_X1)
   0.05    1.34 ^ _100429_/ZN (AND3_X1)
   0.02    1.36 v _100433_/ZN (OAI21_X1)
   0.02    1.38 ^ _100435_/ZN (NOR2_X1)
   0.06    1.44 ^ _100439_/ZN (AND4_X1)
   0.03    1.47 v _100445_/ZN (NAND4_X2)
   0.06    1.54 ^ _100446_/ZN (AOI211_X2)
   0.02    1.55 v _100449_/ZN (NAND2_X1)
   0.03    1.58 ^ _100452_/ZN (NOR2_X1)
   0.02    1.61 v _100454_/ZN (OAI21_X1)
   0.05    1.65 ^ _100455_/ZN (AOI21_X1)
   0.02    1.67 v _100458_/ZN (NAND2_X1)
   0.04    1.71 ^ _100459_/ZN (AOI21_X1)
   0.02    1.73 v _100461_/ZN (OAI21_X1)
   0.04    1.77 ^ _100462_/ZN (AOI21_X1)
   0.03    1.80 ^ _100463_/ZN (OR2_X1)
   0.04    1.84 ^ _100464_/Z (BUF_X2)
   0.02    1.86 v _100466_/ZN (NOR2_X2)
   0.05    1.91 ^ _100479_/ZN (NOR2_X4)
   0.04    1.95 ^ _100480_/Z (BUF_X4)
   0.05    2.00 ^ _100490_/ZN (AND2_X2)
   0.05    2.05 ^ _100523_/Z (BUF_X2)
   0.03    2.08 v _100594_/ZN (NOR2_X1)
   0.06    2.14 ^ _100595_/ZN (AOI211_X2)
   0.04    2.17 ^ _123724_/Z (CLKBUF_X1)
   0.00    2.17 ^ _134510_/D (DFF_X1)
           2.17   data arrival time

  10.00   10.00   clock clock (rise edge)
   0.00   10.00   clock network delay (ideal)
   0.00   10.00   clock reconvergence pessimism
          10.00 ^ _134510_/CK (DFF_X1)
  -0.03    9.97   library setup time
           9.97   data required time
---------------------------------------------------------
           9.97   data required time
          -2.17   data arrival time
---------------------------------------------------------
           7.80   slack (MET)



==========================================================================
report_tns
--------------------------------------------------------------------------
tns 0.00

==========================================================================
report_wns
--------------------------------------------------------------------------
wns 0.00

==========================================================================
report_design_area
--------------------------------------------------------------------------
Design area 485157 u^2 29% utilization.
