
==========================================================================
report_checks -path_delay min
--------------------------------------------------------------------------
Startpoint: _129619_ (rising edge-triggered flip-flop clocked by clock)
Endpoint: _129619_ (rising edge-triggered flip-flop clocked by clock)
Path Group: clock
Path Type: min

  Delay    Time   Description
---------------------------------------------------------
   0.00    0.00   clock clock (rise edge)
   0.00    0.00   clock network delay (ideal)
   0.00    0.00 ^ _129619_/CK (DFF_X1)
   0.06    0.06 ^ _129619_/QN (DFF_X1)
   0.03    0.09 ^ _127410_/Z (CLKBUF_X1)
   0.01    0.10 v _106941_/ZN (OAI221_X1)
   0.03    0.13 v _127411_/Z (CLKBUF_X1)
   0.00    0.13 v _129619_/D (DFF_X1)
           0.13   data arrival time

   0.00    0.00   clock clock (rise edge)
   0.00    0.00   clock network delay (ideal)
   0.00    0.00   clock reconvergence pessimism
           0.00 ^ _129619_/CK (DFF_X1)
   0.00    0.00   library hold time
           0.00   data required time
---------------------------------------------------------
           0.00   data required time
          -0.13   data arrival time
---------------------------------------------------------
           0.13   slack (MET)



==========================================================================
report_checks -path_delay max
--------------------------------------------------------------------------
Startpoint: _136801_ (rising edge-triggered flip-flop clocked by clock)
Endpoint: _134499_ (rising edge-triggered flip-flop clocked by clock)
Path Group: clock
Path Type: max

  Delay    Time   Description
---------------------------------------------------------
   0.00    0.00   clock clock (rise edge)
   0.00    0.00   clock network delay (ideal)
   0.00    0.00 ^ _136801_/CK (DFF_X1)
   0.08    0.08 ^ _136801_/Q (DFF_X1)
   0.04    0.12 ^ _127327_/Z (BUF_X1)
   0.02    0.15 v _098271_/ZN (INV_X2)
   0.03    0.17 v _098272_/ZN (AND2_X1)
   0.05    0.22 v _098275_/ZN (OR2_X1)
   0.06    0.29 ^ _098278_/ZN (NOR3_X1)
   0.05    0.34 ^ _098288_/ZN (AND3_X2)
   0.02    0.36 v _098299_/ZN (NAND3_X1)
   0.04    0.40 ^ _098313_/ZN (NOR2_X2)
   0.02    0.42 v _098314_/ZN (INV_X1)
   0.04    0.46 ^ _098387_/ZN (AOI21_X4)
   0.02    0.47 v _098417_/ZN (NOR2_X1)
   0.03    0.50 ^ _098418_/ZN (OAI21_X1)
   0.03    0.53 v _098435_/ZN (NAND4_X1)
   0.05    0.58 v _098438_/ZN (AND3_X1)
   0.02    0.60 ^ _098440_/ZN (NAND2_X4)
   0.02    0.62 v _098441_/ZN (NOR2_X4)
   0.03    0.65 ^ _098532_/ZN (INV_X4)
   0.06    0.70 ^ _098605_/ZN (AND3_X1)
   0.02    0.72 v _098611_/ZN (AOI21_X4)
   0.03    0.75 v _100390_/ZN (AND2_X1)
   0.04    0.79 v _100391_/ZN (XNOR2_X1)
   0.06    0.85 ^ _100392_/ZN (AOI211_X2)
   0.02    0.87 v _100395_/ZN (NAND2_X1)
   0.05    0.92 ^ _100401_/ZN (NOR4_X1)
   0.02    0.94 v _100408_/ZN (NAND2_X1)
   0.03    0.96 ^ _100411_/ZN (NOR2_X1)
   0.02    0.98 v _100413_/ZN (OAI21_X1)
   0.04    1.02 ^ _100414_/ZN (AOI21_X1)
   0.04    1.06 ^ _100419_/ZN (AND3_X1)
   0.02    1.08 v _100421_/ZN (OAI21_X1)
   0.04    1.12 ^ _100422_/ZN (AOI21_X1)
   0.02    1.15 v _100423_/ZN (OAI21_X1)
   0.04    1.18 ^ _100424_/ZN (AOI21_X1)
   0.04    1.23 ^ _100429_/ZN (AND3_X1)
   0.02    1.25 v _100433_/ZN (OAI21_X1)
   0.02    1.27 ^ _100435_/ZN (NOR2_X1)
   0.06    1.33 ^ _100439_/ZN (AND4_X1)
   0.03    1.35 v _100445_/ZN (NAND4_X2)
   0.06    1.41 ^ _100446_/ZN (AOI211_X2)
   0.02    1.43 v _100449_/ZN (NAND2_X1)
   0.03    1.46 ^ _100452_/ZN (NOR2_X1)
   0.02    1.48 v _100454_/ZN (OAI21_X1)
   0.04    1.52 ^ _100455_/ZN (AOI21_X1)
   0.02    1.53 v _100458_/ZN (NAND2_X1)
   0.04    1.58 ^ _100459_/ZN (AOI21_X1)
   0.02    1.60 v _100461_/ZN (OAI21_X1)
   0.04    1.64 ^ _100462_/ZN (AOI21_X1)
   0.03    1.66 ^ _100463_/ZN (OR2_X1)
   0.04    1.70 ^ _100464_/Z (BUF_X2)
   0.02    1.72 v _100466_/ZN (NOR2_X2)
   0.05    1.77 ^ _100479_/ZN (NOR2_X4)
   0.04    1.81 ^ _100480_/Z (BUF_X4)
   0.05    1.86 ^ _100490_/ZN (AND2_X2)
   0.05    1.91 ^ _100523_/Z (BUF_X2)
   0.02    1.92 v _100524_/ZN (NOR2_X1)
   0.05    1.98 ^ _100525_/ZN (AOI211_X2)
   0.04    2.01 ^ _123702_/Z (CLKBUF_X1)
   0.00    2.01 ^ _134499_/D (DFF_X1)
           2.01   data arrival time

  10.00   10.00   clock clock (rise edge)
   0.00   10.00   clock network delay (ideal)
   0.00   10.00   clock reconvergence pessimism
          10.00 ^ _134499_/CK (DFF_X1)
  -0.03    9.97   library setup time
           9.97   data required time
---------------------------------------------------------
           9.97   data required time
          -2.01   data arrival time
---------------------------------------------------------
           7.95   slack (MET)



==========================================================================
report_checks -unconstrained
--------------------------------------------------------------------------
Startpoint: _136801_ (rising edge-triggered flip-flop clocked by clock)
Endpoint: _134499_ (rising edge-triggered flip-flop clocked by clock)
Path Group: clock
Path Type: max

  Delay    Time   Description
---------------------------------------------------------
   0.00    0.00   clock clock (rise edge)
   0.00    0.00   clock network delay (ideal)
   0.00    0.00 ^ _136801_/CK (DFF_X1)
   0.08    0.08 ^ _136801_/Q (DFF_X1)
   0.04    0.12 ^ _127327_/Z (BUF_X1)
   0.02    0.15 v _098271_/ZN (INV_X2)
   0.03    0.17 v _098272_/ZN (AND2_X1)
   0.05    0.22 v _098275_/ZN (OR2_X1)
   0.06    0.29 ^ _098278_/ZN (NOR3_X1)
   0.05    0.34 ^ _098288_/ZN (AND3_X2)
   0.02    0.36 v _098299_/ZN (NAND3_X1)
   0.04    0.40 ^ _098313_/ZN (NOR2_X2)
   0.02    0.42 v _098314_/ZN (INV_X1)
   0.04    0.46 ^ _098387_/ZN (AOI21_X4)
   0.02    0.47 v _098417_/ZN (NOR2_X1)
   0.03    0.50 ^ _098418_/ZN (OAI21_X1)
   0.03    0.53 v _098435_/ZN (NAND4_X1)
   0.05    0.58 v _098438_/ZN (AND3_X1)
   0.02    0.60 ^ _098440_/ZN (NAND2_X4)
   0.02    0.62 v _098441_/ZN (NOR2_X4)
   0.03    0.65 ^ _098532_/ZN (INV_X4)
   0.06    0.70 ^ _098605_/ZN (AND3_X1)
   0.02    0.72 v _098611_/ZN (AOI21_X4)
   0.03    0.75 v _100390_/ZN (AND2_X1)
   0.04    0.79 v _100391_/ZN (XNOR2_X1)
   0.06    0.85 ^ _100392_/ZN (AOI211_X2)
   0.02    0.87 v _100395_/ZN (NAND2_X1)
   0.05    0.92 ^ _100401_/ZN (NOR4_X1)
   0.02    0.94 v _100408_/ZN (NAND2_X1)
   0.03    0.96 ^ _100411_/ZN (NOR2_X1)
   0.02    0.98 v _100413_/ZN (OAI21_X1)
   0.04    1.02 ^ _100414_/ZN (AOI21_X1)
   0.04    1.06 ^ _100419_/ZN (AND3_X1)
   0.02    1.08 v _100421_/ZN (OAI21_X1)
   0.04    1.12 ^ _100422_/ZN (AOI21_X1)
   0.02    1.15 v _100423_/ZN (OAI21_X1)
   0.04    1.18 ^ _100424_/ZN (AOI21_X1)
   0.04    1.23 ^ _100429_/ZN (AND3_X1)
   0.02    1.25 v _100433_/ZN (OAI21_X1)
   0.02    1.27 ^ _100435_/ZN (NOR2_X1)
   0.06    1.33 ^ _100439_/ZN (AND4_X1)
   0.03    1.35 v _100445_/ZN (NAND4_X2)
   0.06    1.41 ^ _100446_/ZN (AOI211_X2)
   0.02    1.43 v _100449_/ZN (NAND2_X1)
   0.03    1.46 ^ _100452_/ZN (NOR2_X1)
   0.02    1.48 v _100454_/ZN (OAI21_X1)
   0.04    1.52 ^ _100455_/ZN (AOI21_X1)
   0.02    1.53 v _100458_/ZN (NAND2_X1)
   0.04    1.58 ^ _100459_/ZN (AOI21_X1)
   0.02    1.60 v _100461_/ZN (OAI21_X1)
   0.04    1.64 ^ _100462_/ZN (AOI21_X1)
   0.03    1.66 ^ _100463_/ZN (OR2_X1)
   0.04    1.70 ^ _100464_/Z (BUF_X2)
   0.02    1.72 v _100466_/ZN (NOR2_X2)
   0.05    1.77 ^ _100479_/ZN (NOR2_X4)
   0.04    1.81 ^ _100480_/Z (BUF_X4)
   0.05    1.86 ^ _100490_/ZN (AND2_X2)
   0.05    1.91 ^ _100523_/Z (BUF_X2)
   0.02    1.92 v _100524_/ZN (NOR2_X1)
   0.05    1.98 ^ _100525_/ZN (AOI211_X2)
   0.04    2.01 ^ _123702_/Z (CLKBUF_X1)
   0.00    2.01 ^ _134499_/D (DFF_X1)
           2.01   data arrival time

  10.00   10.00   clock clock (rise edge)
   0.00   10.00   clock network delay (ideal)
   0.00   10.00   clock reconvergence pessimism
          10.00 ^ _134499_/CK (DFF_X1)
  -0.03    9.97   library setup time
           9.97   data required time
---------------------------------------------------------
           9.97   data required time
          -2.01   data arrival time
---------------------------------------------------------
           7.95   slack (MET)



==========================================================================
report_tns
--------------------------------------------------------------------------
tns 0.00

==========================================================================
report_wns
--------------------------------------------------------------------------
wns 0.00

==========================================================================
report_check_types -max_transition -all_violators
--------------------------------------------------------------------------

==========================================================================
report_power
--------------------------------------------------------------------------
Group                  Internal  Switching    Leakage      Total
                          Power      Power      Power      Power
----------------------------------------------------------------
Sequential             2.52e-03   2.52e-05   6.17e-04   3.16e-03  31.1%
Combinational          2.99e-03   1.88e-03   2.16e-03   7.02e-03  68.9%
Macro                  0.00e+00   0.00e+00   0.00e+00   0.00e+00   0.0%
Pad                    0.00e+00   0.00e+00   0.00e+00   0.00e+00   0.0%
----------------------------------------------------------------
Total                  5.51e-03   1.90e-03   2.78e-03   1.02e-02 100.0%
                          54.1%      18.7%      27.2%

==========================================================================
report_design_area
--------------------------------------------------------------------------
Design area 1648576 u^2 100% utilization.
