
==========================================================================
report_checks -path_delay min
--------------------------------------------------------------------------
Startpoint: _58501_ (rising edge-triggered flip-flop clocked by clk)
Endpoint: _58504_ (removal check against rising-edge clock clk)
Path Group: **async_default**
Path Type: min

  Delay    Time   Description
---------------------------------------------------------
   0.00    0.00   clock clk (rise edge)
   0.00    0.00   clock network delay (ideal)
   0.00    0.00 ^ _58501_/CK (DFFR_X1)
   0.10    0.10 ^ _58501_/Q (DFFR_X1)
   0.03    0.13 ^ _52774_/Z (CLKBUF_X1)
   0.03    0.16 ^ _51054_/Z (MUX2_X2)
   0.08    0.24 ^ buffer1417/Z (BUF_X1)
   0.03    0.27 ^ _52777_/Z (BUF_X32)
   0.04    0.31 ^ buffer1416/Z (BUF_X1)
   0.65    0.96 ^ buffer1407/Z (BUF_X1)
   0.00    0.96 ^ _58504_/RN (DFFR_X1)
           0.96   data arrival time

   0.00    0.00   clock clk (rise edge)
   0.00    0.00   clock network delay (ideal)
   0.00    0.00   clock reconvergence pessimism
           0.00 ^ _58504_/CK (DFFR_X1)
   0.93    0.93   library removal time
           0.93   data required time
---------------------------------------------------------
           0.93   data required time
          -0.96   data arrival time
---------------------------------------------------------
           0.03   slack (MET)


Startpoint: _59184_ (positive level-sensitive latch clocked by clk')
Endpoint: _51072_ (rising clock gating-check end-point clocked by clk)
Path Group: **clock_gating_default**
Path Type: min

  Delay    Time   Description
---------------------------------------------------------
   5.00    5.00   clock clk' (rise edge)
   0.00    5.00   clock network delay (ideal)
   0.00    5.00 ^ _59184_/G (DLH_X1)
   0.05    5.05 ^ _59184_/Q (DLH_X1)
   0.03    5.08 ^ _52796_/Z (CLKBUF_X1)
   0.00    5.08 ^ _51072_/A2 (AND2_X1)
           5.08   data arrival time

   5.00    5.00   clock clk (fall edge)
   0.00    5.00   clock network delay (ideal)
   0.00    5.00   clock reconvergence pessimism
           5.00 v _51072_/A1 (AND2_X1)
   0.00    5.00   clock gating hold time
           5.00   data required time
---------------------------------------------------------
           5.00   data required time
          -5.08   data arrival time
---------------------------------------------------------
           0.08   slack (MET)


Startpoint: _58500_ (rising edge-triggered flip-flop clocked by clk)
Endpoint: _58501_ (rising edge-triggered flip-flop clocked by clk)
Path Group: clk
Path Type: min

  Delay    Time   Description
---------------------------------------------------------
   0.00    0.00   clock clk (rise edge)
   0.00    0.00   clock network delay (ideal)
   0.00    0.00 ^ _58500_/CK (DFFR_X1)
   0.08    0.08 v _58500_/Q (DFFR_X1)
   0.00    0.08 v _58501_/D (DFFR_X1)
           0.08   data arrival time

   0.00    0.00   clock clk (rise edge)
   0.00    0.00   clock network delay (ideal)
   0.00    0.00   clock reconvergence pessimism
           0.00 ^ _58501_/CK (DFFR_X1)
   0.00    0.00   library hold time
           0.00   data required time
---------------------------------------------------------
           0.00   data required time
          -0.08   data arrival time
---------------------------------------------------------
           0.08   slack (MET)



==========================================================================
report_checks -path_delay max
--------------------------------------------------------------------------
Startpoint: _58501_ (rising edge-triggered flip-flop clocked by clk)
Endpoint: _58502_ (recovery check against rising-edge clock clk)
Path Group: **async_default**
Path Type: max

  Delay    Time   Description
---------------------------------------------------------
   0.00    0.00   clock clk (rise edge)
   0.00    0.00   clock network delay (ideal)
   0.00    0.00 ^ _58501_/CK (DFFR_X1)
   0.10    0.10 ^ _58501_/Q (DFFR_X1)
   0.03    0.13 ^ _52774_/Z (CLKBUF_X1)
   0.03    0.16 ^ _51054_/Z (MUX2_X2)
   0.08    0.24 ^ buffer1417/Z (BUF_X1)
   0.03    0.27 ^ _52777_/Z (BUF_X32)
   0.04    0.31 ^ buffer1416/Z (BUF_X1)
   0.03    0.34 ^ buffer1408/Z (BUF_X1)
   0.65    0.98 ^ buffer1414/Z (BUF_X1)
   0.00    0.98 ^ _58502_/RN (DFFR_X1)
           0.98   data arrival time

  10.00   10.00   clock clk (rise edge)
   0.00   10.00   clock network delay (ideal)
   0.00   10.00   clock reconvergence pessimism
          10.00 ^ _58502_/CK (DFFR_X1)
  -0.08    9.92   library recovery time
           9.92   data required time
---------------------------------------------------------
           9.92   data required time
          -0.98   data arrival time
---------------------------------------------------------
           8.93   slack (MET)


Startpoint: _59187_ (positive level-sensitive latch clocked by clk')
Endpoint: _51068_ (rising clock gating-check end-point clocked by clk)
Path Group: **clock_gating_default**
Path Type: max

  Delay    Time   Description
---------------------------------------------------------
   5.00    5.00   clock clk' (rise edge)
   0.00    5.00   clock network delay (ideal)
   0.00    5.00 ^ _59187_/G (DLH_X1)
   0.05    5.05 v _59187_/Q (DLH_X1)
   0.03    5.09 v _52790_/Z (CLKBUF_X1)
   0.00    5.09 v _51068_/A2 (AND2_X1)
           5.09   data arrival time

  10.00   10.00   clock clk (rise edge)
   0.00   10.00   clock network delay (ideal)
   0.00   10.00   clock reconvergence pessimism
          10.00 ^ _51068_/A1 (AND2_X1)
   0.00   10.00   clock gating setup time
          10.00   data required time
---------------------------------------------------------
          10.00   data required time
          -5.09   data arrival time
---------------------------------------------------------
           4.91   slack (MET)


Startpoint: _58533_ (rising edge-triggered flip-flop clocked by clk)
Endpoint: _59185_ (positive level-sensitive latch clocked by clk')
Path Group: clk
Path Type: max

  Delay    Time   Description
---------------------------------------------------------
   0.00    0.00   clock clk (rise edge)
   0.00    0.00   clock network delay (ideal)
   0.00    0.00 ^ _58533_/CK (DFFR_X1)
   0.08    0.08 v _58533_/Q (DFFR_X1)
   0.04    0.12 v _53383_/Z (CLKBUF_X1)
   0.05    0.17 ^ _29342_/ZN (NOR3_X1)
   0.06    0.23 ^ _29344_/ZN (AND2_X1)
   0.05    0.28 ^ _29346_/ZN (AND2_X4)
   0.02    0.30 v _29449_/ZN (INV_X2)
   0.10    0.40 ^ _29451_/ZN (AOI211_X2)
   0.05    0.45 ^ _29462_/ZN (AND2_X4)
   0.04    0.50 ^ _29471_/ZN (AND3_X4)
   0.04    0.54 ^ _29509_/ZN (AND2_X1)
   0.05    0.58 ^ _29510_/ZN (AND2_X2)
   0.01    0.60 v _29531_/ZN (NOR3_X4)
   0.03    0.63 v _29533_/ZN (AND2_X2)
   0.03    0.66 v _29534_/Z (BUF_X4)
   0.03    0.70 v _29915_/ZN (AND3_X2)
   0.07    0.76 ^ _29916_/ZN (NOR3_X1)
   0.06    0.83 ^ _29932_/ZN (AND2_X2)
   0.02    0.84 v _30057_/ZN (NOR2_X1)
   0.03    0.88 v _30190_/ZN (AND3_X1)
   0.04    0.92 ^ _30192_/ZN (AOI21_X2)
   0.05    0.97 v _30202_/ZN (NAND4_X4)
   0.06    1.03 ^ _30238_/ZN (NOR2_X1)
   0.04    1.07 ^ _30521_/ZN (AND2_X1)
   0.03    1.10 ^ _30522_/Z (BUF_X4)
   0.01    1.12 v _30523_/ZN (INV_X1)
   0.03    1.15 v _31057_/ZN (AND2_X1)
   0.05    1.20 v _31082_/Z (XOR2_X2)
   0.01    1.22 ^ _31083_/ZN (NAND2_X1)
   0.04    1.26 ^ _31085_/ZN (AND2_X1)
   0.01    1.27 v _31086_/ZN (INV_X1)
   0.03    1.31 ^ _31088_/ZN (AOI21_X2)
   0.03    1.34 v _31090_/ZN (OAI21_X1)
   0.03    1.36 ^ _31187_/ZN (NAND2_X1)
   0.02    1.38 v _31189_/ZN (AOI211_X2)
   0.05    1.43 ^ _31193_/ZN (NOR3_X2)
   0.02    1.45 v _31458_/ZN (NOR2_X1)
   0.03    1.48 ^ _31678_/ZN (OAI22_X2)
   0.03    1.51 v _31680_/ZN (NAND2_X2)
   0.02    1.54 ^ _32680_/ZN (NAND3_X1)
   0.05    1.58 ^ _32704_/ZN (AND2_X1)
   0.02    1.60 v _32705_/ZN (INV_X1)
   0.03    1.64 v _34531_/ZN (AND3_X1)
   0.06    1.69 ^ _34581_/ZN (NOR3_X2)
   0.11    1.80 ^ _34642_/Z (XOR2_X2)
   0.04    1.84 ^ _34643_/ZN (OR2_X1)
   0.02    1.86 v _35026_/ZN (AOI21_X1)
   0.09    1.95 ^ _35028_/ZN (AOI211_X2)
   0.05    2.00 ^ _35030_/ZN (AND2_X4)
   0.01    2.02 v _35031_/ZN (INV_X4)
   0.05    2.07 ^ _35033_/ZN (OAI221_X2)
   0.05    2.12 ^ _35036_/ZN (AND2_X1)
   0.04    2.16 ^ _35037_/Z (BUF_X2)
   0.03    2.20 ^ _36928_/ZN (OR2_X1)
   0.01    2.21 v _36929_/ZN (AOI211_X2)
   0.02    2.22 ^ _36936_/ZN (NAND2_X1)
   0.02    2.24 v _36938_/ZN (AOI21_X1)
   0.05    2.29 ^ _36941_/ZN (AOI21_X2)
   0.02    2.31 v _37174_/ZN (NAND2_X4)
   0.04    2.35 v _37177_/ZN (AND3_X1)
   0.04    2.39 v _37178_/ZN (AND2_X1)
   0.05    2.44 ^ _37181_/ZN (NOR3_X4)
   0.02    2.45 v _37182_/ZN (NOR2_X4)
   0.04    2.49 ^ _37185_/ZN (NOR2_X2)
   0.02    2.51 v _37186_/ZN (NOR2_X2)
   0.03    2.54 v _37189_/ZN (AND2_X1)
   0.03    2.58 v _37190_/Z (BUF_X4)
   0.04    2.61 v _38231_/ZN (AND2_X2)
   0.03    2.64 v _38233_/ZN (AND2_X1)
   0.04    2.68 v _38234_/Z (BUF_X4)
   0.02    2.70 ^ _38397_/ZN (OAI211_X2)
   0.04    2.75 ^ _38416_/ZN (AND2_X1)
   0.03    2.78 v _38436_/ZN (NAND4_X1)
   0.11    2.89 v _38507_/ZN (OR4_X1)
   0.05    2.94 ^ _38726_/ZN (NOR4_X1)
   0.02    2.96 v _38742_/ZN (NOR2_X1)
   0.04    3.00 v _38751_/ZN (AND2_X1)
   0.05    3.06 ^ _38759_/ZN (NOR2_X1)
   0.05    3.10 ^ _38760_/Z (BUF_X2)
   0.03    3.13 ^ _38798_/ZN (OR2_X1)
   0.02    3.15 v _38800_/ZN (NAND2_X1)
   0.07    3.23 ^ _38809_/ZN (NOR4_X1)
   0.06    3.28 ^ _38833_/ZN (AND2_X1)
   0.02    3.30 v _38878_/ZN (NAND2_X2)
   0.02    3.32 ^ _38887_/ZN (OAI21_X2)
   0.05    3.37 ^ _38900_/ZN (AND2_X1)
   0.02    3.39 v _38901_/ZN (INV_X1)
   0.05    3.44 ^ _38955_/ZN (NOR4_X2)
   0.02    3.46 v _38957_/ZN (NOR2_X2)
   0.02    3.49 ^ _38958_/ZN (INV_X1)
   0.02    3.50 v _38959_/ZN (AOI21_X1)
   0.04    3.54 ^ _38964_/ZN (NOR2_X2)
   0.06    3.61 ^ _38967_/ZN (AND3_X2)
   0.01    3.62 v _38972_/ZN (NOR2_X4)
   0.03    3.65 ^ _38973_/ZN (INV_X1)
   0.05    3.70 ^ _38974_/Z (BUF_X2)
   0.02    3.72 v _51059_/ZN (AOI21_X1)
   0.02    3.74 ^ _51061_/ZN (NAND3_X1)
   0.01    3.76 v _51062_/ZN (NOR3_X1)
   0.01    3.77 ^ _51079_/ZN (NAND2_X1)
   0.03    3.80 ^ _52801_/Z (CLKBUF_X1)
   0.00    3.80 ^ _59185_/D (DLH_X1)
           3.80   data arrival time

   5.00    5.00   clock clk' (rise edge)
   0.00    5.00   clock network delay (ideal)
   0.00    5.00   clock reconvergence pessimism
           5.00 ^ _59185_/G (DLH_X1)
   0.00    5.00   time borrowed from endpoint
           5.00   data required time
---------------------------------------------------------
           5.00   data required time
          -3.80   data arrival time
---------------------------------------------------------
           1.20   slack (MET)

Time Borrowing Information
--------------------------------------------
clk' pulse width                        5.00
library setup time                     -0.02
--------------------------------------------
max time borrow                         4.98
actual time borrow                      0.00
--------------------------------------------



==========================================================================
report_checks -unconstrained
--------------------------------------------------------------------------
Startpoint: _58501_ (rising edge-triggered flip-flop clocked by clk)
Endpoint: _58502_ (recovery check against rising-edge clock clk)
Path Group: **async_default**
Path Type: max

  Delay    Time   Description
---------------------------------------------------------
   0.00    0.00   clock clk (rise edge)
   0.00    0.00   clock network delay (ideal)
   0.00    0.00 ^ _58501_/CK (DFFR_X1)
   0.10    0.10 ^ _58501_/Q (DFFR_X1)
   0.03    0.13 ^ _52774_/Z (CLKBUF_X1)
   0.03    0.16 ^ _51054_/Z (MUX2_X2)
   0.08    0.24 ^ buffer1417/Z (BUF_X1)
   0.03    0.27 ^ _52777_/Z (BUF_X32)
   0.04    0.31 ^ buffer1416/Z (BUF_X1)
   0.03    0.34 ^ buffer1408/Z (BUF_X1)
   0.65    0.98 ^ buffer1414/Z (BUF_X1)
   0.00    0.98 ^ _58502_/RN (DFFR_X1)
           0.98   data arrival time

  10.00   10.00   clock clk (rise edge)
   0.00   10.00   clock network delay (ideal)
   0.00   10.00   clock reconvergence pessimism
          10.00 ^ _58502_/CK (DFFR_X1)
  -0.08    9.92   library recovery time
           9.92   data required time
---------------------------------------------------------
           9.92   data required time
          -0.98   data arrival time
---------------------------------------------------------
           8.93   slack (MET)


Startpoint: _59187_ (positive level-sensitive latch clocked by clk')
Endpoint: _51068_ (rising clock gating-check end-point clocked by clk)
Path Group: **clock_gating_default**
Path Type: max

  Delay    Time   Description
---------------------------------------------------------
   5.00    5.00   clock clk' (rise edge)
   0.00    5.00   clock network delay (ideal)
   0.00    5.00 ^ _59187_/G (DLH_X1)
   0.05    5.05 v _59187_/Q (DLH_X1)
   0.03    5.09 v _52790_/Z (CLKBUF_X1)
   0.00    5.09 v _51068_/A2 (AND2_X1)
           5.09   data arrival time

  10.00   10.00   clock clk (rise edge)
   0.00   10.00   clock network delay (ideal)
   0.00   10.00   clock reconvergence pessimism
          10.00 ^ _51068_/A1 (AND2_X1)
   0.00   10.00   clock gating setup time
          10.00   data required time
---------------------------------------------------------
          10.00   data required time
          -5.09   data arrival time
---------------------------------------------------------
           4.91   slack (MET)


Startpoint: _58533_ (rising edge-triggered flip-flop clocked by clk)
Endpoint: _59185_ (positive level-sensitive latch clocked by clk')
Path Group: clk
Path Type: max

  Delay    Time   Description
---------------------------------------------------------
   0.00    0.00   clock clk (rise edge)
   0.00    0.00   clock network delay (ideal)
   0.00    0.00 ^ _58533_/CK (DFFR_X1)
   0.08    0.08 v _58533_/Q (DFFR_X1)
   0.04    0.12 v _53383_/Z (CLKBUF_X1)
   0.05    0.17 ^ _29342_/ZN (NOR3_X1)
   0.06    0.23 ^ _29344_/ZN (AND2_X1)
   0.05    0.28 ^ _29346_/ZN (AND2_X4)
   0.02    0.30 v _29449_/ZN (INV_X2)
   0.10    0.40 ^ _29451_/ZN (AOI211_X2)
   0.05    0.45 ^ _29462_/ZN (AND2_X4)
   0.04    0.50 ^ _29471_/ZN (AND3_X4)
   0.04    0.54 ^ _29509_/ZN (AND2_X1)
   0.05    0.58 ^ _29510_/ZN (AND2_X2)
   0.01    0.60 v _29531_/ZN (NOR3_X4)
   0.03    0.63 v _29533_/ZN (AND2_X2)
   0.03    0.66 v _29534_/Z (BUF_X4)
   0.03    0.70 v _29915_/ZN (AND3_X2)
   0.07    0.76 ^ _29916_/ZN (NOR3_X1)
   0.06    0.83 ^ _29932_/ZN (AND2_X2)
   0.02    0.84 v _30057_/ZN (NOR2_X1)
   0.03    0.88 v _30190_/ZN (AND3_X1)
   0.04    0.92 ^ _30192_/ZN (AOI21_X2)
   0.05    0.97 v _30202_/ZN (NAND4_X4)
   0.06    1.03 ^ _30238_/ZN (NOR2_X1)
   0.04    1.07 ^ _30521_/ZN (AND2_X1)
   0.03    1.10 ^ _30522_/Z (BUF_X4)
   0.01    1.12 v _30523_/ZN (INV_X1)
   0.03    1.15 v _31057_/ZN (AND2_X1)
   0.05    1.20 v _31082_/Z (XOR2_X2)
   0.01    1.22 ^ _31083_/ZN (NAND2_X1)
   0.04    1.26 ^ _31085_/ZN (AND2_X1)
   0.01    1.27 v _31086_/ZN (INV_X1)
   0.03    1.31 ^ _31088_/ZN (AOI21_X2)
   0.03    1.34 v _31090_/ZN (OAI21_X1)
   0.03    1.36 ^ _31187_/ZN (NAND2_X1)
   0.02    1.38 v _31189_/ZN (AOI211_X2)
   0.05    1.43 ^ _31193_/ZN (NOR3_X2)
   0.02    1.45 v _31458_/ZN (NOR2_X1)
   0.03    1.48 ^ _31678_/ZN (OAI22_X2)
   0.03    1.51 v _31680_/ZN (NAND2_X2)
   0.02    1.54 ^ _32680_/ZN (NAND3_X1)
   0.05    1.58 ^ _32704_/ZN (AND2_X1)
   0.02    1.60 v _32705_/ZN (INV_X1)
   0.03    1.64 v _34531_/ZN (AND3_X1)
   0.06    1.69 ^ _34581_/ZN (NOR3_X2)
   0.11    1.80 ^ _34642_/Z (XOR2_X2)
   0.04    1.84 ^ _34643_/ZN (OR2_X1)
   0.02    1.86 v _35026_/ZN (AOI21_X1)
   0.09    1.95 ^ _35028_/ZN (AOI211_X2)
   0.05    2.00 ^ _35030_/ZN (AND2_X4)
   0.01    2.02 v _35031_/ZN (INV_X4)
   0.05    2.07 ^ _35033_/ZN (OAI221_X2)
   0.05    2.12 ^ _35036_/ZN (AND2_X1)
   0.04    2.16 ^ _35037_/Z (BUF_X2)
   0.03    2.20 ^ _36928_/ZN (OR2_X1)
   0.01    2.21 v _36929_/ZN (AOI211_X2)
   0.02    2.22 ^ _36936_/ZN (NAND2_X1)
   0.02    2.24 v _36938_/ZN (AOI21_X1)
   0.05    2.29 ^ _36941_/ZN (AOI21_X2)
   0.02    2.31 v _37174_/ZN (NAND2_X4)
   0.04    2.35 v _37177_/ZN (AND3_X1)
   0.04    2.39 v _37178_/ZN (AND2_X1)
   0.05    2.44 ^ _37181_/ZN (NOR3_X4)
   0.02    2.45 v _37182_/ZN (NOR2_X4)
   0.04    2.49 ^ _37185_/ZN (NOR2_X2)
   0.02    2.51 v _37186_/ZN (NOR2_X2)
   0.03    2.54 v _37189_/ZN (AND2_X1)
   0.03    2.58 v _37190_/Z (BUF_X4)
   0.04    2.61 v _38231_/ZN (AND2_X2)
   0.03    2.64 v _38233_/ZN (AND2_X1)
   0.04    2.68 v _38234_/Z (BUF_X4)
   0.02    2.70 ^ _38397_/ZN (OAI211_X2)
   0.04    2.75 ^ _38416_/ZN (AND2_X1)
   0.03    2.78 v _38436_/ZN (NAND4_X1)
   0.11    2.89 v _38507_/ZN (OR4_X1)
   0.05    2.94 ^ _38726_/ZN (NOR4_X1)
   0.02    2.96 v _38742_/ZN (NOR2_X1)
   0.04    3.00 v _38751_/ZN (AND2_X1)
   0.05    3.06 ^ _38759_/ZN (NOR2_X1)
   0.05    3.10 ^ _38760_/Z (BUF_X2)
   0.03    3.13 ^ _38798_/ZN (OR2_X1)
   0.02    3.15 v _38800_/ZN (NAND2_X1)
   0.07    3.23 ^ _38809_/ZN (NOR4_X1)
   0.06    3.28 ^ _38833_/ZN (AND2_X1)
   0.02    3.30 v _38878_/ZN (NAND2_X2)
   0.02    3.32 ^ _38887_/ZN (OAI21_X2)
   0.05    3.37 ^ _38900_/ZN (AND2_X1)
   0.02    3.39 v _38901_/ZN (INV_X1)
   0.05    3.44 ^ _38955_/ZN (NOR4_X2)
   0.02    3.46 v _38957_/ZN (NOR2_X2)
   0.02    3.49 ^ _38958_/ZN (INV_X1)
   0.02    3.50 v _38959_/ZN (AOI21_X1)
   0.04    3.54 ^ _38964_/ZN (NOR2_X2)
   0.06    3.61 ^ _38967_/ZN (AND3_X2)
   0.01    3.62 v _38972_/ZN (NOR2_X4)
   0.03    3.65 ^ _38973_/ZN (INV_X1)
   0.05    3.70 ^ _38974_/Z (BUF_X2)
   0.02    3.72 v _51059_/ZN (AOI21_X1)
   0.02    3.74 ^ _51061_/ZN (NAND3_X1)
   0.01    3.76 v _51062_/ZN (NOR3_X1)
   0.01    3.77 ^ _51079_/ZN (NAND2_X1)
   0.03    3.80 ^ _52801_/Z (CLKBUF_X1)
   0.00    3.80 ^ _59185_/D (DLH_X1)
           3.80   data arrival time

   5.00    5.00   clock clk' (rise edge)
   0.00    5.00   clock network delay (ideal)
   0.00    5.00   clock reconvergence pessimism
           5.00 ^ _59185_/G (DLH_X1)
   0.00    5.00   time borrowed from endpoint
           5.00   data required time
---------------------------------------------------------
           5.00   data required time
          -3.80   data arrival time
---------------------------------------------------------
           1.20   slack (MET)

Time Borrowing Information
--------------------------------------------
clk' pulse width                        5.00
library setup time                     -0.02
--------------------------------------------
max time borrow                         4.98
actual time borrow                      0.00
--------------------------------------------



==========================================================================
report_tns
--------------------------------------------------------------------------
tns 0.00

==========================================================================
report_wns
--------------------------------------------------------------------------
wns 0.00

==========================================================================
report_check_types -max_transition -all_violators
--------------------------------------------------------------------------
max_transition

Pin                                    Limit   Trans   Slack
------------------------------------------------------------
_58502_/RN                              0.20    0.60   -0.40 (VIOLATED)
_58503_/RN                              0.20    0.60   -0.40 (VIOLATED)
_58506_/RN                              0.20    0.60   -0.40 (VIOLATED)
_58507_/RN                              0.20    0.60   -0.40 (VIOLATED)
_58509_/RN                              0.20    0.60   -0.40 (VIOLATED)
_58510_/RN                              0.20    0.60   -0.40 (VIOLATED)
_58511_/RN                              0.20    0.60   -0.40 (VIOLATED)
_58512_/RN                              0.20    0.60   -0.40 (VIOLATED)
_58548_/RN                              0.20    0.60   -0.40 (VIOLATED)
_58550_/RN                              0.20    0.60   -0.40 (VIOLATED)
_58554_/RN                              0.20    0.60   -0.40 (VIOLATED)
_58558_/RN                              0.20    0.60   -0.40 (VIOLATED)
_58559_/RN                              0.20    0.60   -0.40 (VIOLATED)
_58560_/RN                              0.20    0.60   -0.40 (VIOLATED)
_58561_/RN                              0.20    0.60   -0.40 (VIOLATED)
_58562_/RN                              0.20    0.60   -0.40 (VIOLATED)
_58563_/RN                              0.20    0.60   -0.40 (VIOLATED)
_58564_/RN                              0.20    0.60   -0.40 (VIOLATED)
_58565_/RN                              0.20    0.60   -0.40 (VIOLATED)
_58566_/RN                              0.20    0.60   -0.40 (VIOLATED)
_58567_/RN                              0.20    0.60   -0.40 (VIOLATED)
_58568_/RN                              0.20    0.60   -0.40 (VIOLATED)
_58569_/RN                              0.20    0.60   -0.40 (VIOLATED)
_58570_/RN                              0.20    0.60   -0.40 (VIOLATED)
_58571_/RN                              0.20    0.60   -0.40 (VIOLATED)
_58572_/RN                              0.20    0.60   -0.40 (VIOLATED)
_58573_/RN                              0.20    0.60   -0.40 (VIOLATED)
_58574_/RN                              0.20    0.60   -0.40 (VIOLATED)
_58575_/RN                              0.20    0.60   -0.40 (VIOLATED)
_58576_/RN                              0.20    0.60   -0.40 (VIOLATED)
_58577_/RN                              0.20    0.60   -0.40 (VIOLATED)
_58578_/RN                              0.20    0.60   -0.40 (VIOLATED)
_58579_/RN                              0.20    0.60   -0.40 (VIOLATED)
_58580_/RN                              0.20    0.60   -0.40 (VIOLATED)
_58581_/RN                              0.20    0.60   -0.40 (VIOLATED)
_58582_/RN                              0.20    0.60   -0.40 (VIOLATED)
_58583_/RN                              0.20    0.60   -0.40 (VIOLATED)
_58584_/RN                              0.20    0.60   -0.40 (VIOLATED)
_58585_/RN                              0.20    0.60   -0.40 (VIOLATED)
_58586_/RN                              0.20    0.60   -0.40 (VIOLATED)
_58587_/RN                              0.20    0.60   -0.40 (VIOLATED)
_58588_/RN                              0.20    0.60   -0.40 (VIOLATED)
_58589_/RN                              0.20    0.60   -0.40 (VIOLATED)
_58590_/RN                              0.20    0.60   -0.40 (VIOLATED)
_58591_/RN                              0.20    0.60   -0.40 (VIOLATED)
_58592_/RN                              0.20    0.60   -0.40 (VIOLATED)
_58593_/RN                              0.20    0.60   -0.40 (VIOLATED)
_58598_/RN                              0.20    0.60   -0.40 (VIOLATED)
_58599_/RN                              0.20    0.60   -0.40 (VIOLATED)
_58600_/RN                              0.20    0.60   -0.40 (VIOLATED)
_58601_/RN                              0.20    0.60   -0.40 (VIOLATED)
_58602_/RN                              0.20    0.60   -0.40 (VIOLATED)
_58603_/RN                              0.20    0.60   -0.40 (VIOLATED)
_58604_/RN                              0.20    0.60   -0.40 (VIOLATED)
_58605_/RN                              0.20    0.60   -0.40 (VIOLATED)
_58606_/RN                              0.20    0.60   -0.40 (VIOLATED)
_58607_/RN                              0.20    0.60   -0.40 (VIOLATED)
_58608_/RN                              0.20    0.60   -0.40 (VIOLATED)
_58609_/RN                              0.20    0.60   -0.40 (VIOLATED)
_58610_/RN                              0.20    0.60   -0.40 (VIOLATED)
_58611_/RN                              0.20    0.60   -0.40 (VIOLATED)
_58612_/RN                              0.20    0.60   -0.40 (VIOLATED)
_58613_/RN                              0.20    0.60   -0.40 (VIOLATED)
_58614_/RN                              0.20    0.60   -0.40 (VIOLATED)
_58615_/RN                              0.20    0.60   -0.40 (VIOLATED)
_58616_/RN                              0.20    0.60   -0.40 (VIOLATED)
_58617_/RN                              0.20    0.60   -0.40 (VIOLATED)
_58618_/RN                              0.20    0.60   -0.40 (VIOLATED)
_58619_/RN                              0.20    0.60   -0.40 (VIOLATED)
_58620_/RN                              0.20    0.60   -0.40 (VIOLATED)
_58621_/RN                              0.20    0.60   -0.40 (VIOLATED)
_58622_/RN                              0.20    0.60   -0.40 (VIOLATED)
_58623_/RN                              0.20    0.60   -0.40 (VIOLATED)
_58624_/RN                              0.20    0.60   -0.40 (VIOLATED)
_58625_/RN                              0.20    0.60   -0.40 (VIOLATED)
_58626_/RN                              0.20    0.60   -0.40 (VIOLATED)
_58627_/RN                              0.20    0.60   -0.40 (VIOLATED)
_58628_/RN                              0.20    0.60   -0.40 (VIOLATED)
_58629_/RN                              0.20    0.60   -0.40 (VIOLATED)
_58630_/RN                              0.20    0.60   -0.40 (VIOLATED)
_58631_/RN                              0.20    0.60   -0.40 (VIOLATED)
_58632_/RN                              0.20    0.60   -0.40 (VIOLATED)
_58633_/RN                              0.20    0.60   -0.40 (VIOLATED)
_58634_/RN                              0.20    0.60   -0.40 (VIOLATED)
_58635_/RN                              0.20    0.60   -0.40 (VIOLATED)
_58636_/RN                              0.20    0.60   -0.40 (VIOLATED)
_58638_/RN                              0.20    0.60   -0.40 (VIOLATED)
_58639_/RN                              0.20    0.60   -0.40 (VIOLATED)
_58640_/RN                              0.20    0.60   -0.40 (VIOLATED)
_58641_/RN                              0.20    0.60   -0.40 (VIOLATED)
_58642_/RN                              0.20    0.60   -0.40 (VIOLATED)
_58643_/RN                              0.20    0.60   -0.40 (VIOLATED)
_58644_/RN                              0.20    0.60   -0.40 (VIOLATED)
_58645_/RN                              0.20    0.60   -0.40 (VIOLATED)
_58646_/RN                              0.20    0.60   -0.40 (VIOLATED)
_58647_/RN                              0.20    0.60   -0.40 (VIOLATED)
_58648_/RN                              0.20    0.60   -0.40 (VIOLATED)
_58649_/RN                              0.20    0.60   -0.40 (VIOLATED)
_58650_/RN                              0.20    0.60   -0.40 (VIOLATED)
_58651_/RN                              0.20    0.60   -0.40 (VIOLATED)
_58652_/RN                              0.20    0.60   -0.40 (VIOLATED)
_58653_/RN                              0.20    0.60   -0.40 (VIOLATED)
_58654_/RN                              0.20    0.60   -0.40 (VIOLATED)
_58655_/RN                              0.20    0.60   -0.40 (VIOLATED)
_58656_/RN                              0.20    0.60   -0.40 (VIOLATED)
_58657_/RN                              0.20    0.60   -0.40 (VIOLATED)
_58658_/RN                              0.20    0.60   -0.40 (VIOLATED)
_58659_/RN                              0.20    0.60   -0.40 (VIOLATED)
_58660_/RN                              0.20    0.60   -0.40 (VIOLATED)
_58661_/RN                              0.20    0.60   -0.40 (VIOLATED)
_58662_/RN                              0.20    0.60   -0.40 (VIOLATED)
_58663_/RN                              0.20    0.60   -0.40 (VIOLATED)
_58664_/RN                              0.20    0.60   -0.40 (VIOLATED)
_58665_/RN                              0.20    0.60   -0.40 (VIOLATED)
_58666_/RN                              0.20    0.60   -0.40 (VIOLATED)
_58667_/RN                              0.20    0.60   -0.40 (VIOLATED)
_58668_/RN                              0.20    0.60   -0.40 (VIOLATED)
_58669_/RN                              0.20    0.60   -0.40 (VIOLATED)
_58670_/RN                              0.20    0.60   -0.40 (VIOLATED)
_58674_/RN                              0.20    0.60   -0.40 (VIOLATED)
_58678_/RN                              0.20    0.60   -0.40 (VIOLATED)
_58684_/RN                              0.20    0.60   -0.40 (VIOLATED)
_58685_/RN                              0.20    0.60   -0.40 (VIOLATED)
_58686_/RN                              0.20    0.60   -0.40 (VIOLATED)
_58687_/RN                              0.20    0.60   -0.40 (VIOLATED)
_58688_/RN                              0.20    0.60   -0.40 (VIOLATED)
_58689_/RN                              0.20    0.60   -0.40 (VIOLATED)
_58690_/RN                              0.20    0.60   -0.40 (VIOLATED)
_58691_/RN                              0.20    0.60   -0.40 (VIOLATED)
_58692_/RN                              0.20    0.60   -0.40 (VIOLATED)
_58693_/RN                              0.20    0.60   -0.40 (VIOLATED)
_58694_/RN                              0.20    0.60   -0.40 (VIOLATED)
_58695_/RN                              0.20    0.60   -0.40 (VIOLATED)
_58696_/RN                              0.20    0.60   -0.40 (VIOLATED)
_58697_/RN                              0.20    0.60   -0.40 (VIOLATED)
_58699_/RN                              0.20    0.60   -0.40 (VIOLATED)
_58700_/RN                              0.20    0.60   -0.40 (VIOLATED)
_58701_/RN                              0.20    0.60   -0.40 (VIOLATED)
_58702_/RN                              0.20    0.60   -0.40 (VIOLATED)
_58703_/RN                              0.20    0.60   -0.40 (VIOLATED)
_58704_/RN                              0.20    0.60   -0.40 (VIOLATED)
_58705_/RN                              0.20    0.60   -0.40 (VIOLATED)
_58706_/RN                              0.20    0.60   -0.40 (VIOLATED)
_58707_/RN                              0.20    0.60   -0.40 (VIOLATED)
_58708_/RN                              0.20    0.60   -0.40 (VIOLATED)
_58709_/RN                              0.20    0.60   -0.40 (VIOLATED)
_58710_/RN                              0.20    0.60   -0.40 (VIOLATED)
_58711_/RN                              0.20    0.60   -0.40 (VIOLATED)
_58712_/RN                              0.20    0.60   -0.40 (VIOLATED)
_58713_/RN                              0.20    0.60   -0.40 (VIOLATED)
_58714_/RN                              0.20    0.60   -0.40 (VIOLATED)
_58715_/RN                              0.20    0.60   -0.40 (VIOLATED)
_58716_/RN                              0.20    0.60   -0.40 (VIOLATED)
_58717_/RN                              0.20    0.60   -0.40 (VIOLATED)
_58718_/RN                              0.20    0.60   -0.40 (VIOLATED)
_58719_/RN                              0.20    0.60   -0.40 (VIOLATED)
_58720_/RN                              0.20    0.60   -0.40 (VIOLATED)
_58721_/RN                              0.20    0.60   -0.40 (VIOLATED)
_58722_/RN                              0.20    0.60   -0.40 (VIOLATED)
_58725_/RN                              0.20    0.60   -0.40 (VIOLATED)
_58726_/RN                              0.20    0.60   -0.40 (VIOLATED)
_58727_/RN                              0.20    0.60   -0.40 (VIOLATED)
_58728_/RN                              0.20    0.60   -0.40 (VIOLATED)
_58729_/RN                              0.20    0.60   -0.40 (VIOLATED)
_58730_/RN                              0.20    0.60   -0.40 (VIOLATED)
_58733_/RN                              0.20    0.60   -0.40 (VIOLATED)
_58734_/RN                              0.20    0.60   -0.40 (VIOLATED)
_58735_/RN                              0.20    0.60   -0.40 (VIOLATED)
_58737_/RN                              0.20    0.60   -0.40 (VIOLATED)
_58739_/RN                              0.20    0.60   -0.40 (VIOLATED)
_58740_/RN                              0.20    0.60   -0.40 (VIOLATED)
_58742_/RN                              0.20    0.60   -0.40 (VIOLATED)
_58743_/RN                              0.20    0.60   -0.40 (VIOLATED)
_58744_/RN                              0.20    0.60   -0.40 (VIOLATED)
_58745_/RN                              0.20    0.60   -0.40 (VIOLATED)
_58746_/RN                              0.20    0.60   -0.40 (VIOLATED)
_58747_/RN                              0.20    0.60   -0.40 (VIOLATED)
_58748_/RN                              0.20    0.60   -0.40 (VIOLATED)
_58749_/RN                              0.20    0.60   -0.40 (VIOLATED)
_58750_/RN                              0.20    0.60   -0.40 (VIOLATED)
_58751_/RN                              0.20    0.60   -0.40 (VIOLATED)
_58752_/RN                              0.20    0.60   -0.40 (VIOLATED)
_58753_/RN                              0.20    0.60   -0.40 (VIOLATED)
_58754_/RN                              0.20    0.60   -0.40 (VIOLATED)
_58755_/RN                              0.20    0.60   -0.40 (VIOLATED)
_58756_/RN                              0.20    0.60   -0.40 (VIOLATED)
_58757_/RN                              0.20    0.60   -0.40 (VIOLATED)
_58758_/RN                              0.20    0.60   -0.40 (VIOLATED)
_58759_/RN                              0.20    0.60   -0.40 (VIOLATED)
_58760_/RN                              0.20    0.60   -0.40 (VIOLATED)
_58761_/RN                              0.20    0.60   -0.40 (VIOLATED)
_58762_/RN                              0.20    0.60   -0.40 (VIOLATED)
_58763_/RN                              0.20    0.60   -0.40 (VIOLATED)
_58764_/RN                              0.20    0.60   -0.40 (VIOLATED)
_58765_/RN                              0.20    0.60   -0.40 (VIOLATED)
_58766_/RN                              0.20    0.60   -0.40 (VIOLATED)
_58767_/RN                              0.20    0.60   -0.40 (VIOLATED)
_58768_/RN                              0.20    0.60   -0.40 (VIOLATED)
_58769_/RN                              0.20    0.60   -0.40 (VIOLATED)
_58770_/RN                              0.20    0.60   -0.40 (VIOLATED)
_58771_/RN                              0.20    0.60   -0.40 (VIOLATED)
_58772_/RN                              0.20    0.60   -0.40 (VIOLATED)
_58773_/RN                              0.20    0.60   -0.40 (VIOLATED)
_58774_/RN                              0.20    0.60   -0.40 (VIOLATED)
_58775_/RN                              0.20    0.60   -0.40 (VIOLATED)
_58776_/RN                              0.20    0.60   -0.40 (VIOLATED)
_58777_/RN                              0.20    0.60   -0.40 (VIOLATED)
_58778_/RN                              0.20    0.60   -0.40 (VIOLATED)
_58779_/RN                              0.20    0.60   -0.40 (VIOLATED)
_58781_/RN                              0.20    0.60   -0.40 (VIOLATED)
_58782_/RN                              0.20    0.60   -0.40 (VIOLATED)
_58783_/RN                              0.20    0.60   -0.40 (VIOLATED)
_58784_/RN                              0.20    0.60   -0.40 (VIOLATED)
_58785_/RN                              0.20    0.60   -0.40 (VIOLATED)
_58786_/RN                              0.20    0.60   -0.40 (VIOLATED)
_58789_/RN                              0.20    0.60   -0.40 (VIOLATED)
_58790_/RN                              0.20    0.60   -0.40 (VIOLATED)
_58791_/RN                              0.20    0.60   -0.40 (VIOLATED)
_58793_/RN                              0.20    0.60   -0.40 (VIOLATED)
_58794_/RN                              0.20    0.60   -0.40 (VIOLATED)
_58795_/RN                              0.20    0.60   -0.40 (VIOLATED)
_58796_/RN                              0.20    0.60   -0.40 (VIOLATED)
_58797_/RN                              0.20    0.60   -0.40 (VIOLATED)
_58798_/RN                              0.20    0.60   -0.40 (VIOLATED)
_58799_/RN                              0.20    0.60   -0.40 (VIOLATED)
_58800_/RN                              0.20    0.60   -0.40 (VIOLATED)
_58801_/RN                              0.20    0.60   -0.40 (VIOLATED)
_58802_/RN                              0.20    0.60   -0.40 (VIOLATED)
_58803_/RN                              0.20    0.60   -0.40 (VIOLATED)
_58804_/RN                              0.20    0.60   -0.40 (VIOLATED)
_58805_/RN                              0.20    0.60   -0.40 (VIOLATED)
_58806_/RN                              0.20    0.60   -0.40 (VIOLATED)
_58807_/RN                              0.20    0.60   -0.40 (VIOLATED)
_58808_/RN                              0.20    0.60   -0.40 (VIOLATED)
_58809_/RN                              0.20    0.60   -0.40 (VIOLATED)
_58810_/RN                              0.20    0.60   -0.40 (VIOLATED)
_58811_/RN                              0.20    0.60   -0.40 (VIOLATED)
_58814_/RN                              0.20    0.60   -0.40 (VIOLATED)
_58815_/RN                              0.20    0.60   -0.40 (VIOLATED)
_58817_/RN                              0.20    0.60   -0.40 (VIOLATED)
_58818_/RN                              0.20    0.60   -0.40 (VIOLATED)
_58822_/RN                              0.20    0.60   -0.40 (VIOLATED)
_58825_/RN                              0.20    0.60   -0.40 (VIOLATED)
_58826_/RN                              0.20    0.60   -0.40 (VIOLATED)
_58827_/RN                              0.20    0.60   -0.40 (VIOLATED)
_58828_/RN                              0.20    0.60   -0.40 (VIOLATED)
_58829_/RN                              0.20    0.60   -0.40 (VIOLATED)
_58830_/RN                              0.20    0.60   -0.40 (VIOLATED)
_58831_/RN                              0.20    0.60   -0.40 (VIOLATED)
_58832_/RN                              0.20    0.60   -0.40 (VIOLATED)
_58833_/RN                              0.20    0.60   -0.40 (VIOLATED)
_58834_/RN                              0.20    0.60   -0.40 (VIOLATED)
_58835_/RN                              0.20    0.60   -0.40 (VIOLATED)
_58836_/RN                              0.20    0.60   -0.40 (VIOLATED)
_58837_/RN                              0.20    0.60   -0.40 (VIOLATED)
_58838_/RN                              0.20    0.60   -0.40 (VIOLATED)
_58839_/RN                              0.20    0.60   -0.40 (VIOLATED)
_58840_/RN                              0.20    0.60   -0.40 (VIOLATED)
_58841_/RN                              0.20    0.60   -0.40 (VIOLATED)
_58842_/RN                              0.20    0.60   -0.40 (VIOLATED)
_58843_/RN                              0.20    0.60   -0.40 (VIOLATED)
_58847_/RN                              0.20    0.60   -0.40 (VIOLATED)
_58854_/RN                              0.20    0.60   -0.40 (VIOLATED)
_58857_/RN                              0.20    0.60   -0.40 (VIOLATED)
_58860_/RN                              0.20    0.60   -0.40 (VIOLATED)
_58863_/RN                              0.20    0.60   -0.40 (VIOLATED)
_58866_/RN                              0.20    0.60   -0.40 (VIOLATED)
_58868_/RN                              0.20    0.60   -0.40 (VIOLATED)
_58871_/RN                              0.20    0.60   -0.40 (VIOLATED)
_58872_/RN                              0.20    0.60   -0.40 (VIOLATED)
_58873_/RN                              0.20    0.60   -0.40 (VIOLATED)
_58874_/RN                              0.20    0.60   -0.40 (VIOLATED)
_58875_/RN                              0.20    0.60   -0.40 (VIOLATED)
_58876_/RN                              0.20    0.60   -0.40 (VIOLATED)
_58881_/RN                              0.20    0.60   -0.40 (VIOLATED)
_58882_/RN                              0.20    0.60   -0.40 (VIOLATED)
_58883_/RN                              0.20    0.60   -0.40 (VIOLATED)
_58884_/RN                              0.20    0.60   -0.40 (VIOLATED)
_58885_/RN                              0.20    0.60   -0.40 (VIOLATED)
_58886_/RN                              0.20    0.60   -0.40 (VIOLATED)
_58887_/RN                              0.20    0.60   -0.40 (VIOLATED)
_58889_/RN                              0.20    0.60   -0.40 (VIOLATED)
_58891_/RN                              0.20    0.60   -0.40 (VIOLATED)
_58893_/RN                              0.20    0.60   -0.40 (VIOLATED)
_58900_/RN                              0.20    0.60   -0.40 (VIOLATED)
_58902_/RN                              0.20    0.60   -0.40 (VIOLATED)
_58903_/RN                              0.20    0.60   -0.40 (VIOLATED)
_58904_/RN                              0.20    0.60   -0.40 (VIOLATED)
_58907_/RN                              0.20    0.60   -0.40 (VIOLATED)
_58908_/RN                              0.20    0.60   -0.40 (VIOLATED)
_58909_/RN                              0.20    0.60   -0.40 (VIOLATED)
_58912_/RN                              0.20    0.60   -0.40 (VIOLATED)
_58914_/RN                              0.20    0.60   -0.40 (VIOLATED)
_58915_/RN                              0.20    0.60   -0.40 (VIOLATED)
_58916_/RN                              0.20    0.60   -0.40 (VIOLATED)
_58917_/RN                              0.20    0.60   -0.40 (VIOLATED)
_58918_/RN                              0.20    0.60   -0.40 (VIOLATED)
_58919_/RN                              0.20    0.60   -0.40 (VIOLATED)
_58920_/RN                              0.20    0.60   -0.40 (VIOLATED)
_58921_/RN                              0.20    0.60   -0.40 (VIOLATED)
_58922_/RN                              0.20    0.60   -0.40 (VIOLATED)
_58923_/RN                              0.20    0.60   -0.40 (VIOLATED)
_58924_/RN                              0.20    0.60   -0.40 (VIOLATED)
_58925_/RN                              0.20    0.60   -0.40 (VIOLATED)
_58927_/RN                              0.20    0.60   -0.40 (VIOLATED)
_58928_/RN                              0.20    0.60   -0.40 (VIOLATED)
_58929_/RN                              0.20    0.60   -0.40 (VIOLATED)
_58930_/RN                              0.20    0.60   -0.40 (VIOLATED)
_58931_/RN                              0.20    0.60   -0.40 (VIOLATED)
_58932_/RN                              0.20    0.60   -0.40 (VIOLATED)
_58933_/RN                              0.20    0.60   -0.40 (VIOLATED)
_58934_/RN                              0.20    0.60   -0.40 (VIOLATED)
_58935_/RN                              0.20    0.60   -0.40 (VIOLATED)
_58936_/RN                              0.20    0.60   -0.40 (VIOLATED)
_58938_/RN                              0.20    0.60   -0.40 (VIOLATED)
_58940_/RN                              0.20    0.60   -0.40 (VIOLATED)
_58941_/RN                              0.20    0.60   -0.40 (VIOLATED)
_58943_/RN                              0.20    0.60   -0.40 (VIOLATED)
_58944_/RN                              0.20    0.60   -0.40 (VIOLATED)
_58945_/RN                              0.20    0.60   -0.40 (VIOLATED)
_58946_/RN                              0.20    0.60   -0.40 (VIOLATED)
_58947_/RN                              0.20    0.60   -0.40 (VIOLATED)
_58948_/RN                              0.20    0.60   -0.40 (VIOLATED)
_58949_/RN                              0.20    0.60   -0.40 (VIOLATED)
_58950_/RN                              0.20    0.60   -0.40 (VIOLATED)
_58951_/RN                              0.20    0.60   -0.40 (VIOLATED)
_58952_/RN                              0.20    0.60   -0.40 (VIOLATED)
_58953_/RN                              0.20    0.60   -0.40 (VIOLATED)
_58954_/RN                              0.20    0.60   -0.40 (VIOLATED)
_58955_/RN                              0.20    0.60   -0.40 (VIOLATED)
_58956_/RN                              0.20    0.60   -0.40 (VIOLATED)
_58957_/RN                              0.20    0.60   -0.40 (VIOLATED)
_58958_/RN                              0.20    0.60   -0.40 (VIOLATED)
_58959_/RN                              0.20    0.60   -0.40 (VIOLATED)
_58960_/RN                              0.20    0.60   -0.40 (VIOLATED)
_58961_/RN                              0.20    0.60   -0.40 (VIOLATED)
_58962_/RN                              0.20    0.60   -0.40 (VIOLATED)
_58964_/RN                              0.20    0.60   -0.40 (VIOLATED)
_58965_/RN                              0.20    0.60   -0.40 (VIOLATED)
_58966_/RN                              0.20    0.60   -0.40 (VIOLATED)
_58967_/RN                              0.20    0.60   -0.40 (VIOLATED)
_58968_/RN                              0.20    0.60   -0.40 (VIOLATED)
_58969_/RN                              0.20    0.60   -0.40 (VIOLATED)
_58970_/RN                              0.20    0.60   -0.40 (VIOLATED)
_58972_/RN                              0.20    0.60   -0.40 (VIOLATED)
_58973_/RN                              0.20    0.60   -0.40 (VIOLATED)
_58974_/RN                              0.20    0.60   -0.40 (VIOLATED)
_58975_/RN                              0.20    0.60   -0.40 (VIOLATED)
_58976_/RN                              0.20    0.60   -0.40 (VIOLATED)
_58977_/RN                              0.20    0.60   -0.40 (VIOLATED)
_58978_/RN                              0.20    0.60   -0.40 (VIOLATED)
_58981_/RN                              0.20    0.60   -0.40 (VIOLATED)
_58982_/RN                              0.20    0.60   -0.40 (VIOLATED)
_58983_/RN                              0.20    0.60   -0.40 (VIOLATED)
_58984_/RN                              0.20    0.60   -0.40 (VIOLATED)
_58985_/RN                              0.20    0.60   -0.40 (VIOLATED)
_58986_/RN                              0.20    0.60   -0.40 (VIOLATED)
_58988_/RN                              0.20    0.60   -0.40 (VIOLATED)
_58990_/RN                              0.20    0.60   -0.40 (VIOLATED)
_58991_/RN                              0.20    0.60   -0.40 (VIOLATED)
_58993_/RN                              0.20    0.60   -0.40 (VIOLATED)
_58994_/RN                              0.20    0.60   -0.40 (VIOLATED)
_58995_/RN                              0.20    0.60   -0.40 (VIOLATED)
_58996_/RN                              0.20    0.60   -0.40 (VIOLATED)
_58998_/RN                              0.20    0.60   -0.40 (VIOLATED)
_59001_/RN                              0.20    0.60   -0.40 (VIOLATED)
_59002_/RN                              0.20    0.60   -0.40 (VIOLATED)
_59004_/RN                              0.20    0.60   -0.40 (VIOLATED)
_59006_/RN                              0.20    0.60   -0.40 (VIOLATED)
_59007_/RN                              0.20    0.60   -0.40 (VIOLATED)
_59008_/RN                              0.20    0.60   -0.40 (VIOLATED)
_59009_/RN                              0.20    0.60   -0.40 (VIOLATED)
_59010_/RN                              0.20    0.60   -0.40 (VIOLATED)
_59011_/RN                              0.20    0.60   -0.40 (VIOLATED)
_59012_/RN                              0.20    0.60   -0.40 (VIOLATED)
_59013_/RN                              0.20    0.60   -0.40 (VIOLATED)
_59014_/RN                              0.20    0.60   -0.40 (VIOLATED)
_59015_/RN                              0.20    0.60   -0.40 (VIOLATED)
_59016_/RN                              0.20    0.60   -0.40 (VIOLATED)
_59017_/RN                              0.20    0.60   -0.40 (VIOLATED)
_59018_/RN                              0.20    0.60   -0.40 (VIOLATED)
_59019_/RN                              0.20    0.60   -0.40 (VIOLATED)
_59020_/RN                              0.20    0.60   -0.40 (VIOLATED)
_59021_/RN                              0.20    0.60   -0.40 (VIOLATED)
_59022_/RN                              0.20    0.60   -0.40 (VIOLATED)
_59023_/RN                              0.20    0.60   -0.40 (VIOLATED)
_59024_/RN                              0.20    0.60   -0.40 (VIOLATED)
_59025_/RN                              0.20    0.60   -0.40 (VIOLATED)
_59026_/RN                              0.20    0.60   -0.40 (VIOLATED)
_59027_/RN                              0.20    0.60   -0.40 (VIOLATED)
_59028_/RN                              0.20    0.60   -0.40 (VIOLATED)
_59029_/RN                              0.20    0.60   -0.40 (VIOLATED)
_59030_/RN                              0.20    0.60   -0.40 (VIOLATED)
_59031_/RN                              0.20    0.60   -0.40 (VIOLATED)
_59032_/RN                              0.20    0.60   -0.40 (VIOLATED)
_59033_/RN                              0.20    0.60   -0.40 (VIOLATED)
_59034_/RN                              0.20    0.60   -0.40 (VIOLATED)
_59035_/RN                              0.20    0.60   -0.40 (VIOLATED)
_59036_/RN                              0.20    0.60   -0.40 (VIOLATED)
_59037_/RN                              0.20    0.60   -0.40 (VIOLATED)
_59038_/RN                              0.20    0.60   -0.40 (VIOLATED)
_59039_/RN                              0.20    0.60   -0.40 (VIOLATED)
_59044_/RN                              0.20    0.60   -0.40 (VIOLATED)
_59045_/RN                              0.20    0.60   -0.40 (VIOLATED)
_59046_/RN                              0.20    0.60   -0.40 (VIOLATED)
_59047_/RN                              0.20    0.60   -0.40 (VIOLATED)
_59048_/RN                              0.20    0.60   -0.40 (VIOLATED)
_59049_/RN                              0.20    0.60   -0.40 (VIOLATED)
_59050_/RN                              0.20    0.60   -0.40 (VIOLATED)
_59051_/RN                              0.20    0.60   -0.40 (VIOLATED)
_59052_/RN                              0.20    0.60   -0.40 (VIOLATED)
_59053_/RN                              0.20    0.60   -0.40 (VIOLATED)
_59054_/RN                              0.20    0.60   -0.40 (VIOLATED)
_59055_/RN                              0.20    0.60   -0.40 (VIOLATED)
_59056_/RN                              0.20    0.60   -0.40 (VIOLATED)
_59057_/RN                              0.20    0.60   -0.40 (VIOLATED)
_59058_/RN                              0.20    0.60   -0.40 (VIOLATED)
_59059_/RN                              0.20    0.60   -0.40 (VIOLATED)
_59060_/RN                              0.20    0.60   -0.40 (VIOLATED)
_59061_/RN                              0.20    0.60   -0.40 (VIOLATED)
_59062_/RN                              0.20    0.60   -0.40 (VIOLATED)
_59063_/RN                              0.20    0.60   -0.40 (VIOLATED)
_59064_/RN                              0.20    0.60   -0.40 (VIOLATED)
_59065_/RN                              0.20    0.60   -0.40 (VIOLATED)
_59072_/RN                              0.20    0.60   -0.40 (VIOLATED)
_59077_/RN                              0.20    0.60   -0.40 (VIOLATED)
_59078_/RN                              0.20    0.60   -0.40 (VIOLATED)
_59079_/RN                              0.20    0.60   -0.40 (VIOLATED)
_59080_/RN                              0.20    0.60   -0.40 (VIOLATED)
_59081_/RN                              0.20    0.60   -0.40 (VIOLATED)
_59082_/RN                              0.20    0.60   -0.40 (VIOLATED)
_59083_/RN                              0.20    0.60   -0.40 (VIOLATED)
_59084_/RN                              0.20    0.60   -0.40 (VIOLATED)
_59085_/RN                              0.20    0.60   -0.40 (VIOLATED)
_59086_/RN                              0.20    0.60   -0.40 (VIOLATED)
_59087_/RN                              0.20    0.60   -0.40 (VIOLATED)
_59088_/RN                              0.20    0.60   -0.40 (VIOLATED)
_59089_/RN                              0.20    0.60   -0.40 (VIOLATED)
_59090_/RN                              0.20    0.60   -0.40 (VIOLATED)
_59091_/RN                              0.20    0.60   -0.40 (VIOLATED)
_59092_/RN                              0.20    0.60   -0.40 (VIOLATED)
_59093_/RN                              0.20    0.60   -0.40 (VIOLATED)
_59094_/RN                              0.20    0.60   -0.40 (VIOLATED)
_59095_/RN                              0.20    0.60   -0.40 (VIOLATED)
_59096_/RN                              0.20    0.60   -0.40 (VIOLATED)
_59097_/RN                              0.20    0.60   -0.40 (VIOLATED)
_59098_/RN                              0.20    0.60   -0.40 (VIOLATED)
_59099_/RN                              0.20    0.60   -0.40 (VIOLATED)
_59100_/RN                              0.20    0.60   -0.40 (VIOLATED)
_59101_/RN                              0.20    0.60   -0.40 (VIOLATED)
_59102_/RN                              0.20    0.60   -0.40 (VIOLATED)
_59103_/RN                              0.20    0.60   -0.40 (VIOLATED)
_59104_/RN                              0.20    0.60   -0.40 (VIOLATED)
_59105_/RN                              0.20    0.60   -0.40 (VIOLATED)
_59106_/RN                              0.20    0.60   -0.40 (VIOLATED)
_59107_/RN                              0.20    0.60   -0.40 (VIOLATED)
_59108_/RN                              0.20    0.60   -0.40 (VIOLATED)
_59114_/RN                              0.20    0.60   -0.40 (VIOLATED)
_59115_/RN                              0.20    0.60   -0.40 (VIOLATED)
_59116_/RN                              0.20    0.60   -0.40 (VIOLATED)
_59118_/RN                              0.20    0.60   -0.40 (VIOLATED)
_59120_/RN                              0.20    0.60   -0.40 (VIOLATED)
_59121_/RN                              0.20    0.60   -0.40 (VIOLATED)
_59122_/RN                              0.20    0.60   -0.40 (VIOLATED)
_59123_/RN                              0.20    0.60   -0.40 (VIOLATED)
_59124_/RN                              0.20    0.60   -0.40 (VIOLATED)
_59125_/RN                              0.20    0.60   -0.40 (VIOLATED)
_59126_/RN                              0.20    0.60   -0.40 (VIOLATED)
_59127_/RN                              0.20    0.60   -0.40 (VIOLATED)
_59128_/RN                              0.20    0.60   -0.40 (VIOLATED)
_59129_/RN                              0.20    0.60   -0.40 (VIOLATED)
_59130_/RN                              0.20    0.60   -0.40 (VIOLATED)
_59131_/RN                              0.20    0.60   -0.40 (VIOLATED)
_59132_/RN                              0.20    0.60   -0.40 (VIOLATED)
_59133_/RN                              0.20    0.60   -0.40 (VIOLATED)
_59134_/RN                              0.20    0.60   -0.40 (VIOLATED)
_59135_/RN                              0.20    0.60   -0.40 (VIOLATED)
_59136_/RN                              0.20    0.60   -0.40 (VIOLATED)
_59137_/RN                              0.20    0.60   -0.40 (VIOLATED)
_59138_/RN                              0.20    0.60   -0.40 (VIOLATED)
_59139_/RN                              0.20    0.60   -0.40 (VIOLATED)
_59142_/RN                              0.20    0.60   -0.40 (VIOLATED)
_59143_/RN                              0.20    0.60   -0.40 (VIOLATED)
_59145_/RN                              0.20    0.60   -0.40 (VIOLATED)
_59150_/RN                              0.20    0.60   -0.40 (VIOLATED)
_59151_/RN                              0.20    0.60   -0.40 (VIOLATED)
_59152_/RN                              0.20    0.60   -0.40 (VIOLATED)
_59153_/RN                              0.20    0.60   -0.40 (VIOLATED)
_59156_/RN                              0.20    0.60   -0.40 (VIOLATED)
_59158_/RN                              0.20    0.60   -0.40 (VIOLATED)
_59159_/RN                              0.20    0.60   -0.40 (VIOLATED)
_59160_/RN                              0.20    0.60   -0.40 (VIOLATED)
_59164_/RN                              0.20    0.60   -0.40 (VIOLATED)
_59168_/RN                              0.20    0.60   -0.40 (VIOLATED)
_59169_/RN                              0.20    0.60   -0.40 (VIOLATED)
_59171_/RN                              0.20    0.60   -0.40 (VIOLATED)
_59172_/RN                              0.20    0.60   -0.40 (VIOLATED)
_59173_/RN                              0.20    0.60   -0.40 (VIOLATED)
_59176_/RN                              0.20    0.60   -0.40 (VIOLATED)
_59183_/RN                              0.20    0.60   -0.40 (VIOLATED)
buffer1411/Z                            0.20    0.60   -0.40 (VIOLATED)
buffer1412/Z                            0.20    0.60   -0.40 (VIOLATED)
buffer1413/Z                            0.20    0.60   -0.40 (VIOLATED)
buffer1414/Z                            0.20    0.60   -0.40 (VIOLATED)
buffer1415/Z                            0.20    0.60   -0.40 (VIOLATED)
_58504_/RN                              0.20    0.60   -0.40 (VIOLATED)
_58505_/RN                              0.20    0.60   -0.40 (VIOLATED)
_58698_/RN                              0.20    0.60   -0.40 (VIOLATED)
_58723_/RN                              0.20    0.60   -0.40 (VIOLATED)
_58724_/RN                              0.20    0.60   -0.40 (VIOLATED)
_58731_/RN                              0.20    0.60   -0.40 (VIOLATED)
_58732_/RN                              0.20    0.60   -0.40 (VIOLATED)
_58736_/RN                              0.20    0.60   -0.40 (VIOLATED)
_58738_/RN                              0.20    0.60   -0.40 (VIOLATED)
_58741_/RN                              0.20    0.60   -0.40 (VIOLATED)
_58780_/RN                              0.20    0.60   -0.40 (VIOLATED)
_58787_/RN                              0.20    0.60   -0.40 (VIOLATED)
_58788_/RN                              0.20    0.60   -0.40 (VIOLATED)
_58792_/RN                              0.20    0.60   -0.40 (VIOLATED)
_58812_/RN                              0.20    0.60   -0.40 (VIOLATED)
_58813_/RN                              0.20    0.60   -0.40 (VIOLATED)
_58816_/RN                              0.20    0.60   -0.40 (VIOLATED)
_58819_/RN                              0.20    0.60   -0.40 (VIOLATED)
_58820_/RN                              0.20    0.60   -0.40 (VIOLATED)
_58821_/RN                              0.20    0.60   -0.40 (VIOLATED)
_58823_/RN                              0.20    0.60   -0.40 (VIOLATED)
_58824_/RN                              0.20    0.60   -0.40 (VIOLATED)
_58844_/RN                              0.20    0.60   -0.40 (VIOLATED)
_58845_/RN                              0.20    0.60   -0.40 (VIOLATED)
_58846_/RN                              0.20    0.60   -0.40 (VIOLATED)
_58848_/RN                              0.20    0.60   -0.40 (VIOLATED)
_58849_/RN                              0.20    0.60   -0.40 (VIOLATED)
_58850_/RN                              0.20    0.60   -0.40 (VIOLATED)
_58851_/RN                              0.20    0.60   -0.40 (VIOLATED)
_58852_/RN                              0.20    0.60   -0.40 (VIOLATED)
_58853_/RN                              0.20    0.60   -0.40 (VIOLATED)
_58855_/RN                              0.20    0.60   -0.40 (VIOLATED)
_58856_/RN                              0.20    0.60   -0.40 (VIOLATED)
_58858_/RN                              0.20    0.60   -0.40 (VIOLATED)
_58859_/RN                              0.20    0.60   -0.40 (VIOLATED)
_58861_/RN                              0.20    0.60   -0.40 (VIOLATED)
_58862_/RN                              0.20    0.60   -0.40 (VIOLATED)
_58864_/RN                              0.20    0.60   -0.40 (VIOLATED)
_58865_/RN                              0.20    0.60   -0.40 (VIOLATED)
_58867_/RN                              0.20    0.60   -0.40 (VIOLATED)
_58869_/RN                              0.20    0.60   -0.40 (VIOLATED)
_58870_/RN                              0.20    0.60   -0.40 (VIOLATED)
_58877_/RN                              0.20    0.60   -0.40 (VIOLATED)
_58878_/RN                              0.20    0.60   -0.40 (VIOLATED)
_58879_/RN                              0.20    0.60   -0.40 (VIOLATED)
_58880_/RN                              0.20    0.60   -0.40 (VIOLATED)
_58888_/RN                              0.20    0.60   -0.40 (VIOLATED)
_58890_/RN                              0.20    0.60   -0.40 (VIOLATED)
_58892_/RN                              0.20    0.60   -0.40 (VIOLATED)
_58894_/RN                              0.20    0.60   -0.40 (VIOLATED)
_58895_/RN                              0.20    0.60   -0.40 (VIOLATED)
_58896_/RN                              0.20    0.60   -0.40 (VIOLATED)
_58897_/RN                              0.20    0.60   -0.40 (VIOLATED)
_58898_/RN                              0.20    0.60   -0.40 (VIOLATED)
_58899_/RN                              0.20    0.60   -0.40 (VIOLATED)
_58901_/RN                              0.20    0.60   -0.40 (VIOLATED)
_58905_/RN                              0.20    0.60   -0.40 (VIOLATED)
_58906_/RN                              0.20    0.60   -0.40 (VIOLATED)
_58910_/RN                              0.20    0.60   -0.40 (VIOLATED)
_58911_/RN                              0.20    0.60   -0.40 (VIOLATED)
_58913_/RN                              0.20    0.60   -0.40 (VIOLATED)
_58926_/RN                              0.20    0.60   -0.40 (VIOLATED)
_58937_/RN                              0.20    0.60   -0.40 (VIOLATED)
_58939_/RN                              0.20    0.60   -0.40 (VIOLATED)
_58942_/RN                              0.20    0.60   -0.40 (VIOLATED)
_58963_/RN                              0.20    0.60   -0.40 (VIOLATED)
_58971_/RN                              0.20    0.60   -0.40 (VIOLATED)
_58979_/RN                              0.20    0.60   -0.40 (VIOLATED)
_58980_/RN                              0.20    0.60   -0.40 (VIOLATED)
_58987_/RN                              0.20    0.60   -0.40 (VIOLATED)
_58989_/RN                              0.20    0.60   -0.40 (VIOLATED)
_58992_/RN                              0.20    0.60   -0.40 (VIOLATED)
_58997_/RN                              0.20    0.60   -0.40 (VIOLATED)
_58999_/RN                              0.20    0.60   -0.40 (VIOLATED)
_59000_/RN                              0.20    0.60   -0.40 (VIOLATED)
_59003_/RN                              0.20    0.60   -0.40 (VIOLATED)
_59005_/RN                              0.20    0.60   -0.40 (VIOLATED)
_59117_/RN                              0.20    0.60   -0.40 (VIOLATED)
_59119_/RN                              0.20    0.60   -0.40 (VIOLATED)
_59140_/RN                              0.20    0.60   -0.40 (VIOLATED)
_59141_/RN                              0.20    0.60   -0.40 (VIOLATED)
_59144_/RN                              0.20    0.60   -0.40 (VIOLATED)
_59149_/RN                              0.20    0.60   -0.40 (VIOLATED)
_59154_/RN                              0.20    0.60   -0.40 (VIOLATED)
_59155_/RN                              0.20    0.60   -0.40 (VIOLATED)
_59157_/RN                              0.20    0.60   -0.40 (VIOLATED)
_59161_/RN                              0.20    0.60   -0.40 (VIOLATED)
_59162_/RN                              0.20    0.60   -0.40 (VIOLATED)
_59163_/RN                              0.20    0.60   -0.40 (VIOLATED)
_59165_/RN                              0.20    0.60   -0.40 (VIOLATED)
_59166_/RN                              0.20    0.60   -0.40 (VIOLATED)
_59167_/RN                              0.20    0.60   -0.40 (VIOLATED)
_59170_/RN                              0.20    0.60   -0.40 (VIOLATED)
_59174_/RN                              0.20    0.60   -0.40 (VIOLATED)
_59175_/RN                              0.20    0.60   -0.40 (VIOLATED)
_59177_/RN                              0.20    0.60   -0.40 (VIOLATED)
_59178_/RN                              0.20    0.60   -0.40 (VIOLATED)
_59179_/RN                              0.20    0.60   -0.40 (VIOLATED)
_59180_/RN                              0.20    0.60   -0.40 (VIOLATED)
buffer1330/A                            0.20    0.60   -0.40 (VIOLATED)
buffer1407/Z                            0.20    0.60   -0.40 (VIOLATED)
_53235_/A                               0.20    0.48   -0.29 (VIOLATED)
_58508_/RN                              0.20    0.48   -0.29 (VIOLATED)
_58513_/RN                              0.20    0.48   -0.29 (VIOLATED)
_58514_/RN                              0.20    0.48   -0.29 (VIOLATED)
_58515_/RN                              0.20    0.48   -0.29 (VIOLATED)
_58516_/RN                              0.20    0.48   -0.29 (VIOLATED)
_58517_/RN                              0.20    0.48   -0.29 (VIOLATED)
_58518_/RN                              0.20    0.48   -0.29 (VIOLATED)
_58519_/RN                              0.20    0.48   -0.29 (VIOLATED)
_58520_/RN                              0.20    0.48   -0.29 (VIOLATED)
_58521_/RN                              0.20    0.48   -0.29 (VIOLATED)
_58522_/RN                              0.20    0.48   -0.29 (VIOLATED)
_58523_/RN                              0.20    0.48   -0.29 (VIOLATED)
_58524_/RN                              0.20    0.48   -0.29 (VIOLATED)
_58525_/RN                              0.20    0.48   -0.29 (VIOLATED)
_58526_/RN                              0.20    0.48   -0.29 (VIOLATED)
_58527_/RN                              0.20    0.48   -0.29 (VIOLATED)
_58528_/RN                              0.20    0.48   -0.29 (VIOLATED)
_58529_/RN                              0.20    0.48   -0.29 (VIOLATED)
_58530_/RN                              0.20    0.48   -0.29 (VIOLATED)
_58531_/RN                              0.20    0.48   -0.29 (VIOLATED)
_58532_/RN                              0.20    0.48   -0.29 (VIOLATED)
_58533_/RN                              0.20    0.48   -0.29 (VIOLATED)
_58534_/RN                              0.20    0.48   -0.29 (VIOLATED)
_58535_/RN                              0.20    0.48   -0.29 (VIOLATED)
_58536_/RN                              0.20    0.48   -0.29 (VIOLATED)
_58537_/RN                              0.20    0.48   -0.29 (VIOLATED)
_58538_/RN                              0.20    0.48   -0.29 (VIOLATED)
_58539_/RN                              0.20    0.48   -0.29 (VIOLATED)
_58540_/RN                              0.20    0.48   -0.29 (VIOLATED)
_58541_/RN                              0.20    0.48   -0.29 (VIOLATED)
_58542_/RN                              0.20    0.48   -0.29 (VIOLATED)
_58543_/RN                              0.20    0.48   -0.29 (VIOLATED)
_58544_/RN                              0.20    0.48   -0.29 (VIOLATED)
_58545_/RN                              0.20    0.48   -0.29 (VIOLATED)
_58546_/RN                              0.20    0.48   -0.29 (VIOLATED)
_58547_/RN                              0.20    0.48   -0.29 (VIOLATED)
_58549_/RN                              0.20    0.48   -0.29 (VIOLATED)
_58551_/RN                              0.20    0.48   -0.29 (VIOLATED)
_58552_/RN                              0.20    0.48   -0.29 (VIOLATED)
_58553_/RN                              0.20    0.48   -0.29 (VIOLATED)
_58555_/RN                              0.20    0.48   -0.29 (VIOLATED)
_58556_/RN                              0.20    0.48   -0.29 (VIOLATED)
_58557_/RN                              0.20    0.48   -0.29 (VIOLATED)
_58594_/RN                              0.20    0.48   -0.29 (VIOLATED)
_58595_/SN                              0.20    0.48   -0.29 (VIOLATED)
_58596_/RN                              0.20    0.48   -0.29 (VIOLATED)
_58597_/RN                              0.20    0.48   -0.29 (VIOLATED)
_58637_/RN                              0.20    0.48   -0.29 (VIOLATED)
_58671_/RN                              0.20    0.48   -0.29 (VIOLATED)
_58672_/RN                              0.20    0.48   -0.29 (VIOLATED)
_58673_/RN                              0.20    0.48   -0.29 (VIOLATED)
_58675_/RN                              0.20    0.48   -0.29 (VIOLATED)
_58676_/RN                              0.20    0.48   -0.29 (VIOLATED)
_58677_/RN                              0.20    0.48   -0.29 (VIOLATED)
_58679_/RN                              0.20    0.48   -0.29 (VIOLATED)
_58680_/RN                              0.20    0.48   -0.29 (VIOLATED)
_58681_/RN                              0.20    0.48   -0.29 (VIOLATED)
_58682_/RN                              0.20    0.48   -0.29 (VIOLATED)
_58683_/RN                              0.20    0.48   -0.29 (VIOLATED)
_59040_/RN                              0.20    0.48   -0.29 (VIOLATED)
_59041_/SN                              0.20    0.48   -0.29 (VIOLATED)
_59042_/SN                              0.20    0.48   -0.29 (VIOLATED)
_59043_/SN                              0.20    0.48   -0.29 (VIOLATED)
_59066_/RN                              0.20    0.48   -0.29 (VIOLATED)
_59067_/RN                              0.20    0.48   -0.29 (VIOLATED)
_59068_/RN                              0.20    0.48   -0.29 (VIOLATED)
_59069_/SN                              0.20    0.48   -0.29 (VIOLATED)
_59070_/SN                              0.20    0.48   -0.29 (VIOLATED)
_59071_/SN                              0.20    0.48   -0.29 (VIOLATED)
_59073_/RN                              0.20    0.48   -0.29 (VIOLATED)
_59074_/SN                              0.20    0.48   -0.29 (VIOLATED)
_59075_/SN                              0.20    0.48   -0.29 (VIOLATED)
_59076_/SN                              0.20    0.48   -0.29 (VIOLATED)
_59109_/RN                              0.20    0.48   -0.29 (VIOLATED)
_59110_/SN                              0.20    0.48   -0.29 (VIOLATED)
_59111_/SN                              0.20    0.48   -0.29 (VIOLATED)
_59112_/SN                              0.20    0.48   -0.29 (VIOLATED)
_59113_/RN                              0.20    0.48   -0.29 (VIOLATED)
_59146_/RN                              0.20    0.48   -0.29 (VIOLATED)
_59147_/RN                              0.20    0.48   -0.29 (VIOLATED)
_59148_/SN                              0.20    0.48   -0.29 (VIOLATED)
_59181_/SN                              0.20    0.48   -0.29 (VIOLATED)
_59182_/SN                              0.20    0.48   -0.29 (VIOLATED)
buffer1410/Z                            0.20    0.48   -0.29 (VIOLATED)


==========================================================================
report_power
--------------------------------------------------------------------------
Group                  Internal  Switching    Leakage      Total
                          Power      Power      Power      Power
----------------------------------------------------------------
Sequential             2.12e-06   0.00e+00   1.62e-04   1.64e-04   8.7%
Combinational          2.16e-04   5.18e-04   9.96e-04   1.73e-03  91.3%
Macro                  0.00e+00   0.00e+00   0.00e+00   0.00e+00   0.0%
Pad                    0.00e+00   0.00e+00   0.00e+00   0.00e+00   0.0%
----------------------------------------------------------------
Total                  2.19e-04   5.18e-04   1.16e-03   1.89e-03 100.0%
                          11.5%      27.3%      61.1%

==========================================================================
report_design_area
--------------------------------------------------------------------------
Design area 716883 u^2 100% utilization.
