
==========================================================================
report_checks -path_delay min
--------------------------------------------------------------------------
Startpoint: _74289_ (rising edge-triggered flip-flop clocked by core_clock)
Endpoint: _74290_ (rising edge-triggered flip-flop clocked by core_clock)
Path Group: core_clock
Path Type: min

  Delay    Time   Description
---------------------------------------------------------
   0.00    0.00   clock core_clock (rise edge)
   0.00    0.00   clock network delay (ideal)
   0.00    0.00 ^ _74289_/CK (DFF_X1)
   0.08    0.08 v _74289_/Q (DFF_X1)
   0.00    0.08 v _74290_/D (DFF_X1)
           0.08   data arrival time

   0.00    0.00   clock core_clock (rise edge)
   0.00    0.00   clock network delay (ideal)
   0.00    0.00   clock reconvergence pessimism
           0.00 ^ _74290_/CK (DFF_X1)
   0.00    0.00   library hold time
           0.00   data required time
---------------------------------------------------------
           0.00   data required time
          -0.08   data arrival time
---------------------------------------------------------
           0.08   slack (MET)



==========================================================================
report_checks -path_delay max
--------------------------------------------------------------------------
Startpoint: _74292_ (rising edge-triggered flip-flop clocked by core_clock)
Endpoint: _73471_ (rising edge-triggered flip-flop clocked by core_clock)
Path Group: core_clock
Path Type: max

  Delay    Time   Description
---------------------------------------------------------
   0.00    0.00   clock core_clock (rise edge)
   0.00    0.00   clock network delay (ideal)
   0.00    0.00 ^ _74292_/CK (DFF_X1)
   0.09    0.09 ^ _74292_/Q (DFF_X1)
   0.04    0.13 ^ _65697_/Z (BUF_X2)
   0.02    0.15 v _43167_/ZN (INV_X2)
   0.03    0.18 ^ _43178_/ZN (NAND2_X4)
   0.03    0.21 v _43180_/ZN (NAND2_X4)
   0.04    0.25 v _43222_/ZN (AND2_X1)
   0.03    0.28 v _43223_/Z (BUF_X4)
   0.03    0.31 ^ _43224_/ZN (INV_X2)
   0.05    0.36 ^ _43225_/Z (BUF_X2)
   0.04    0.40 v _43750_/ZN (NAND4_X1)
   0.04    0.44 v _43756_/ZN (AND2_X4)
   0.04    0.47 v _56346_/ZN (AND2_X2)
   0.04    0.51 v _56358_/ZN (AND2_X2)
   0.03    0.54 ^ _56389_/ZN (OAI211_X2)
   0.03    0.57 v _56395_/ZN (NAND4_X1)
   0.03    0.59 ^ _56399_/ZN (NOR2_X1)
   0.03    0.62 v _56404_/ZN (NAND4_X1)
   0.05    0.67 ^ _56411_/ZN (NOR4_X1)
   0.03    0.71 v _56420_/ZN (NAND4_X1)
   0.04    0.75 ^ _56424_/ZN (NOR3_X1)
   0.03    0.78 v _56432_/ZN (NAND4_X1)
   0.05    0.83 ^ _56439_/ZN (NOR4_X1)
   0.03    0.86 v _56448_/ZN (NAND4_X1)
   0.07    0.93 ^ _56458_/ZN (NOR4_X1)
   0.04    0.97 v _56462_/ZN (OAI211_X2)
   0.04    1.01 ^ _56471_/ZN (NOR4_X1)
   0.06    1.07 ^ _56476_/ZN (AND4_X1)
   0.02    1.10 v _56483_/ZN (NAND4_X1)
   0.05    1.15 ^ _56492_/ZN (NOR4_X1)
   0.03    1.18 v _56502_/ZN (NAND4_X1)
   0.05    1.23 ^ _56511_/ZN (NOR4_X1)
   0.03    1.27 v _56519_/ZN (NAND4_X1)
   0.05    1.32 ^ _56530_/ZN (NOR4_X1)
   0.03    1.35 v _56538_/ZN (NAND4_X1)
   0.05    1.40 ^ _56546_/ZN (NOR4_X1)
   0.03    1.44 v _56556_/ZN (NAND4_X1)
   0.05    1.49 ^ _56563_/ZN (NOR4_X1)
   0.03    1.52 v _56572_/ZN (NAND4_X1)
   0.05    1.58 ^ _56579_/ZN (NOR4_X1)
   0.03    1.61 v _56588_/ZN (NAND4_X1)
   0.05    1.66 ^ _56598_/ZN (NOR4_X1)
   0.03    1.70 v _56609_/ZN (NAND4_X1)
   0.05    1.75 ^ _56616_/ZN (NOR4_X1)
   0.03    1.78 v _56624_/ZN (NAND4_X1)
   0.05    1.83 ^ _56633_/ZN (NOR4_X1)
   0.03    1.87 v _56643_/ZN (NAND4_X1)
   0.05    1.92 ^ _56651_/ZN (NOR4_X1)
   0.03    1.95 v _56660_/ZN (NAND4_X1)
   0.05    2.00 ^ _56667_/ZN (NOR4_X1)
   0.03    2.04 v _56675_/ZN (NAND4_X1)
   0.05    2.09 ^ _56680_/ZN (NOR4_X1)
   0.03    2.12 v _56686_/ZN (NAND4_X1)
   0.05    2.17 ^ _56690_/ZN (NOR4_X1)
   0.06    2.23 ^ _56695_/ZN (AND3_X1)
   0.03    2.25 v _56699_/ZN (OAI211_X2)
   0.07    2.32 ^ _56706_/ZN (NOR4_X1)
   0.04    2.36 v _56709_/ZN (OAI211_X2)
   0.05    2.41 ^ _56716_/ZN (NOR4_X1)
   0.04    2.45 v _56721_/ZN (NAND4_X1)
   0.03    2.48 ^ _56723_/ZN (OAI221_X2)
   0.06    2.54 v _56727_/ZN (AOI221_X4)
   0.03    2.57 v _56729_/ZN (AND2_X2)
   0.03    2.60 v _61077_/ZN (AND2_X1)
   0.04    2.64 v _61078_/Z (BUF_X2)
   0.04    2.67 v _61079_/Z (BUF_X4)
   0.05    2.72 v _61907_/Z (MUX2_X1)
   0.06    2.77 v _61908_/Z (MUX2_X1)
   0.03    2.80 v _72207_/Z (CLKBUF_X1)
   0.00    2.80 v _73471_/D (DFF_X1)
           2.80   data arrival time

   5.60    5.60   clock core_clock (rise edge)
   0.00    5.60   clock network delay (ideal)
   0.00    5.60   clock reconvergence pessimism
           5.60 ^ _73471_/CK (DFF_X1)
  -0.04    5.56   library setup time
           5.56   data required time
---------------------------------------------------------
           5.56   data required time
          -2.80   data arrival time
---------------------------------------------------------
           2.76   slack (MET)



==========================================================================
report_checks -unconstrained
--------------------------------------------------------------------------
Startpoint: _74292_ (rising edge-triggered flip-flop clocked by core_clock)
Endpoint: _73471_ (rising edge-triggered flip-flop clocked by core_clock)
Path Group: core_clock
Path Type: max

  Delay    Time   Description
---------------------------------------------------------
   0.00    0.00   clock core_clock (rise edge)
   0.00    0.00   clock network delay (ideal)
   0.00    0.00 ^ _74292_/CK (DFF_X1)
   0.09    0.09 ^ _74292_/Q (DFF_X1)
   0.04    0.13 ^ _65697_/Z (BUF_X2)
   0.02    0.15 v _43167_/ZN (INV_X2)
   0.03    0.18 ^ _43178_/ZN (NAND2_X4)
   0.03    0.21 v _43180_/ZN (NAND2_X4)
   0.04    0.25 v _43222_/ZN (AND2_X1)
   0.03    0.28 v _43223_/Z (BUF_X4)
   0.03    0.31 ^ _43224_/ZN (INV_X2)
   0.05    0.36 ^ _43225_/Z (BUF_X2)
   0.04    0.40 v _43750_/ZN (NAND4_X1)
   0.04    0.44 v _43756_/ZN (AND2_X4)
   0.04    0.47 v _56346_/ZN (AND2_X2)
   0.04    0.51 v _56358_/ZN (AND2_X2)
   0.03    0.54 ^ _56389_/ZN (OAI211_X2)
   0.03    0.57 v _56395_/ZN (NAND4_X1)
   0.03    0.59 ^ _56399_/ZN (NOR2_X1)
   0.03    0.62 v _56404_/ZN (NAND4_X1)
   0.05    0.67 ^ _56411_/ZN (NOR4_X1)
   0.03    0.71 v _56420_/ZN (NAND4_X1)
   0.04    0.75 ^ _56424_/ZN (NOR3_X1)
   0.03    0.78 v _56432_/ZN (NAND4_X1)
   0.05    0.83 ^ _56439_/ZN (NOR4_X1)
   0.03    0.86 v _56448_/ZN (NAND4_X1)
   0.07    0.93 ^ _56458_/ZN (NOR4_X1)
   0.04    0.97 v _56462_/ZN (OAI211_X2)
   0.04    1.01 ^ _56471_/ZN (NOR4_X1)
   0.06    1.07 ^ _56476_/ZN (AND4_X1)
   0.02    1.10 v _56483_/ZN (NAND4_X1)
   0.05    1.15 ^ _56492_/ZN (NOR4_X1)
   0.03    1.18 v _56502_/ZN (NAND4_X1)
   0.05    1.23 ^ _56511_/ZN (NOR4_X1)
   0.03    1.27 v _56519_/ZN (NAND4_X1)
   0.05    1.32 ^ _56530_/ZN (NOR4_X1)
   0.03    1.35 v _56538_/ZN (NAND4_X1)
   0.05    1.40 ^ _56546_/ZN (NOR4_X1)
   0.03    1.44 v _56556_/ZN (NAND4_X1)
   0.05    1.49 ^ _56563_/ZN (NOR4_X1)
   0.03    1.52 v _56572_/ZN (NAND4_X1)
   0.05    1.58 ^ _56579_/ZN (NOR4_X1)
   0.03    1.61 v _56588_/ZN (NAND4_X1)
   0.05    1.66 ^ _56598_/ZN (NOR4_X1)
   0.03    1.70 v _56609_/ZN (NAND4_X1)
   0.05    1.75 ^ _56616_/ZN (NOR4_X1)
   0.03    1.78 v _56624_/ZN (NAND4_X1)
   0.05    1.83 ^ _56633_/ZN (NOR4_X1)
   0.03    1.87 v _56643_/ZN (NAND4_X1)
   0.05    1.92 ^ _56651_/ZN (NOR4_X1)
   0.03    1.95 v _56660_/ZN (NAND4_X1)
   0.05    2.00 ^ _56667_/ZN (NOR4_X1)
   0.03    2.04 v _56675_/ZN (NAND4_X1)
   0.05    2.09 ^ _56680_/ZN (NOR4_X1)
   0.03    2.12 v _56686_/ZN (NAND4_X1)
   0.05    2.17 ^ _56690_/ZN (NOR4_X1)
   0.06    2.23 ^ _56695_/ZN (AND3_X1)
   0.03    2.25 v _56699_/ZN (OAI211_X2)
   0.07    2.32 ^ _56706_/ZN (NOR4_X1)
   0.04    2.36 v _56709_/ZN (OAI211_X2)
   0.05    2.41 ^ _56716_/ZN (NOR4_X1)
   0.04    2.45 v _56721_/ZN (NAND4_X1)
   0.03    2.48 ^ _56723_/ZN (OAI221_X2)
   0.06    2.54 v _56727_/ZN (AOI221_X4)
   0.03    2.57 v _56729_/ZN (AND2_X2)
   0.03    2.60 v _61077_/ZN (AND2_X1)
   0.04    2.64 v _61078_/Z (BUF_X2)
   0.04    2.67 v _61079_/Z (BUF_X4)
   0.05    2.72 v _61907_/Z (MUX2_X1)
   0.06    2.77 v _61908_/Z (MUX2_X1)
   0.03    2.80 v _72207_/Z (CLKBUF_X1)
   0.00    2.80 v _73471_/D (DFF_X1)
           2.80   data arrival time

   5.60    5.60   clock core_clock (rise edge)
   0.00    5.60   clock network delay (ideal)
   0.00    5.60   clock reconvergence pessimism
           5.60 ^ _73471_/CK (DFF_X1)
  -0.04    5.56   library setup time
           5.56   data required time
---------------------------------------------------------
           5.56   data required time
          -2.80   data arrival time
---------------------------------------------------------
           2.76   slack (MET)



==========================================================================
report_tns
--------------------------------------------------------------------------
tns 0.00

==========================================================================
report_wns
--------------------------------------------------------------------------
wns 0.00

==========================================================================
report_check_types -max_transition -all_violators
--------------------------------------------------------------------------
max_transition

Pin                                    Limit   Trans   Slack
------------------------------------------------------------
_68361_/A                               0.20    0.43   -0.23 (VIOLATED)
_68375_/A                               0.20    0.43   -0.23 (VIOLATED)
_68379_/A                               0.20    0.43   -0.23 (VIOLATED)
_68411_/A                               0.20    0.43   -0.23 (VIOLATED)
_68355_/A                               0.20    0.33   -0.13 (VIOLATED)
_68363_/A                               0.20    0.33   -0.13 (VIOLATED)
_68365_/A                               0.20    0.33   -0.13 (VIOLATED)
_68367_/A                               0.20    0.33   -0.13 (VIOLATED)
_68381_/A                               0.20    0.33   -0.13 (VIOLATED)
_68409_/A                               0.20    0.33   -0.13 (VIOLATED)
_68413_/A                               0.20    0.33   -0.13 (VIOLATED)
_68415_/A                               0.20    0.33   -0.13 (VIOLATED)
_64678_/A                               0.20    0.28   -0.09 (VIOLATED)
_64681_/A                               0.20    0.28   -0.09 (VIOLATED)
_64684_/A                               0.20    0.28   -0.09 (VIOLATED)
_64687_/A                               0.20    0.28   -0.09 (VIOLATED)
_64690_/A                               0.20    0.28   -0.09 (VIOLATED)
_64693_/A                               0.20    0.28   -0.09 (VIOLATED)
_64696_/A                               0.20    0.28   -0.09 (VIOLATED)
_64699_/A                               0.20    0.28   -0.09 (VIOLATED)
_64702_/A                               0.20    0.28   -0.09 (VIOLATED)
_64705_/A                               0.20    0.28   -0.09 (VIOLATED)
_64708_/A                               0.20    0.28   -0.09 (VIOLATED)
_64711_/A                               0.20    0.28   -0.09 (VIOLATED)
_64714_/A                               0.20    0.28   -0.09 (VIOLATED)
_64717_/A                               0.20    0.28   -0.09 (VIOLATED)
_64720_/A                               0.20    0.28   -0.09 (VIOLATED)
_64723_/A                               0.20    0.28   -0.09 (VIOLATED)
_64726_/A                               0.20    0.28   -0.09 (VIOLATED)
_64729_/A                               0.20    0.28   -0.09 (VIOLATED)
_64732_/A                               0.20    0.28   -0.09 (VIOLATED)
_64735_/A                               0.20    0.28   -0.09 (VIOLATED)
_64738_/A                               0.20    0.28   -0.09 (VIOLATED)
_64741_/A                               0.20    0.28   -0.09 (VIOLATED)
_64744_/A                               0.20    0.28   -0.09 (VIOLATED)
_64747_/A                               0.20    0.28   -0.09 (VIOLATED)
_64750_/A                               0.20    0.28   -0.09 (VIOLATED)
_64753_/A                               0.20    0.28   -0.09 (VIOLATED)
_64756_/A                               0.20    0.28   -0.09 (VIOLATED)
_64759_/A                               0.20    0.28   -0.09 (VIOLATED)
_64762_/A                               0.20    0.28   -0.09 (VIOLATED)
_64765_/A                               0.20    0.28   -0.09 (VIOLATED)
_64768_/A                               0.20    0.28   -0.09 (VIOLATED)
_64771_/A                               0.20    0.28   -0.09 (VIOLATED)
_68353_/A                               0.20    0.28   -0.09 (VIOLATED)
_68357_/A                               0.20    0.28   -0.09 (VIOLATED)
_68359_/A                               0.20    0.28   -0.09 (VIOLATED)
_68369_/A                               0.20    0.28   -0.09 (VIOLATED)
_68371_/A                               0.20    0.28   -0.09 (VIOLATED)
_68373_/A                               0.20    0.28   -0.09 (VIOLATED)
_68377_/A                               0.20    0.28   -0.09 (VIOLATED)
_68383_/A                               0.20    0.28   -0.09 (VIOLATED)
_68385_/A                               0.20    0.28   -0.09 (VIOLATED)
_68387_/A                               0.20    0.28   -0.09 (VIOLATED)
_68389_/A                               0.20    0.28   -0.09 (VIOLATED)
_68391_/A                               0.20    0.28   -0.09 (VIOLATED)
_68393_/A                               0.20    0.28   -0.09 (VIOLATED)
_68395_/A                               0.20    0.28   -0.09 (VIOLATED)
_68397_/A                               0.20    0.28   -0.09 (VIOLATED)
_68399_/A                               0.20    0.28   -0.09 (VIOLATED)
_68401_/A                               0.20    0.28   -0.09 (VIOLATED)
_68403_/A                               0.20    0.28   -0.09 (VIOLATED)
_68405_/A                               0.20    0.28   -0.09 (VIOLATED)
_68407_/A                               0.20    0.28   -0.09 (VIOLATED)
frontend.icache.data_arrays_0.data_arrays_0_0_ext.mem/we_in    0.00    0.01   -0.01 (VIOLATED)
frontend.icache.data_arrays_0.data_arrays_0_0_ext.mem/ce_in    0.00    0.01   -0.01 (VIOLATED)
dcache.data.data_arrays_0.data_arrays_0_ext.mem/ce_in    0.00    0.01   -0.01 (VIOLATED)
dcache.data.data_arrays_0.data_arrays_0_ext.mem/we_in    0.00    0.01   -0.01 (VIOLATED)


==========================================================================
report_power
--------------------------------------------------------------------------
Group                  Internal  Switching    Leakage      Total
                          Power      Power      Power      Power
----------------------------------------------------------------
Sequential             4.98e-03   5.04e-05   3.15e-04   5.35e-03   0.0%
Combinational          5.62e+01   3.16e-03   1.52e-03   5.62e+01 100.0%
Macro                  0.00e+00   0.00e+00   0.00e+00   0.00e+00   0.0%
Pad                    0.00e+00   0.00e+00   0.00e+00   0.00e+00   0.0%
----------------------------------------------------------------
Total                  5.62e+01   3.21e-03   1.84e-03   5.62e+01 100.0%
                         100.0%       0.0%       0.0%

==========================================================================
report_design_area
--------------------------------------------------------------------------
Design area 2830570 u^2 100% utilization.
