
==========================================================================
report_floating_nets
--------------------------------------------------------------------------
Warning: found 6022 floatiing nets.

==========================================================================
report_checks
--------------------------------------------------------------------------
Startpoint: _213633_ (rising edge-triggered flip-flop clocked by clk_i)
Endpoint: _217173_ (rising edge-triggered flip-flop clocked by clk_i)
Path Group: clk_i
Path Type: max

  Delay    Time   Description
---------------------------------------------------------
   0.00    0.00   clock clk_i (rise edge)
   0.00    0.00   clock network delay (ideal)
   0.00    0.00 ^ _213633_/CK (DFFR_X1)
   0.08    0.08 v _213633_/Q (DFFR_X1)
   0.04    0.12 v _198245_/Z (BUF_X2)
   0.07    0.19 ^ _109269_/ZN (NOR2_X4)
   0.05    0.24 v _109270_/ZN (INV_X4)
   0.09    0.33 v _109273_/ZN (AND3_X2)
   0.03    0.36 v _109285_/ZN (AND3_X1)
   0.04    0.41 ^ _109288_/ZN (NOR2_X1)
   0.03    0.44 v _109298_/ZN (NAND3_X2)
   0.09    0.53 ^ _109299_/ZN (NOR3_X4)
   0.07    0.60 ^ _109323_/ZN (AND2_X1)
   0.03    0.63 ^ _109324_/Z (BUF_X8)
   0.11    0.74 ^ _109325_/ZN (AND2_X4)
   0.07    0.80 v _109326_/ZN (INV_X8)
   0.12    0.93 ^ _109327_/ZN (NOR2_X4)
   0.09    1.02 v _109328_/ZN (NOR2_X2)
   0.05    1.07 v _109333_/ZN (AND2_X1)
   0.04    1.10 v _109334_/Z (BUF_X8)
   0.05    1.15 ^ _109335_/ZN (NOR2_X4)
   0.04    1.20 ^ _109336_/Z (BUF_X8)
   0.05    1.24 ^ _109390_/Z (BUF_X8)
   0.05    1.29 v _109426_/ZN (NAND3_X4)
   0.07    1.36 ^ _109428_/ZN (NAND2_X2)
   0.05    1.41 ^ _109429_/Z (BUF_X4)
   0.04    1.45 ^ _109430_/Z (BUF_X8)
   0.06    1.51 ^ _109431_/Z (BUF_X4)
   0.07    1.58 ^ _161458_/ZN (AND2_X4)
   0.10    1.68 ^ _161459_/ZN (AND2_X4)
   0.17    1.85 ^ _183182_/ZN (AND2_X4)
   0.15    2.00 ^ _186787_/ZN (AND3_X2)
   0.06    2.06 ^ _188169_/ZN (AND3_X2)
   0.01    2.07 v _188988_/ZN (INV_X1)
   0.06    2.13 ^ _188989_/ZN (NOR3_X1)
   0.04    2.17 v _188990_/ZN (XNOR2_X2)
   0.06    2.24 ^ _188991_/ZN (OAI211_X2)
   0.02    2.26 v _188993_/ZN (NAND3_X1)
   0.04    2.30 v _188995_/ZN (AND3_X1)
   0.05    2.35 ^ _188998_/ZN (OAI21_X1)
   0.03    2.38 v _189001_/ZN (AOI21_X2)
   0.04    2.42 ^ _189004_/ZN (OAI21_X2)
   0.02    2.44 v _189007_/ZN (AOI21_X2)
   0.05    2.49 ^ _189010_/ZN (OAI21_X1)
   0.03    2.52 v _189014_/ZN (NAND2_X1)
   0.03    2.55 ^ _189017_/ZN (NAND2_X1)
   0.02    2.57 v _189019_/ZN (AOI21_X2)
   0.04    2.61 ^ _189022_/ZN (OAI21_X2)
   0.03    2.64 v _189024_/ZN (AOI21_X1)
   0.04    2.68 ^ _189025_/ZN (OAI21_X1)
   0.03    2.71 v _189028_/ZN (NAND2_X1)
   0.05    2.76 ^ _189031_/ZN (AOI21_X1)
   0.03    2.79 v _189032_/ZN (OAI21_X1)
   0.03    2.82 ^ _189035_/ZN (NAND2_X1)
   0.02    2.84 v _189038_/ZN (AOI21_X2)
   0.05    2.89 ^ _189039_/ZN (OAI21_X1)
   0.03    2.92 v _189042_/ZN (NAND2_X2)
   0.04    2.96 ^ _189045_/ZN (AOI21_X4)
   0.04    2.99 v _189046_/ZN (NAND2_X2)
   0.05    3.04 ^ _189049_/ZN (AOI21_X1)
   0.02    3.07 v _189051_/ZN (OAI21_X2)
   0.03    3.10 ^ _189055_/ZN (NAND2_X1)
   0.02    3.12 v _189058_/ZN (AOI21_X4)
   0.04    3.16 ^ _189062_/ZN (OAI21_X4)
   0.03    3.18 v _189065_/ZN (AOI21_X4)
   0.06    3.24 ^ _189069_/ZN (OAI21_X2)
   0.03    3.27 v _189072_/ZN (AOI21_X2)
   0.05    3.32 ^ _189076_/ZN (OAI21_X2)
   0.03    3.36 v _189079_/ZN (AOI21_X2)
   0.04    3.40 ^ _189083_/ZN (OAI21_X2)
   0.03    3.42 v _189084_/ZN (AOI21_X2)
   0.05    3.47 ^ _189087_/ZN (OAI21_X2)
   0.03    3.50 v _189091_/ZN (AOI21_X4)
   0.10    3.60 ^ _189093_/ZN (OAI221_X2)
   0.02    3.62 v _189096_/ZN (AOI22_X1)
   0.03    3.66 v _208824_/Z (CLKBUF_X1)
   0.00    3.66 v _217173_/D (DFFR_X1)
           3.66   data arrival time

  10.00   10.00   clock clk_i (rise edge)
   0.00   10.00   clock network delay (ideal)
   0.00   10.00   clock reconvergence pessimism
          10.00 ^ _217173_/CK (DFFR_X1)
  -0.04    9.96   library setup time
           9.96   data required time
---------------------------------------------------------
           9.96   data required time
          -3.66   data arrival time
---------------------------------------------------------
           6.30   slack (MET)



==========================================================================
report_tns
--------------------------------------------------------------------------
tns 0.00

==========================================================================
report_wns
--------------------------------------------------------------------------
wns 0.00

==========================================================================
report_design_area
--------------------------------------------------------------------------
Design area 706333 u^2 27% utilization.
