
==========================================================================
report_floating_nets
--------------------------------------------------------------------------
Warning: found 9734 floatiing nets.

==========================================================================
report_checks
--------------------------------------------------------------------------
Startpoint: _244470_ (rising edge-triggered flip-flop clocked by core_clock)
Endpoint: _240742_ (recovery check against rising-edge clock core_clock)
Path Group: **async_default**
Path Type: max

  Delay    Time   Description
---------------------------------------------------------
   0.00    0.00   clock core_clock (rise edge)
   0.00    0.00   clock network delay (ideal)
   0.00    0.00 ^ _244470_/CK (DFFR_X1)
   0.10    0.10 ^ _244470_/Q (DFFR_X1)
   0.02    0.12 ^ buffer2584/Z (BUF_X1)
   0.03    0.14 ^ _224640_/Z (CLKBUF_X1)
   0.03    0.17 ^ buffer2583/Z (BUF_X1)
   0.02    0.19 v _218464_/ZN (OAI21_X2)
   0.03    0.22 ^ _218465_/ZN (INV_X4)
   0.02    0.24 ^ _240588_/Z (BUF_X32)
   0.03    0.27 ^ buffer2588/Z (BUF_X1)
   0.02    0.29 ^ buffer2581/Z (BUF_X1)
   0.65    0.93 ^ buffer2587/Z (BUF_X1)
   0.00    0.93 ^ _240742_/RN (DFFR_X1)
           0.93   data arrival time

  10.00   10.00   clock core_clock (rise edge)
   0.00   10.00   clock network delay (ideal)
   0.00   10.00   clock reconvergence pessimism
          10.00 ^ _240742_/CK (DFFR_X1)
  -0.08    9.92   library recovery time
           9.92   data required time
---------------------------------------------------------
           9.92   data required time
          -0.93   data arrival time
---------------------------------------------------------
           8.98   slack (MET)


Startpoint: _247328_ (rising edge-triggered flip-flop clocked by core_clock)
Endpoint: _243586_ (rising edge-triggered flip-flop clocked by core_clock)
Path Group: core_clock
Path Type: max

  Delay    Time   Description
---------------------------------------------------------
   0.00    0.00   clock core_clock (rise edge)
   0.00    0.00   clock network delay (ideal)
   0.00    0.00 ^ _247328_/CK (DFFR_X1)
   0.08    0.08 v _247328_/Q (DFFR_X1)
   0.04    0.12 v _220905_/Z (CLKBUF_X2)
   0.08    0.20 v _128116_/ZN (OR3_X1)
   0.10    0.30 v _128117_/ZN (OR4_X1)
   0.05    0.36 v _128118_/ZN (OR2_X1)
   0.05    0.40 v _128119_/ZN (OR2_X1)
   0.07    0.47 v _128123_/ZN (OR3_X1)
   0.07    0.53 v _128124_/ZN (OR3_X1)
   0.07    0.60 v _128125_/ZN (OR3_X1)
   0.05    0.65 ^ _128126_/ZN (NOR4_X1)
   0.03    0.68 v _128128_/ZN (NAND2_X1)
   0.06    0.74 ^ _128129_/ZN (NOR4_X1)
   0.02    0.76 v _128130_/ZN (INV_X1)
   0.07    0.83 ^ _128131_/ZN (NOR4_X2)
   0.06    0.89 v _128133_/ZN (NAND3_X4)
   0.05    0.95 v _128134_/ZN (AND2_X4)
   0.12    1.07 ^ _147073_/ZN (AOI21_X4)
   0.05    1.11 v _147076_/ZN (NOR2_X4)
   0.05    1.16 ^ _171566_/ZN (NOR2_X1)
   0.05    1.21 ^ _171567_/ZN (AND2_X4)
   0.04    1.24 v _171601_/ZN (NAND3_X1)
   0.03    1.28 ^ _171607_/ZN (NAND2_X1)
   0.02    1.30 v _171610_/ZN (AOI21_X4)
   0.06    1.36 v _171622_/ZN (OR2_X1)
   0.04    1.40 ^ _171623_/ZN (AOI22_X4)
   0.03    1.43 v _171624_/ZN (NAND3_X4)
   0.04    1.47 ^ _171712_/ZN (AOI21_X2)
   0.05    1.52 ^ _171713_/ZN (AND2_X1)
   0.04    1.56 ^ _171715_/ZN (OR2_X2)
   0.04    1.60 ^ _171717_/ZN (AND2_X1)
   0.03    1.63 ^ _171718_/Z (BUF_X4)
   0.03    1.66 v _171719_/ZN (INV_X1)
   0.03    1.69 ^ _171720_/ZN (NAND2_X4)
   0.02    1.70 v _171721_/ZN (NOR2_X4)
   0.04    1.75 ^ _171746_/ZN (NOR2_X1)
   0.03    1.78 v _171750_/ZN (NAND3_X2)
   0.05    1.82 ^ _171751_/ZN (NOR2_X4)
   0.07    1.89 ^ _171794_/ZN (AND3_X2)
   0.05    1.95 ^ _171795_/ZN (AND2_X2)
   0.01    1.96 v _171796_/ZN (NOR2_X4)
   0.05    2.01 v _171831_/ZN (AND2_X2)
   0.11    2.12 ^ _171832_/ZN (NOR4_X1)
   0.05    2.16 v _171839_/ZN (NAND4_X2)
   0.06    2.22 ^ _171859_/ZN (NOR3_X4)
   0.05    2.28 ^ _171861_/ZN (AND2_X4)
   0.05    2.33 ^ _171890_/ZN (AND2_X2)
   0.02    2.35 v _171891_/ZN (INV_X1)
   0.05    2.41 ^ _171893_/ZN (NOR2_X4)
   0.02    2.42 v _171896_/ZN (NOR3_X4)
   0.03    2.45 ^ _172119_/ZN (INV_X2)
   0.01    2.47 v _172122_/ZN (NOR3_X1)
   0.04    2.51 ^ _172123_/ZN (NOR2_X1)
   0.05    2.55 ^ _172130_/ZN (XNOR2_X2)
   0.02    2.57 v _172176_/ZN (NAND2_X1)
   0.03    2.60 ^ _172178_/ZN (NAND2_X1)
   0.02    2.62 v _172230_/ZN (NAND2_X1)
   0.04    2.66 ^ _172235_/ZN (AOI21_X1)
   0.04    2.69 ^ _172276_/ZN (OR2_X2)
   0.04    2.74 ^ _172354_/ZN (AND3_X1)
   0.02    2.75 v _172356_/ZN (NOR2_X1)
   0.05    2.80 ^ _172357_/ZN (NOR2_X1)
   0.03    2.83 v _172805_/ZN (NAND3_X1)
   0.05    2.87 ^ _172806_/ZN (NOR3_X1)
   0.05    2.92 ^ _172953_/ZN (AND3_X1)
   0.02    2.94 v _172954_/ZN (NAND3_X1)
   0.06    3.00 ^ _172955_/ZN (NOR3_X1)
   0.03    3.03 v _172956_/ZN (NAND3_X2)
   0.04    3.07 ^ _173174_/ZN (NOR2_X1)
   0.03    3.10 v _173175_/ZN (NAND3_X2)
   0.05    3.15 ^ _173210_/ZN (NOR3_X1)
   0.03    3.17 v _173213_/ZN (OAI21_X2)
   0.04    3.22 ^ _173215_/ZN (OAI221_X2)
   0.08    3.30 ^ _173235_/ZN (AND4_X1)
   0.07    3.37 ^ _173238_/ZN (AND4_X1)
   0.03    3.40 v _173240_/ZN (OAI211_X2)
   0.06    3.46 v _173241_/Z (MUX2_X1)
   0.03    3.49 v _231131_/Z (CLKBUF_X1)
   0.00    3.49 v _243586_/D (DFFR_X1)
           3.49   data arrival time

  10.00   10.00   clock core_clock (rise edge)
   0.00   10.00   clock network delay (ideal)
   0.00   10.00   clock reconvergence pessimism
          10.00 ^ _243586_/CK (DFFR_X1)
  -0.04    9.96   library setup time
           9.96   data required time
---------------------------------------------------------
           9.96   data required time
          -3.49   data arrival time
---------------------------------------------------------
           6.47   slack (MET)



==========================================================================
report_tns
--------------------------------------------------------------------------
tns -24.74

==========================================================================
report_wns
--------------------------------------------------------------------------
wns 0.00

==========================================================================
report_design_area
--------------------------------------------------------------------------
Design area 929266 u^2 11% utilization.
