
==========================================================================
report_checks -path_delay min
--------------------------------------------------------------------------
Startpoint: _57233_ (rising edge-triggered flip-flop clocked by clk)
Endpoint: _57233_ (rising edge-triggered flip-flop clocked by clk)
Path Group: clk
Path Type: min

  Delay    Time   Description
---------------------------------------------------------
   0.00    0.00   clock clk (rise edge)
   0.00    0.00   clock network delay (ideal)
   0.00    0.00 ^ _57233_/CK (DFF_X1)
   0.06    0.06 ^ _57233_/QN (DFF_X1)
   0.04    0.10 ^ _52086_/Z (CLKBUF_X1)
   0.02    0.12 v _49695_/ZN (OAI22_X1)
   0.03    0.14 v _51466_/Z (CLKBUF_X1)
   0.00    0.14 v _57233_/D (DFF_X1)
           0.14   data arrival time

   0.00    0.00   clock clk (rise edge)
   0.00    0.00   clock network delay (ideal)
   0.00    0.00   clock reconvergence pessimism
           0.00 ^ _57233_/CK (DFF_X1)
   0.00    0.00   library hold time
           0.00   data required time
---------------------------------------------------------
           0.00   data required time
          -0.14   data arrival time
---------------------------------------------------------
           0.14   slack (MET)



==========================================================================
report_checks -path_delay max
--------------------------------------------------------------------------
Startpoint: _56933_ (rising edge-triggered flip-flop clocked by clk)
Endpoint: _55657_ (rising edge-triggered flip-flop clocked by clk)
Path Group: clk
Path Type: max

  Delay    Time   Description
---------------------------------------------------------
   0.00    0.00   clock clk (rise edge)
   0.00    0.00   clock network delay (ideal)
   0.00    0.00 ^ _56933_/CK (DFF_X1)
   0.08    0.08 ^ _56933_/Q (DFF_X1)
   0.03    0.11 ^ _51735_/Z (CLKBUF_X1)
   0.05    0.16 ^ _28732_/ZN (AND2_X1)
   0.04    0.20 ^ _28734_/ZN (AND2_X4)
   0.04    0.24 ^ _28738_/ZN (AND2_X1)
   0.03    0.27 ^ _28739_/Z (BUF_X4)
   0.05    0.32 ^ _28746_/ZN (AND2_X2)
   0.04    0.36 ^ _28747_/Z (BUF_X4)
   0.06    0.43 ^ _30347_/ZN (AND3_X1)
   0.02    0.45 v _30349_/ZN (NOR2_X4)
   0.05    0.49 ^ _30350_/ZN (NOR2_X1)
   0.04    0.53 ^ _30351_/Z (BUF_X4)
   0.05    0.58 ^ _31959_/ZN (AND2_X1)
   0.04    0.62 ^ _31967_/ZN (XNOR2_X2)
   0.06    0.68 ^ _32006_/Z (XOR2_X2)
   0.03    0.71 v _32009_/ZN (NAND2_X1)
   0.05    0.76 ^ _32010_/ZN (NOR2_X1)
   0.04    0.80 ^ _32030_/ZN (XNOR2_X1)
   0.05    0.85 ^ _32031_/Z (MUX2_X1)
   0.05    0.90 ^ _32037_/ZN (XNOR2_X1)
   0.06    0.96 ^ _32058_/Z (XOR2_X2)
   0.06    1.03 ^ _32103_/Z (XOR2_X2)
   0.06    1.09 ^ _32126_/Z (XOR2_X2)
   0.06    1.15 ^ _32138_/Z (XOR2_X2)
   0.06    1.21 ^ _32163_/Z (XOR2_X2)
   0.06    1.27 ^ _32167_/Z (XOR2_X2)
   0.05    1.31 ^ _32193_/ZN (XNOR2_X2)
   0.02    1.33 v _32260_/ZN (NAND2_X1)
   0.03    1.36 ^ _32262_/ZN (OAI21_X1)
   0.04    1.41 ^ _32268_/ZN (AND2_X1)
   0.02    1.42 v _32270_/ZN (AOI21_X2)
   0.04    1.46 ^ _32272_/ZN (OAI21_X2)
   0.06    1.52 ^ _32328_/ZN (AND3_X1)
   0.01    1.53 v _32364_/ZN (NOR4_X1)
   0.07    1.61 v _32373_/ZN (OR3_X1)
   0.04    1.64 ^ _32375_/ZN (AOI21_X1)
   0.02    1.67 v _32376_/ZN (AOI21_X2)
   0.04    1.70 ^ _32460_/ZN (NOR3_X1)
   0.04    1.74 ^ _32466_/ZN (OR2_X2)
   0.07    1.81 ^ _32508_/ZN (AND4_X1)
   0.04    1.85 ^ _32723_/ZN (OR2_X1)
   0.02    1.88 v _32727_/ZN (AOI21_X2)
   0.03    1.90 ^ _32731_/ZN (NOR2_X1)
   0.01    1.92 v _32732_/ZN (NOR2_X1)
   0.04    1.95 v _32733_/ZN (XNOR2_X2)
   0.01    1.97 ^ _32734_/ZN (INV_X1)
   0.01    1.98 v _33137_/ZN (NAND2_X1)
   0.11    2.09 v _33192_/ZN (OR4_X1)
   0.04    2.13 ^ _34584_/ZN (NOR3_X1)
   0.02    2.15 v _34585_/ZN (INV_X1)
   0.03    2.17 ^ _34702_/ZN (NOR2_X1)
   0.01    2.18 v _34703_/ZN (INV_X1)
   0.04    2.22 ^ _34886_/ZN (NOR2_X1)
   0.05    2.27 ^ _35186_/ZN (AND2_X1)
   0.05    2.32 ^ _35949_/ZN (AND3_X1)
   0.04    2.37 ^ _36080_/ZN (AND2_X1)
   0.05    2.42 ^ _36229_/ZN (AND2_X1)
   0.02    2.44 v _36547_/ZN (INV_X1)
   0.05    2.49 ^ _37223_/ZN (NOR2_X2)
   0.03    2.53 v _37735_/ZN (NAND2_X1)
   0.06    2.58 ^ _37998_/ZN (NOR2_X2)
   0.05    2.64 ^ _38607_/ZN (AND2_X1)
   0.02    2.66 v _38608_/ZN (INV_X1)
   0.05    2.70 ^ _39184_/ZN (NOR2_X2)
   0.03    2.74 v _39412_/ZN (NAND3_X2)
   0.07    2.81 v _39634_/ZN (OR3_X2)
   0.07    2.88 v _39869_/ZN (OR3_X2)
   0.04    2.92 ^ _39953_/ZN (NOR2_X1)
   0.01    2.94 v _39954_/ZN (INV_X1)
   0.03    2.96 ^ _40004_/ZN (AOI21_X1)
   0.02    2.98 v _40011_/ZN (AOI22_X1)
   0.04    3.02 ^ _40013_/ZN (OAI21_X2)
   0.02    3.04 v _40038_/ZN (AOI22_X4)
   0.04    3.08 ^ _40065_/ZN (OAI211_X2)
   0.02    3.10 v _40067_/ZN (NAND2_X4)
   0.04    3.13 v _44606_/Z (BUF_X2)
   0.06    3.19 v _44753_/Z (MUX2_X1)
   0.03    3.22 v _55061_/Z (CLKBUF_X1)
   0.00    3.22 v _55657_/D (DFF_X1)
           3.22   data arrival time

  10.00   10.00   clock clk (rise edge)
   0.00   10.00   clock network delay (ideal)
   0.00   10.00   clock reconvergence pessimism
          10.00 ^ _55657_/CK (DFF_X1)
  -0.04    9.96   library setup time
           9.96   data required time
---------------------------------------------------------
           9.96   data required time
          -3.22   data arrival time
---------------------------------------------------------
           6.74   slack (MET)



==========================================================================
report_checks -unconstrained
--------------------------------------------------------------------------
Startpoint: _56933_ (rising edge-triggered flip-flop clocked by clk)
Endpoint: _55657_ (rising edge-triggered flip-flop clocked by clk)
Path Group: clk
Path Type: max

  Delay    Time   Description
---------------------------------------------------------
   0.00    0.00   clock clk (rise edge)
   0.00    0.00   clock network delay (ideal)
   0.00    0.00 ^ _56933_/CK (DFF_X1)
   0.08    0.08 ^ _56933_/Q (DFF_X1)
   0.03    0.11 ^ _51735_/Z (CLKBUF_X1)
   0.05    0.16 ^ _28732_/ZN (AND2_X1)
   0.04    0.20 ^ _28734_/ZN (AND2_X4)
   0.04    0.24 ^ _28738_/ZN (AND2_X1)
   0.03    0.27 ^ _28739_/Z (BUF_X4)
   0.05    0.32 ^ _28746_/ZN (AND2_X2)
   0.04    0.36 ^ _28747_/Z (BUF_X4)
   0.06    0.43 ^ _30347_/ZN (AND3_X1)
   0.02    0.45 v _30349_/ZN (NOR2_X4)
   0.05    0.49 ^ _30350_/ZN (NOR2_X1)
   0.04    0.53 ^ _30351_/Z (BUF_X4)
   0.05    0.58 ^ _31959_/ZN (AND2_X1)
   0.04    0.62 ^ _31967_/ZN (XNOR2_X2)
   0.06    0.68 ^ _32006_/Z (XOR2_X2)
   0.03    0.71 v _32009_/ZN (NAND2_X1)
   0.05    0.76 ^ _32010_/ZN (NOR2_X1)
   0.04    0.80 ^ _32030_/ZN (XNOR2_X1)
   0.05    0.85 ^ _32031_/Z (MUX2_X1)
   0.05    0.90 ^ _32037_/ZN (XNOR2_X1)
   0.06    0.96 ^ _32058_/Z (XOR2_X2)
   0.06    1.03 ^ _32103_/Z (XOR2_X2)
   0.06    1.09 ^ _32126_/Z (XOR2_X2)
   0.06    1.15 ^ _32138_/Z (XOR2_X2)
   0.06    1.21 ^ _32163_/Z (XOR2_X2)
   0.06    1.27 ^ _32167_/Z (XOR2_X2)
   0.05    1.31 ^ _32193_/ZN (XNOR2_X2)
   0.02    1.33 v _32260_/ZN (NAND2_X1)
   0.03    1.36 ^ _32262_/ZN (OAI21_X1)
   0.04    1.41 ^ _32268_/ZN (AND2_X1)
   0.02    1.42 v _32270_/ZN (AOI21_X2)
   0.04    1.46 ^ _32272_/ZN (OAI21_X2)
   0.06    1.52 ^ _32328_/ZN (AND3_X1)
   0.01    1.53 v _32364_/ZN (NOR4_X1)
   0.07    1.61 v _32373_/ZN (OR3_X1)
   0.04    1.64 ^ _32375_/ZN (AOI21_X1)
   0.02    1.67 v _32376_/ZN (AOI21_X2)
   0.04    1.70 ^ _32460_/ZN (NOR3_X1)
   0.04    1.74 ^ _32466_/ZN (OR2_X2)
   0.07    1.81 ^ _32508_/ZN (AND4_X1)
   0.04    1.85 ^ _32723_/ZN (OR2_X1)
   0.02    1.88 v _32727_/ZN (AOI21_X2)
   0.03    1.90 ^ _32731_/ZN (NOR2_X1)
   0.01    1.92 v _32732_/ZN (NOR2_X1)
   0.04    1.95 v _32733_/ZN (XNOR2_X2)
   0.01    1.97 ^ _32734_/ZN (INV_X1)
   0.01    1.98 v _33137_/ZN (NAND2_X1)
   0.11    2.09 v _33192_/ZN (OR4_X1)
   0.04    2.13 ^ _34584_/ZN (NOR3_X1)
   0.02    2.15 v _34585_/ZN (INV_X1)
   0.03    2.17 ^ _34702_/ZN (NOR2_X1)
   0.01    2.18 v _34703_/ZN (INV_X1)
   0.04    2.22 ^ _34886_/ZN (NOR2_X1)
   0.05    2.27 ^ _35186_/ZN (AND2_X1)
   0.05    2.32 ^ _35949_/ZN (AND3_X1)
   0.04    2.37 ^ _36080_/ZN (AND2_X1)
   0.05    2.42 ^ _36229_/ZN (AND2_X1)
   0.02    2.44 v _36547_/ZN (INV_X1)
   0.05    2.49 ^ _37223_/ZN (NOR2_X2)
   0.03    2.53 v _37735_/ZN (NAND2_X1)
   0.06    2.58 ^ _37998_/ZN (NOR2_X2)
   0.05    2.64 ^ _38607_/ZN (AND2_X1)
   0.02    2.66 v _38608_/ZN (INV_X1)
   0.05    2.70 ^ _39184_/ZN (NOR2_X2)
   0.03    2.74 v _39412_/ZN (NAND3_X2)
   0.07    2.81 v _39634_/ZN (OR3_X2)
   0.07    2.88 v _39869_/ZN (OR3_X2)
   0.04    2.92 ^ _39953_/ZN (NOR2_X1)
   0.01    2.94 v _39954_/ZN (INV_X1)
   0.03    2.96 ^ _40004_/ZN (AOI21_X1)
   0.02    2.98 v _40011_/ZN (AOI22_X1)
   0.04    3.02 ^ _40013_/ZN (OAI21_X2)
   0.02    3.04 v _40038_/ZN (AOI22_X4)
   0.04    3.08 ^ _40065_/ZN (OAI211_X2)
   0.02    3.10 v _40067_/ZN (NAND2_X4)
   0.04    3.13 v _44606_/Z (BUF_X2)
   0.06    3.19 v _44753_/Z (MUX2_X1)
   0.03    3.22 v _55061_/Z (CLKBUF_X1)
   0.00    3.22 v _55657_/D (DFF_X1)
           3.22   data arrival time

  10.00   10.00   clock clk (rise edge)
   0.00   10.00   clock network delay (ideal)
   0.00   10.00   clock reconvergence pessimism
          10.00 ^ _55657_/CK (DFF_X1)
  -0.04    9.96   library setup time
           9.96   data required time
---------------------------------------------------------
           9.96   data required time
          -3.22   data arrival time
---------------------------------------------------------
           6.74   slack (MET)



==========================================================================
report_tns
--------------------------------------------------------------------------
tns 0.00

==========================================================================
report_wns
--------------------------------------------------------------------------
wns 0.00

==========================================================================
report_check_types -max_transition -all_violators
--------------------------------------------------------------------------

==========================================================================
report_power
--------------------------------------------------------------------------
Group                  Internal  Switching    Leakage      Total
                          Power      Power      Power      Power
----------------------------------------------------------------
Sequential             3.02e-05   4.84e-07   1.40e-04   1.71e-04   6.8%
Combinational          7.86e-04   5.18e-04   1.04e-03   2.34e-03  93.2%
Macro                  0.00e+00   0.00e+00   0.00e+00   0.00e+00   0.0%
Pad                    0.00e+00   0.00e+00   0.00e+00   0.00e+00   0.0%
----------------------------------------------------------------
Total                  8.16e-04   5.19e-04   1.18e-03   2.51e-03 100.0%
                          32.5%      20.6%      46.9%

==========================================================================
report_design_area
--------------------------------------------------------------------------
Design area 685200 u^2 100% utilization.
