
==========================================================================
report_floating_nets
--------------------------------------------------------------------------
Warning: found 369 floatiing nets.

==========================================================================
report_checks
--------------------------------------------------------------------------
Startpoint: _74472_ (rising edge-triggered flip-flop clocked by core_clock)
Endpoint: _75707_ (rising edge-triggered flip-flop clocked by core_clock)
Path Group: core_clock
Path Type: max

  Delay    Time   Description
---------------------------------------------------------
   0.00    0.00   clock core_clock (rise edge)
   0.00    0.00   clock network delay (ideal)
   0.00    0.00 ^ _74472_/CK (DFFR_X1)
   0.12    0.12 ^ _74472_/Q (DFFR_X1)
   0.06    0.18 ^ _60983_/Z (CLKBUF_X2)
   0.03    0.21 ^ _60177_/Z (BUF_X8)
   0.02    0.23 v _60180_/ZN (INV_X4)
   0.06    0.30 ^ _60181_/ZN (NOR2_X4)
   0.07    0.37 ^ _60470_/ZN (AND3_X1)
   0.06    0.43 ^ _60471_/ZN (AND2_X1)
   0.02    0.45 v _60472_/ZN (INV_X1)
   0.03    0.48 v _60970_/Z (BUF_X4)
   0.04    0.51 ^ _60971_/ZN (AOI21_X1)
   0.02    0.54 v _60973_/ZN (OAI21_X1)
   0.06    0.59 v _60974_/Z (MUX2_X1)
   0.06    0.66 v _60975_/Z (MUX2_X1)
   0.06    0.72 v _60976_/Z (MUX2_X1)
   0.06    0.78 v _36746_/Z (MUX2_X1)
   0.07    0.85 v _36747_/Z (MUX2_X1)
   0.06    0.91 v _36748_/Z (MUX2_X1)
   0.07    0.98 v _36749_/Z (MUX2_X1)
   0.07    1.04 v _36750_/Z (MUX2_X1)
   0.06    1.10 v _36751_/Z (MUX2_X1)
   0.06    1.16 v _36752_/Z (MUX2_X1)
   0.06    1.22 v _36753_/Z (MUX2_X1)
   0.06    1.28 v _36754_/Z (MUX2_X1)
   0.06    1.34 v _36755_/Z (MUX2_X1)
   0.06    1.40 v _36756_/Z (MUX2_X1)
   0.06    1.46 v _36757_/Z (MUX2_X1)
   0.06    1.51 v _36758_/Z (MUX2_X1)
   0.06    1.57 v _36759_/Z (MUX2_X1)
   0.06    1.63 v _36760_/Z (MUX2_X1)
   0.06    1.69 v _36761_/Z (MUX2_X1)
   0.06    1.75 v _36762_/Z (MUX2_X1)
   0.06    1.81 v _36763_/Z (MUX2_X1)
   0.06    1.87 v _36764_/Z (MUX2_X1)
   0.07    1.94 v _36765_/Z (MUX2_X1)
   0.06    2.00 ^ _36766_/ZN (AOI211_X2)
   0.02    2.02 v _36768_/ZN (NOR3_X4)
   0.09    2.11 v _36772_/ZN (OR3_X4)
   0.06    2.17 ^ _36786_/ZN (NAND2_X2)
   0.03    2.19 v _36787_/ZN (INV_X4)
   0.09    2.28 ^ _36789_/ZN (OAI21_X1)
   0.04    2.33 ^ _36861_/ZN (AND2_X1)
   0.04    2.37 ^ _36874_/ZN (XNOR2_X2)
   0.02    2.38 v _37022_/ZN (INV_X1)
   0.06    2.44 v _37023_/ZN (OR2_X1)
   0.04    2.48 ^ _37028_/ZN (AOI21_X4)
   0.04    2.52 ^ _37034_/ZN (OR2_X2)
   0.02    2.54 v _37156_/ZN (AOI21_X2)
   0.05    2.59 ^ _37262_/ZN (OAI21_X1)
   0.02    2.61 v _37404_/ZN (NAND2_X1)
   0.03    2.64 ^ _37406_/ZN (NAND2_X1)
   0.07    2.71 ^ _37680_/ZN (AND3_X1)
   0.02    2.72 v _37685_/ZN (NOR3_X2)
   0.05    2.77 ^ _37959_/ZN (NOR3_X1)
   0.02    2.79 v _37962_/ZN (NOR3_X2)
   0.03    2.82 ^ _38095_/ZN (NOR2_X1)
   0.01    2.83 v _38242_/ZN (NAND2_X1)
   0.04    2.88 v _38245_/ZN (AND3_X1)
   0.05    2.92 ^ _38405_/ZN (NOR2_X2)
   0.05    2.97 ^ _38541_/ZN (AND2_X1)
   0.02    3.00 v _39518_/ZN (OAI211_X2)
   0.02    3.02 ^ _39525_/ZN (NAND2_X2)
   0.02    3.04 v _39784_/ZN (NAND3_X1)
   0.04    3.08 v _39787_/ZN (AND3_X1)
   0.08    3.16 v _40022_/ZN (OR3_X1)
   0.03    3.19 ^ _40026_/ZN (NAND2_X4)
   0.06    3.25 ^ _40516_/ZN (AND3_X1)
   0.02    3.27 v _40628_/ZN (OAI21_X4)
   0.04    3.31 v _40629_/ZN (AND2_X1)
   0.03    3.34 v _40630_/Z (BUF_X4)
   0.10    3.44 ^ _48656_/ZN (NOR4_X2)
   0.04    3.47 v _48660_/ZN (NAND4_X4)
   0.07    3.54 v _48689_/ZN (OR3_X1)
   0.02    3.56 ^ _48698_/ZN (NAND4_X1)
   0.02    3.58 v _48699_/ZN (NOR2_X1)
   0.03    3.61 ^ _50742_/ZN (INV_X1)
   0.06    3.67 ^ _50743_/ZN (AND3_X1)
   0.01    3.68 v _50746_/ZN (INV_X1)
   0.03    3.71 v _50749_/ZN (AND2_X2)
   0.04    3.75 v _50770_/ZN (AND2_X2)
   0.03    3.77 ^ _50771_/ZN (INV_X1)
   0.01    3.79 v _50777_/ZN (NOR2_X1)
   0.05    3.84 ^ _50787_/ZN (OAI21_X1)
   0.06    3.90 ^ _50798_/ZN (AND2_X2)
   0.05    3.95 ^ _50826_/ZN (AND2_X4)
   0.05    3.99 ^ _59327_/ZN (AND2_X4)
   0.05    4.04 ^ _59356_/ZN (AND2_X4)
   0.01    4.06 v _59357_/ZN (INV_X4)
   0.05    4.11 v _59358_/ZN (OR2_X1)
   0.04    4.15 ^ _59359_/ZN (NOR2_X2)
   0.05    4.20 ^ _59361_/ZN (AND2_X1)
   0.04    4.24 ^ _59362_/ZN (AND2_X1)
   0.01    4.25 v _59363_/ZN (INV_X1)
   0.05    4.30 ^ _59364_/ZN (NOR3_X1)
   0.07    4.36 ^ _59366_/ZN (AND3_X1)
   0.01    4.37 v _59367_/ZN (INV_X1)
   0.05    4.42 ^ _59368_/ZN (NOR3_X1)
   0.06    4.49 ^ _59371_/ZN (AND3_X1)
   0.06    4.54 ^ _59372_/ZN (AND3_X1)
   0.01    4.55 v _59373_/ZN (INV_X1)
   0.03    4.58 ^ _59374_/ZN (NOR2_X1)
   0.02    4.59 v _59375_/ZN (XNOR2_X1)
   0.06    4.65 v _59376_/Z (MUX2_X1)
   0.03    4.68 v _71826_/Z (CLKBUF_X1)
   0.00    4.68 v _75707_/D (DFFR_X1)
           4.68   data arrival time

  10.00   10.00   clock core_clock (rise edge)
   0.00   10.00   clock network delay (ideal)
   0.00   10.00   clock reconvergence pessimism
          10.00 ^ _75707_/CK (DFFR_X1)
  -0.04    9.96   library setup time
           9.96   data required time
---------------------------------------------------------
           9.96   data required time
          -4.68   data arrival time
---------------------------------------------------------
           5.28   slack (MET)



==========================================================================
report_tns
--------------------------------------------------------------------------
tns 0.00

==========================================================================
report_wns
--------------------------------------------------------------------------
wns 0.00

==========================================================================
report_design_area
--------------------------------------------------------------------------
Design area 260432 u^2 19% utilization.
