
==========================================================================
report_checks
--------------------------------------------------------------------------
Startpoint: _74477_ (rising edge-triggered flip-flop clocked by core_clock)
Endpoint: _74543_ (rising edge-triggered flip-flop clocked by core_clock)
Path Group: core_clock
Path Type: max

  Delay    Time   Description
---------------------------------------------------------
   0.00    0.00   clock core_clock (rise edge)
   0.00    0.00   clock network delay (ideal)
   0.00    0.00 ^ _74477_/CK (DFFR_X1)
   0.08    0.08 v _74477_/Q (DFFR_X1)
   0.14    0.22 v _61058_/Z (BUF_X1)
   0.41    0.63 ^ _60144_/ZN (NOR3_X1)
   0.11    0.74 ^ _60349_/ZN (AND2_X1)
   0.05    0.79 ^ _60350_/ZN (AND2_X1)
   0.03    0.82 ^ _60351_/Z (BUF_X4)
   0.02    0.85 v _60352_/ZN (INV_X1)
   0.05    0.90 v _37050_/Z (MUX2_X1)
   0.06    0.96 v _37051_/Z (MUX2_X1)
   0.08    1.03 v _37052_/Z (MUX2_X1)
   0.07    1.10 v _37053_/Z (MUX2_X1)
   0.06    1.16 v _37054_/Z (MUX2_X1)
   0.06    1.23 v _37055_/Z (MUX2_X1)
   0.06    1.29 v _37056_/Z (MUX2_X1)
   0.06    1.34 v _37057_/Z (MUX2_X1)
   0.06    1.40 v _37058_/Z (MUX2_X1)
   0.06    1.47 v _37059_/Z (MUX2_X1)
   0.06    1.53 v _37060_/Z (MUX2_X1)
   0.06    1.59 v _37061_/Z (MUX2_X1)
   0.06    1.65 v _37062_/Z (MUX2_X1)
   0.06    1.71 v _37063_/Z (MUX2_X1)
   0.06    1.77 v _37064_/Z (MUX2_X1)
   0.06    1.83 v _37065_/Z (MUX2_X1)
   0.06    1.88 v _37066_/Z (MUX2_X1)
   0.06    1.94 v _37067_/Z (MUX2_X1)
   0.06    2.00 v _37068_/Z (MUX2_X1)
   0.06    2.06 v _37069_/Z (MUX2_X1)
   0.06    2.12 v _37070_/Z (MUX2_X1)
   0.07    2.19 v _37071_/Z (MUX2_X1)
   0.07    2.26 ^ _37072_/ZN (OAI21_X1)
   0.05    2.31 v _51494_/ZN (AOI21_X1)
   0.12    2.43 ^ _51496_/ZN (NOR2_X1)
   0.06    2.49 v _51497_/ZN (INV_X1)
   0.07    2.56 ^ _51500_/ZN (AOI21_X1)
   0.05    2.62 ^ _51501_/ZN (XNOR2_X1)
   0.06    2.68 ^ _51511_/Z (XOR2_X1)
   0.06    2.74 ^ _51540_/Z (XOR2_X1)
   0.06    2.80 ^ _51558_/Z (XOR2_X1)
   0.06    2.86 ^ _51582_/Z (XOR2_X1)
   0.06    2.92 ^ _51601_/Z (XOR2_X1)
   0.07    2.99 ^ _51614_/Z (XOR2_X1)
   0.06    3.05 ^ _51634_/Z (XOR2_X1)
   0.06    3.11 ^ _51636_/Z (XOR2_X1)
   0.06    3.18 ^ _51659_/Z (XOR2_X1)
   0.02    3.19 v _51668_/ZN (NAND2_X1)
   0.02    3.22 ^ _51670_/ZN (NAND2_X1)
   0.03    3.25 ^ _51729_/ZN (AND2_X2)
   0.01    3.26 v _51730_/ZN (AOI21_X1)
   0.05    3.31 v _51786_/ZN (OR2_X1)
   0.02    3.33 ^ _51789_/ZN (NAND2_X2)
   0.02    3.35 v _51932_/ZN (NAND3_X1)
   0.03    3.38 ^ _51935_/ZN (NAND3_X1)
   0.02    3.40 v _52011_/ZN (NAND2_X1)
   0.02    3.42 ^ _52013_/ZN (NAND2_X1)
   0.02    3.43 v _52093_/ZN (NAND2_X1)
   0.02    3.45 ^ _52095_/ZN (NAND2_X1)
   0.02    3.47 v _52187_/ZN (NAND2_X1)
   0.02    3.49 ^ _52189_/ZN (NAND2_X1)
   0.04    3.53 ^ _52284_/ZN (AND2_X1)
   0.01    3.54 v _52285_/ZN (AOI21_X2)
   0.04    3.59 ^ _52392_/ZN (NOR2_X1)
   0.02    3.61 v _52504_/ZN (OAI21_X2)
   0.02    3.63 ^ _52506_/ZN (NAND2_X1)
   0.05    3.68 ^ _52748_/ZN (AND3_X2)
   0.03    3.71 v _52972_/ZN (NAND3_X1)
   0.03    3.74 ^ _52982_/ZN (NAND2_X1)
   0.03    3.77 v _53508_/ZN (NAND3_X1)
   0.03    3.79 ^ _53516_/ZN (NAND2_X2)
   0.04    3.83 v _53920_/ZN (NAND4_X1)
   0.03    3.86 ^ _53931_/ZN (NAND3_X2)
   0.02    3.88 v _54124_/ZN (NAND3_X1)
   0.04    3.92 v _54128_/ZN (AND3_X2)
   0.06    3.98 v _54569_/Z (XOR2_X1)
   0.14    4.12 ^ _54570_/ZN (OAI21_X1)
   0.07    4.19 v _54671_/ZN (OAI211_X2)
   0.03    4.21 ^ _54673_/ZN (NAND2_X1)
   0.03    4.25 ^ _54688_/ZN (AND2_X1)
   0.03    4.27 v _54689_/ZN (INV_X1)
   0.09    4.36 v _54690_/Z (CLKBUF_X2)
   0.08    4.44 v _56093_/Z (MUX2_X1)
   0.03    4.46 v _69510_/Z (BUF_X1)
   0.00    4.46 v _74543_/D (DFFR_X1)
           4.46   data arrival time

  10.00   10.00   clock core_clock (rise edge)
   0.00   10.00   clock network delay (ideal)
   0.00   10.00   clock reconvergence pessimism
          10.00 ^ _74543_/CK (DFFR_X1)
  -0.04    9.96   library setup time
           9.96   data required time
---------------------------------------------------------
           9.96   data required time
          -4.46   data arrival time
---------------------------------------------------------
           5.50   slack (MET)



==========================================================================
report_tns
--------------------------------------------------------------------------
tns 0.00

==========================================================================
report_wns
--------------------------------------------------------------------------
wns 0.00

==========================================================================
report_design_area
--------------------------------------------------------------------------
Design area 241866 u^2 18% utilization.
