
==========================================================================
report_floating_nets
--------------------------------------------------------------------------
Warning: found 2152 floatiing nets.

==========================================================================
report_checks
--------------------------------------------------------------------------
Startpoint: _30839_ (rising edge-triggered flip-flop clocked by clk)
Endpoint: thanksIn_P (output port clocked by clk)
Path Group: clk
Path Type: max

  Delay    Time   Description
---------------------------------------------------------
   0.00    0.00   clock clk (rise edge)
   0.00    0.00   clock network delay (ideal)
   0.00    0.00 ^ _30839_/CK (DFF_X1)
   0.09    0.09 ^ _30839_/Q (DFF_X1)
   0.04    0.12 ^ _25453_/Z (BUF_X2)
   0.04    0.17 ^ _18357_/Z (BUF_X4)
   0.03    0.20 ^ _18405_/Z (BUF_X4)
   0.09    0.29 v _18406_/Z (MUX2_X2)
   0.05    0.34 v _18407_/ZN (OR2_X4)
   0.04    0.38 ^ _18410_/ZN (NAND2_X1)
   0.02    0.41 v _18411_/ZN (XNOR2_X2)
   0.11    0.52 ^ _18412_/ZN (NOR4_X4)
   0.07    0.58 ^ _18452_/ZN (AND2_X2)
   0.05    0.63 ^ _18792_/ZN (AND3_X1)
   0.01    0.64 v _18793_/ZN (AOI21_X1)
   0.08    0.73 v _18797_/ZN (OR4_X1)
   0.03    0.76 ^ _18800_/ZN (NAND2_X1)
   0.05    0.81 ^ _18801_/ZN (AND2_X2)
   0.02    0.83 v _18803_/ZN (NOR2_X2)
   0.05    0.88 ^ _18819_/ZN (NOR2_X2)
   0.07    0.95 ^ _19131_/ZN (AND3_X1)
   0.02    0.96 v _19133_/ZN (NOR2_X4)
   0.09    1.05 v _19141_/ZN (AND2_X4)
   0.07    1.12 ^ _19142_/ZN (INV_X1)
   0.04    1.16 ^ _26662_/Z (CLKBUF_X1)
   0.02    1.17 ^ buffer682/Z (BUF_X1)
   0.00    1.17 ^ thanksIn_P (out)
           1.17   data arrival time

   6.00    6.00   clock clk (rise edge)
   0.00    6.00   clock network delay (ideal)
   0.00    6.00   clock reconvergence pessimism
  -5.10    0.90   output external delay
           0.90   data required time
---------------------------------------------------------
           0.90   data required time
          -1.17   data arrival time
---------------------------------------------------------
          -0.27   slack (VIOLATED)



==========================================================================
report_tns
--------------------------------------------------------------------------
tns -20.87

==========================================================================
report_wns
--------------------------------------------------------------------------
wns -0.27

==========================================================================
report_design_area
--------------------------------------------------------------------------
Design area 123876 u^2 17% utilization.
