
==========================================================================
report_checks
--------------------------------------------------------------------------
Startpoint: _30839_ (rising edge-triggered flip-flop clocked by clk)
Endpoint: thanksIn_P (output port clocked by clk)
Path Group: clk
Path Type: max

  Delay    Time   Description
---------------------------------------------------------
   0.00    0.00   clock clk (rise edge)
   0.00    0.00   clock network delay (ideal)
   0.00    0.00 ^ _30839_/CK (DFF_X1)
   0.08    0.08 ^ _30839_/Q (DFF_X1)
   0.20    0.29 ^ _25453_/Z (BUF_X1)
   0.06    0.35 ^ _16501_/Z (BUF_X32)
   0.04    0.39 ^ _16502_/Z (BUF_X4)
   0.09    0.48 v _18440_/Z (MUX2_X1)
   0.04    0.52 v _18442_/ZN (OR2_X1)
   0.08    0.60 ^ _18443_/ZN (NAND2_X1)
   0.09    0.69 ^ _18444_/ZN (XNOR2_X1)
   0.08    0.77 ^ _18451_/ZN (AND3_X1)
   0.05    0.83 ^ _18452_/ZN (AND2_X4)
   0.02    0.85 v _18453_/ZN (INV_X1)
   0.03    0.87 ^ _18793_/ZN (AOI21_X2)
   0.03    0.90 ^ _18797_/ZN (OR4_X2)
   0.02    0.92 v _18800_/ZN (NAND2_X2)
   0.03    0.95 v _18801_/ZN (AND2_X4)
   0.03    0.99 ^ _18803_/ZN (NOR2_X4)
   0.02    1.01 v _18819_/ZN (NOR2_X2)
   0.04    1.04 v _19131_/ZN (AND3_X1)
   0.17    1.21 ^ _19133_/ZN (NOR2_X1)
   0.12    1.33 ^ _19141_/ZN (AND2_X2)
   0.07    1.40 v _19142_/ZN (INV_X1)
   0.05    1.45 v _26662_/Z (BUF_X1)
   0.00    1.45 v thanksIn_P (out)
           1.45   data arrival time

   6.00    6.00   clock clk (rise edge)
   0.00    6.00   clock network delay (ideal)
   0.00    6.00   clock reconvergence pessimism
  -5.10    0.90   output external delay
           0.90   data required time
---------------------------------------------------------
           0.90   data required time
          -1.45   data arrival time
---------------------------------------------------------
          -0.55   slack (VIOLATED)



==========================================================================
report_tns
--------------------------------------------------------------------------
tns -60.05

==========================================================================
report_wns
--------------------------------------------------------------------------
wns -0.55

==========================================================================
report_design_area
--------------------------------------------------------------------------
Design area 116447 u^2 16% utilization.
