
==========================================================================
report_floating_nets
--------------------------------------------------------------------------
Warning: found 187 floatiing nets.

==========================================================================
report_checks
--------------------------------------------------------------------------
Startpoint: _2663_ (rising edge-triggered flip-flop clocked by clk)
Endpoint: _2698_ (rising edge-triggered flip-flop clocked by clk)
Path Group: clk
Path Type: max

  Delay    Time   Description
---------------------------------------------------------
   0.00    0.00   clock clk (rise edge)
   0.00    0.00   clock network delay (ideal)
   0.00    0.00 ^ _2663_/CK (DFF_X1)
   0.08    0.08 v _2663_/Q (DFF_X1)
   0.04    0.12 v _2121_/Z (CLKBUF_X2)
   0.04    0.16 ^ _1505_/ZN (NOR2_X1)
   0.04    0.19 ^ _1506_/ZN (AND2_X1)
   0.01    0.21 v _1507_/ZN (INV_X1)
   0.03    0.23 ^ _1509_/ZN (OAI21_X1)
   0.02    0.26 v _1511_/ZN (AOI21_X1)
   0.07    0.33 v _1513_/ZN (OR3_X1)
   0.04    0.37 v _1515_/ZN (AND2_X2)
   0.04    0.41 ^ _1528_/ZN (XNOR2_X2)
   0.04    0.45 ^ _1782_/ZN (AND2_X1)
   0.01    0.46 v _1783_/ZN (INV_X1)
   0.06    0.52 v _1785_/Z (MUX2_X1)
   0.04    0.56 v _1786_/ZN (XNOR2_X1)
   0.04    0.60 ^ _1787_/ZN (AOI211_X2)
   0.02    0.61 v _1788_/ZN (NAND2_X1)
   0.06    0.67 v _1789_/Z (MUX2_X1)
   0.02    0.69 ^ _1790_/ZN (NOR2_X1)
   0.03    0.72 ^ _2361_/Z (CLKBUF_X1)
   0.00    0.72 ^ _2698_/D (DFF_X1)
           0.72   data arrival time

  10.00   10.00   clock clk (rise edge)
   0.00   10.00   clock network delay (ideal)
   0.00   10.00   clock reconvergence pessimism
          10.00 ^ _2698_/CK (DFF_X1)
  -0.03    9.97   library setup time
           9.97   data required time
---------------------------------------------------------
           9.97   data required time
          -0.72   data arrival time
---------------------------------------------------------
           9.25   slack (MET)



==========================================================================
report_tns
--------------------------------------------------------------------------
tns 0.00

==========================================================================
report_wns
--------------------------------------------------------------------------
wns 0.00

==========================================================================
report_design_area
--------------------------------------------------------------------------
Design area 9912 u^2 25% utilization.
