
==========================================================================
report_floating_nets
--------------------------------------------------------------------------
Warning: found 1489 floatiing nets.

==========================================================================
report_checks
--------------------------------------------------------------------------
Startpoint: _26231_ (rising edge-triggered flip-flop clocked by clk)
Endpoint: _26294_ (rising edge-triggered flip-flop clocked by clk)
Path Group: clk
Path Type: max

  Delay    Time   Description
---------------------------------------------------------
   0.00    0.00   clock clk (rise edge)
   0.00    0.00   clock network delay (ideal)
   0.00    0.00 ^ _26231_/CK (DFF_X1)
   0.08    0.08 ^ _26231_/Q (DFF_X1)
   0.04    0.13 ^ _25421_/Z (CLKBUF_X1)
   0.05    0.17 ^ _22014_/ZN (AND2_X1)
   0.04    0.22 ^ _22017_/ZN (AND2_X1)
   0.04    0.26 ^ _22021_/ZN (AND2_X1)
   0.04    0.30 ^ _22024_/ZN (AND2_X1)
   0.04    0.34 ^ _22027_/ZN (AND2_X1)
   0.04    0.38 ^ _22030_/ZN (AND2_X1)
   0.04    0.42 ^ _22033_/ZN (AND2_X1)
   0.04    0.46 ^ _22036_/ZN (AND2_X1)
   0.04    0.50 ^ _22039_/ZN (AND2_X1)
   0.04    0.55 ^ _22042_/ZN (AND2_X1)
   0.04    0.59 ^ _22045_/ZN (AND2_X1)
   0.04    0.63 ^ _22048_/ZN (AND2_X1)
   0.04    0.67 ^ _22052_/ZN (AND2_X1)
   0.04    0.71 ^ _22055_/ZN (AND2_X1)
   0.04    0.75 ^ _22058_/ZN (AND2_X1)
   0.05    0.80 ^ _22061_/ZN (AND2_X1)
   0.04    0.84 ^ _22064_/ZN (AND2_X1)
   0.04    0.88 ^ _22067_/ZN (AND2_X1)
   0.04    0.92 ^ _22070_/ZN (AND2_X1)
   0.04    0.97 ^ _22073_/ZN (AND2_X1)
   0.04    1.01 ^ _22076_/ZN (AND2_X1)
   0.04    1.05 ^ _22079_/ZN (AND2_X1)
   0.04    1.09 ^ _22083_/ZN (AND2_X1)
   0.05    1.13 ^ _22086_/ZN (AND2_X1)
   0.04    1.18 ^ _22089_/ZN (AND2_X1)
   0.04    1.22 ^ _22092_/ZN (AND2_X1)
   0.04    1.26 ^ _22095_/ZN (AND2_X1)
   0.04    1.30 ^ _22098_/ZN (AND2_X1)
   0.04    1.34 ^ _22101_/ZN (AND2_X1)
   0.04    1.38 ^ _22104_/ZN (AND2_X1)
   0.05    1.44 ^ _22107_/ZN (AND2_X1)
   0.05    1.48 ^ _22110_/ZN (AND2_X1)
   0.04    1.52 ^ _22114_/ZN (AND2_X1)
   0.04    1.56 ^ _22117_/ZN (AND2_X1)
   0.04    1.60 ^ _22120_/ZN (AND2_X1)
   0.04    1.65 ^ _22123_/ZN (AND2_X1)
   0.04    1.69 ^ _22126_/ZN (AND2_X1)
   0.04    1.73 ^ _22129_/ZN (AND2_X1)
   0.04    1.77 ^ _22132_/ZN (AND2_X1)
   0.04    1.81 ^ _22135_/ZN (AND2_X1)
   0.04    1.86 ^ _22138_/ZN (AND2_X1)
   0.04    1.90 ^ _22141_/ZN (AND2_X1)
   0.04    1.94 ^ _22145_/ZN (AND2_X1)
   0.04    1.98 ^ _22148_/ZN (AND2_X1)
   0.04    2.02 ^ _22151_/ZN (AND2_X1)
   0.04    2.07 ^ _22154_/ZN (AND2_X1)
   0.04    2.11 ^ _22157_/ZN (AND2_X1)
   0.04    2.15 ^ _22160_/ZN (AND2_X1)
   0.04    2.19 ^ _22163_/ZN (AND2_X1)
   0.04    2.23 ^ _22166_/ZN (AND2_X1)
   0.04    2.28 ^ _22169_/ZN (AND2_X1)
   0.04    2.32 ^ _22172_/ZN (AND2_X1)
   0.04    2.36 ^ _22176_/ZN (AND2_X1)
   0.04    2.40 ^ _22179_/ZN (AND2_X1)
   0.04    2.45 ^ _22182_/ZN (AND2_X1)
   0.04    2.49 ^ _22185_/ZN (AND2_X1)
   0.04    2.53 ^ _22188_/ZN (AND2_X1)
   0.04    2.57 ^ _22191_/ZN (AND2_X1)
   0.04    2.62 ^ _22194_/ZN (AND2_X1)
   0.04    2.66 ^ _22197_/ZN (AND2_X1)
   0.05    2.71 ^ _22200_/ZN (AND2_X1)
   0.02    2.72 v _22208_/ZN (AOI21_X1)
   0.04    2.76 ^ _22209_/ZN (NOR3_X1)
   0.03    2.79 ^ _25946_/Z (CLKBUF_X1)
   0.00    2.79 ^ _26294_/D (DFF_X1)
           2.79   data arrival time

  10.00   10.00   clock clk (rise edge)
   0.00   10.00   clock network delay (ideal)
   0.00   10.00   clock reconvergence pessimism
          10.00 ^ _26294_/CK (DFF_X1)
  -0.03    9.97   library setup time
           9.97   data required time
---------------------------------------------------------
           9.97   data required time
          -2.79   data arrival time
---------------------------------------------------------
           7.18   slack (MET)



==========================================================================
report_tns
--------------------------------------------------------------------------
tns 0.00

==========================================================================
report_wns
--------------------------------------------------------------------------
wns 0.00

==========================================================================
report_design_area
--------------------------------------------------------------------------
Design area 97756 u^2 29% utilization.
