
==========================================================================
report_checks -path_delay min
--------------------------------------------------------------------------
Startpoint: _134750_ (rising edge-triggered flip-flop clocked by CLK)
Endpoint: _134878_ (rising edge-triggered flip-flop clocked by CLK)
Path Group: CLK
Path Type: min

  Delay    Time   Description
---------------------------------------------------------
   0.00    0.00   clock CLK (rise edge)
   0.00    0.00   clock network delay (ideal)
   0.00    0.00 ^ _134750_/CK (DFF_X1)
   0.08    0.08 v _134750_/Q (DFF_X1)
   0.00    0.08 v _134878_/D (DFF_X1)
           0.08   data arrival time

   0.00    0.00   clock CLK (rise edge)
   0.00    0.00   clock network delay (ideal)
   0.00    0.00   clock reconvergence pessimism
           0.00 ^ _134878_/CK (DFF_X1)
   0.00    0.00   library hold time
           0.00   data required time
---------------------------------------------------------
           0.00   data required time
          -0.08   data arrival time
---------------------------------------------------------
           0.08   slack (MET)



==========================================================================
report_checks -path_delay max
--------------------------------------------------------------------------
Startpoint: _137668_ (rising edge-triggered flip-flop clocked by CLK)
Endpoint: fe_cmd_o[39] (output port clocked by CLK)
Path Group: CLK
Path Type: max

  Delay    Time   Description
---------------------------------------------------------
   0.00    0.00   clock CLK (rise edge)
   0.00    0.00   clock network delay (ideal)
   0.00    0.00 ^ _137668_/CK (DFF_X1)
   0.09    0.09 ^ _137668_/Q (DFF_X1)
   0.04    0.13 ^ _121615_/Z (BUF_X2)
   0.03    0.15 ^ _072337_/Z (BUF_X16)
   0.04    0.19 ^ _072338_/ZN (XNOR2_X1)
   0.03    0.22 v _072343_/ZN (NAND4_X1)
   0.05    0.27 ^ _072346_/ZN (NOR3_X1)
   0.02    0.30 v _072352_/ZN (NAND2_X2)
   0.06    0.35 ^ _072354_/ZN (NOR2_X1)
   0.02    0.37 v _072355_/ZN (NOR2_X1)
   0.03    0.40 v _072389_/ZN (AND2_X2)
   0.03    0.43 ^ _072390_/ZN (INV_X1)
   0.01    0.43 v _072459_/ZN (NOR2_X4)
   0.03    0.47 v _072461_/ZN (AND3_X1)
   0.02    0.49 ^ _072462_/ZN (INV_X1)
   0.02    0.51 v _072493_/ZN (AOI21_X2)
   0.03    0.55 ^ _072505_/ZN (NOR2_X4)
   0.02    0.57 v _072508_/ZN (NOR2_X4)
   0.05    0.62 ^ _072595_/ZN (NOR2_X2)
   0.03    0.65 v _072596_/ZN (NAND2_X2)
   0.10    0.75 v _073015_/ZN (OR4_X4)
   0.04    0.80 v _073016_/Z (BUF_X4)
   0.03    0.82 ^ _073127_/ZN (NAND3_X2)
   0.04    0.86 v _073128_/ZN (OAI211_X2)
   0.03    0.89 v _073132_/ZN (AND2_X1)
   0.06    0.95 v _073139_/Z (MUX2_X2)
   0.06    1.01 v _073140_/Z (MUX2_X2)
   0.06    1.07 v _073141_/Z (MUX2_X1)
   0.06    1.14 v _073142_/Z (MUX2_X1)
   0.06    1.20 v _073144_/Z (MUX2_X1)
   0.05    1.24 v _073147_/ZN (OR2_X1)
   0.03    1.27 ^ _073658_/ZN (AOI21_X1)
   0.01    1.28 v _073677_/ZN (NOR2_X1)
   0.06    1.34 ^ _073680_/ZN (AOI221_X1)
   0.03    1.36 v _073695_/ZN (OAI21_X2)
   0.05    1.41 ^ _073696_/ZN (AOI21_X4)
   0.02    1.43 v _073697_/ZN (NOR2_X4)
   0.05    1.48 ^ _073702_/ZN (NOR2_X4)
   0.04    1.52 ^ _073705_/ZN (AND2_X1)
   0.01    1.54 v _073708_/ZN (AOI21_X1)
   0.06    1.60 v _073711_/Z (MUX2_X1)
   0.05    1.65 v _073714_/ZN (OR2_X1)
   0.02    1.66 ^ _073720_/ZN (NAND2_X2)
   0.04    1.70 ^ _073721_/ZN (XNOR2_X2)
   0.06    1.76 ^ _090851_/ZN (AND4_X1)
   0.05    1.81 ^ _090852_/ZN (AND4_X1)
   0.06    1.87 ^ _090854_/ZN (AND4_X1)
   0.01    1.88 v _090871_/ZN (NAND2_X1)
   0.10    1.98 v _090874_/ZN (OR4_X1)
   0.08    2.06 v _090875_/ZN (OR3_X1)
   0.04    2.10 ^ _090876_/ZN (NOR3_X4)
   0.06    2.16 ^ _090878_/ZN (AND4_X1)
   0.03    2.19 ^ _123805_/Z (CLKBUF_X1)
   0.02    2.21 ^ buffer1817/Z (BUF_X1)
   0.00    2.21 ^ fe_cmd_o[39] (out)
           2.21   data arrival time

   5.40    5.40   clock CLK (rise edge)
   0.00    5.40   clock network delay (ideal)
   0.00    5.40   clock reconvergence pessimism
  -0.60    4.80   output external delay
           4.80   data required time
---------------------------------------------------------
           4.80   data required time
          -2.21   data arrival time
---------------------------------------------------------
           2.59   slack (MET)



==========================================================================
report_checks -unconstrained
--------------------------------------------------------------------------
Startpoint: _137668_ (rising edge-triggered flip-flop clocked by CLK)
Endpoint: fe_cmd_o[39] (output port clocked by CLK)
Path Group: CLK
Path Type: max

  Delay    Time   Description
---------------------------------------------------------
   0.00    0.00   clock CLK (rise edge)
   0.00    0.00   clock network delay (ideal)
   0.00    0.00 ^ _137668_/CK (DFF_X1)
   0.09    0.09 ^ _137668_/Q (DFF_X1)
   0.04    0.13 ^ _121615_/Z (BUF_X2)
   0.03    0.15 ^ _072337_/Z (BUF_X16)
   0.04    0.19 ^ _072338_/ZN (XNOR2_X1)
   0.03    0.22 v _072343_/ZN (NAND4_X1)
   0.05    0.27 ^ _072346_/ZN (NOR3_X1)
   0.02    0.30 v _072352_/ZN (NAND2_X2)
   0.06    0.35 ^ _072354_/ZN (NOR2_X1)
   0.02    0.37 v _072355_/ZN (NOR2_X1)
   0.03    0.40 v _072389_/ZN (AND2_X2)
   0.03    0.43 ^ _072390_/ZN (INV_X1)
   0.01    0.43 v _072459_/ZN (NOR2_X4)
   0.03    0.47 v _072461_/ZN (AND3_X1)
   0.02    0.49 ^ _072462_/ZN (INV_X1)
   0.02    0.51 v _072493_/ZN (AOI21_X2)
   0.03    0.55 ^ _072505_/ZN (NOR2_X4)
   0.02    0.57 v _072508_/ZN (NOR2_X4)
   0.05    0.62 ^ _072595_/ZN (NOR2_X2)
   0.03    0.65 v _072596_/ZN (NAND2_X2)
   0.10    0.75 v _073015_/ZN (OR4_X4)
   0.04    0.80 v _073016_/Z (BUF_X4)
   0.03    0.82 ^ _073127_/ZN (NAND3_X2)
   0.04    0.86 v _073128_/ZN (OAI211_X2)
   0.03    0.89 v _073132_/ZN (AND2_X1)
   0.06    0.95 v _073139_/Z (MUX2_X2)
   0.06    1.01 v _073140_/Z (MUX2_X2)
   0.06    1.07 v _073141_/Z (MUX2_X1)
   0.06    1.14 v _073142_/Z (MUX2_X1)
   0.06    1.20 v _073144_/Z (MUX2_X1)
   0.05    1.24 v _073147_/ZN (OR2_X1)
   0.03    1.27 ^ _073658_/ZN (AOI21_X1)
   0.01    1.28 v _073677_/ZN (NOR2_X1)
   0.06    1.34 ^ _073680_/ZN (AOI221_X1)
   0.03    1.36 v _073695_/ZN (OAI21_X2)
   0.05    1.41 ^ _073696_/ZN (AOI21_X4)
   0.02    1.43 v _073697_/ZN (NOR2_X4)
   0.05    1.48 ^ _073702_/ZN (NOR2_X4)
   0.04    1.52 ^ _073705_/ZN (AND2_X1)
   0.01    1.54 v _073708_/ZN (AOI21_X1)
   0.06    1.60 v _073711_/Z (MUX2_X1)
   0.05    1.65 v _073714_/ZN (OR2_X1)
   0.02    1.66 ^ _073720_/ZN (NAND2_X2)
   0.04    1.70 ^ _073721_/ZN (XNOR2_X2)
   0.06    1.76 ^ _090851_/ZN (AND4_X1)
   0.05    1.81 ^ _090852_/ZN (AND4_X1)
   0.06    1.87 ^ _090854_/ZN (AND4_X1)
   0.01    1.88 v _090871_/ZN (NAND2_X1)
   0.10    1.98 v _090874_/ZN (OR4_X1)
   0.08    2.06 v _090875_/ZN (OR3_X1)
   0.04    2.10 ^ _090876_/ZN (NOR3_X4)
   0.06    2.16 ^ _090878_/ZN (AND4_X1)
   0.03    2.19 ^ _123805_/Z (CLKBUF_X1)
   0.02    2.21 ^ buffer1817/Z (BUF_X1)
   0.00    2.21 ^ fe_cmd_o[39] (out)
           2.21   data arrival time

   5.40    5.40   clock CLK (rise edge)
   0.00    5.40   clock network delay (ideal)
   0.00    5.40   clock reconvergence pessimism
  -0.60    4.80   output external delay
           4.80   data required time
---------------------------------------------------------
           4.80   data required time
          -2.21   data arrival time
---------------------------------------------------------
           2.59   slack (MET)



==========================================================================
report_tns
--------------------------------------------------------------------------
tns 0.00

==========================================================================
report_wns
--------------------------------------------------------------------------
wns 0.00

==========================================================================
report_check_types -max_transition -all_violators
--------------------------------------------------------------------------
max_transition

Pin                                    Limit   Trans   Slack
------------------------------------------------------------
_124709_/A                              0.20    3.05   -2.85 (VIOLATED)
_124713_/A                              0.20    3.05   -2.85 (VIOLATED)
_124715_/A                              0.20    3.05   -2.85 (VIOLATED)
_124717_/A                              0.20    3.05   -2.85 (VIOLATED)
_125952_/A                              0.20    3.05   -2.85 (VIOLATED)
_124483_/A                              0.20    1.66   -1.46 (VIOLATED)
_124513_/A                              0.20    1.66   -1.46 (VIOLATED)
_124537_/A                              0.20    1.66   -1.46 (VIOLATED)
_124540_/A                              0.20    1.66   -1.46 (VIOLATED)
_124549_/A                              0.20    1.66   -1.46 (VIOLATED)
_124555_/A                              0.20    1.66   -1.46 (VIOLATED)
_124567_/A                              0.20    1.66   -1.46 (VIOLATED)
_124570_/A                              0.20    1.66   -1.46 (VIOLATED)
_124593_/A                              0.20    1.66   -1.46 (VIOLATED)
_124595_/A                              0.20    1.66   -1.46 (VIOLATED)
_124605_/A                              0.20    1.66   -1.46 (VIOLATED)
_124607_/A                              0.20    1.66   -1.46 (VIOLATED)
_124609_/A                              0.20    1.66   -1.46 (VIOLATED)
_124621_/A                              0.20    1.66   -1.46 (VIOLATED)
_124623_/A                              0.20    1.66   -1.46 (VIOLATED)
_124631_/A                              0.20    1.66   -1.46 (VIOLATED)
_124633_/A                              0.20    1.66   -1.46 (VIOLATED)
_124637_/A                              0.20    1.66   -1.46 (VIOLATED)
_124639_/A                              0.20    1.66   -1.46 (VIOLATED)
_124641_/A                              0.20    1.66   -1.46 (VIOLATED)
_124643_/A                              0.20    1.66   -1.46 (VIOLATED)
_124647_/A                              0.20    1.66   -1.46 (VIOLATED)
_124649_/A                              0.20    1.66   -1.46 (VIOLATED)
_124651_/A                              0.20    1.66   -1.46 (VIOLATED)
_124653_/A                              0.20    1.66   -1.46 (VIOLATED)
_124655_/A                              0.20    1.66   -1.46 (VIOLATED)
_124657_/A                              0.20    1.66   -1.46 (VIOLATED)
_124659_/A                              0.20    1.66   -1.46 (VIOLATED)
_124665_/A                              0.20    1.66   -1.46 (VIOLATED)
_124667_/A                              0.20    1.66   -1.46 (VIOLATED)
_124669_/A                              0.20    1.66   -1.46 (VIOLATED)
_124671_/A                              0.20    1.66   -1.46 (VIOLATED)
_124673_/A                              0.20    1.66   -1.46 (VIOLATED)
_124675_/A                              0.20    1.66   -1.46 (VIOLATED)
_124679_/A                              0.20    1.66   -1.46 (VIOLATED)
_124681_/A                              0.20    1.66   -1.46 (VIOLATED)
_124683_/A                              0.20    1.66   -1.46 (VIOLATED)
_124685_/A                              0.20    1.66   -1.46 (VIOLATED)
_124687_/A                              0.20    1.66   -1.46 (VIOLATED)
_124689_/A                              0.20    1.66   -1.46 (VIOLATED)
_124695_/A                              0.20    1.66   -1.46 (VIOLATED)
_124697_/A                              0.20    1.66   -1.46 (VIOLATED)
_124701_/A                              0.20    1.66   -1.46 (VIOLATED)
_124703_/A                              0.20    1.66   -1.46 (VIOLATED)
_124705_/A                              0.20    1.66   -1.46 (VIOLATED)
_124707_/A                              0.20    1.66   -1.46 (VIOLATED)
_124711_/A                              0.20    1.66   -1.46 (VIOLATED)
_124719_/A                              0.20    1.66   -1.46 (VIOLATED)
_124722_/A                              0.20    1.66   -1.46 (VIOLATED)
_124725_/A                              0.20    1.66   -1.46 (VIOLATED)
_124728_/A                              0.20    1.66   -1.46 (VIOLATED)
_124731_/A                              0.20    1.66   -1.46 (VIOLATED)
_124734_/A                              0.20    1.66   -1.46 (VIOLATED)
_124737_/A                              0.20    1.66   -1.46 (VIOLATED)
_124761_/A                              0.20    1.66   -1.46 (VIOLATED)
_124788_/A                              0.20    1.66   -1.46 (VIOLATED)
_124791_/A                              0.20    1.66   -1.46 (VIOLATED)
_124806_/A                              0.20    1.66   -1.46 (VIOLATED)
_124809_/A                              0.20    1.66   -1.46 (VIOLATED)
_124815_/A                              0.20    1.66   -1.46 (VIOLATED)
_124827_/A                              0.20    1.66   -1.46 (VIOLATED)
_124839_/A                              0.20    1.66   -1.46 (VIOLATED)
_124845_/A                              0.20    1.66   -1.46 (VIOLATED)
_124848_/A                              0.20    1.66   -1.46 (VIOLATED)
_124857_/A                              0.20    1.66   -1.46 (VIOLATED)
_124863_/A                              0.20    1.66   -1.46 (VIOLATED)
_124866_/A                              0.20    1.66   -1.46 (VIOLATED)
_124881_/A                              0.20    1.66   -1.46 (VIOLATED)
_124884_/A                              0.20    1.66   -1.46 (VIOLATED)
_124896_/A                              0.20    1.66   -1.46 (VIOLATED)
_124908_/A                              0.20    1.66   -1.46 (VIOLATED)
_125007_/A                              0.20    1.66   -1.46 (VIOLATED)
_125019_/A                              0.20    1.66   -1.46 (VIOLATED)
_125022_/A                              0.20    1.66   -1.46 (VIOLATED)
_125025_/A                              0.20    1.66   -1.46 (VIOLATED)
_125028_/A                              0.20    1.66   -1.46 (VIOLATED)
_125031_/A                              0.20    1.66   -1.46 (VIOLATED)
_125034_/A                              0.20    1.66   -1.46 (VIOLATED)
_125037_/A                              0.20    1.66   -1.46 (VIOLATED)
_125040_/A                              0.20    1.66   -1.46 (VIOLATED)
_125043_/A                              0.20    1.66   -1.46 (VIOLATED)
_125046_/A                              0.20    1.66   -1.46 (VIOLATED)
_125049_/A                              0.20    1.66   -1.46 (VIOLATED)
_125052_/A                              0.20    1.66   -1.46 (VIOLATED)
_125055_/A                              0.20    1.66   -1.46 (VIOLATED)
_125058_/A                              0.20    1.66   -1.46 (VIOLATED)
_125061_/A                              0.20    1.66   -1.46 (VIOLATED)
_125064_/A                              0.20    1.66   -1.46 (VIOLATED)
_125067_/A                              0.20    1.66   -1.46 (VIOLATED)
_125070_/A                              0.20    1.66   -1.46 (VIOLATED)
_125073_/A                              0.20    1.66   -1.46 (VIOLATED)
_125076_/A                              0.20    1.66   -1.46 (VIOLATED)
_125079_/A                              0.20    1.66   -1.46 (VIOLATED)
_125085_/A                              0.20    1.66   -1.46 (VIOLATED)
_125088_/A                              0.20    1.66   -1.46 (VIOLATED)
_125091_/A                              0.20    1.66   -1.46 (VIOLATED)
_125094_/A                              0.20    1.66   -1.46 (VIOLATED)
_125097_/A                              0.20    1.66   -1.46 (VIOLATED)
_125100_/A                              0.20    1.66   -1.46 (VIOLATED)
_125103_/A                              0.20    1.66   -1.46 (VIOLATED)
_125106_/A                              0.20    1.66   -1.46 (VIOLATED)
_125109_/A                              0.20    1.66   -1.46 (VIOLATED)
_125112_/A                              0.20    1.66   -1.46 (VIOLATED)
_125115_/A                              0.20    1.66   -1.46 (VIOLATED)
_125118_/A                              0.20    1.66   -1.46 (VIOLATED)
_125121_/A                              0.20    1.66   -1.46 (VIOLATED)
_125124_/A                              0.20    1.66   -1.46 (VIOLATED)
_125127_/A                              0.20    1.66   -1.46 (VIOLATED)
_125130_/A                              0.20    1.66   -1.46 (VIOLATED)
_125133_/A                              0.20    1.66   -1.46 (VIOLATED)
_125136_/A                              0.20    1.66   -1.46 (VIOLATED)
_125139_/A                              0.20    1.66   -1.46 (VIOLATED)
_125142_/A                              0.20    1.66   -1.46 (VIOLATED)
_125145_/A                              0.20    1.66   -1.46 (VIOLATED)
_125148_/A                              0.20    1.66   -1.46 (VIOLATED)
_125151_/A                              0.20    1.66   -1.46 (VIOLATED)
_125154_/A                              0.20    1.66   -1.46 (VIOLATED)
_125157_/A                              0.20    1.66   -1.46 (VIOLATED)
_125160_/A                              0.20    1.66   -1.46 (VIOLATED)
_125163_/A                              0.20    1.66   -1.46 (VIOLATED)
_125166_/A                              0.20    1.66   -1.46 (VIOLATED)
_125169_/A                              0.20    1.66   -1.46 (VIOLATED)
_125172_/A                              0.20    1.66   -1.46 (VIOLATED)
_125175_/A                              0.20    1.66   -1.46 (VIOLATED)
_125178_/A                              0.20    1.66   -1.46 (VIOLATED)
_125181_/A                              0.20    1.66   -1.46 (VIOLATED)
_125184_/A                              0.20    1.66   -1.46 (VIOLATED)
_125187_/A                              0.20    1.66   -1.46 (VIOLATED)
_125190_/A                              0.20    1.66   -1.46 (VIOLATED)
_125193_/A                              0.20    1.66   -1.46 (VIOLATED)
_125196_/A                              0.20    1.66   -1.46 (VIOLATED)
_125199_/A                              0.20    1.66   -1.46 (VIOLATED)
_125202_/A                              0.20    1.66   -1.46 (VIOLATED)
_125205_/A                              0.20    1.66   -1.46 (VIOLATED)
_125208_/A                              0.20    1.66   -1.46 (VIOLATED)
_125211_/A                              0.20    1.66   -1.46 (VIOLATED)
_125214_/A                              0.20    1.66   -1.46 (VIOLATED)
_125217_/A                              0.20    1.66   -1.46 (VIOLATED)
_125220_/A                              0.20    1.66   -1.46 (VIOLATED)
_125223_/A                              0.20    1.66   -1.46 (VIOLATED)
_125226_/A                              0.20    1.66   -1.46 (VIOLATED)
_125229_/A                              0.20    1.66   -1.46 (VIOLATED)
_125232_/A                              0.20    1.66   -1.46 (VIOLATED)
_125235_/A                              0.20    1.66   -1.46 (VIOLATED)
_125238_/A                              0.20    1.66   -1.46 (VIOLATED)
_125241_/A                              0.20    1.66   -1.46 (VIOLATED)
_125244_/A                              0.20    1.66   -1.46 (VIOLATED)
_125247_/A                              0.20    1.66   -1.46 (VIOLATED)
_125250_/A                              0.20    1.66   -1.46 (VIOLATED)
_125253_/A                              0.20    1.66   -1.46 (VIOLATED)
_125256_/A                              0.20    1.66   -1.46 (VIOLATED)
_125259_/A                              0.20    1.66   -1.46 (VIOLATED)
_125262_/A                              0.20    1.66   -1.46 (VIOLATED)
_125265_/A                              0.20    1.66   -1.46 (VIOLATED)
_125268_/A                              0.20    1.66   -1.46 (VIOLATED)
_125271_/A                              0.20    1.66   -1.46 (VIOLATED)
_125274_/A                              0.20    1.66   -1.46 (VIOLATED)
_125277_/A                              0.20    1.66   -1.46 (VIOLATED)
_125280_/A                              0.20    1.66   -1.46 (VIOLATED)
_125283_/A                              0.20    1.66   -1.46 (VIOLATED)
_125286_/A                              0.20    1.66   -1.46 (VIOLATED)
_125289_/A                              0.20    1.66   -1.46 (VIOLATED)
_125292_/A                              0.20    1.66   -1.46 (VIOLATED)
_125295_/A                              0.20    1.66   -1.46 (VIOLATED)
_125298_/A                              0.20    1.66   -1.46 (VIOLATED)
_125301_/A                              0.20    1.66   -1.46 (VIOLATED)
_125304_/A                              0.20    1.66   -1.46 (VIOLATED)
_125307_/A                              0.20    1.66   -1.46 (VIOLATED)
_125310_/A                              0.20    1.66   -1.46 (VIOLATED)
_125313_/A                              0.20    1.66   -1.46 (VIOLATED)
_125316_/A                              0.20    1.66   -1.46 (VIOLATED)
_125319_/A                              0.20    1.66   -1.46 (VIOLATED)
_125322_/A                              0.20    1.66   -1.46 (VIOLATED)
_125325_/A                              0.20    1.66   -1.46 (VIOLATED)
_125328_/A                              0.20    1.66   -1.46 (VIOLATED)
_125331_/A                              0.20    1.66   -1.46 (VIOLATED)
_125334_/A                              0.20    1.66   -1.46 (VIOLATED)
_125337_/A                              0.20    1.66   -1.46 (VIOLATED)
_125340_/A                              0.20    1.66   -1.46 (VIOLATED)
_125343_/A                              0.20    1.66   -1.46 (VIOLATED)
_125346_/A                              0.20    1.66   -1.46 (VIOLATED)
_125349_/A                              0.20    1.66   -1.46 (VIOLATED)
_125352_/A                              0.20    1.66   -1.46 (VIOLATED)
_125355_/A                              0.20    1.66   -1.46 (VIOLATED)
_125358_/A                              0.20    1.66   -1.46 (VIOLATED)
_125361_/A                              0.20    1.66   -1.46 (VIOLATED)
_125364_/A                              0.20    1.66   -1.46 (VIOLATED)
_125367_/A                              0.20    1.66   -1.46 (VIOLATED)
_125370_/A                              0.20    1.66   -1.46 (VIOLATED)
_125373_/A                              0.20    1.66   -1.46 (VIOLATED)
_125376_/A                              0.20    1.66   -1.46 (VIOLATED)
_125379_/A                              0.20    1.66   -1.46 (VIOLATED)
_125382_/A                              0.20    1.66   -1.46 (VIOLATED)
_125385_/A                              0.20    1.66   -1.46 (VIOLATED)
_125388_/A                              0.20    1.66   -1.46 (VIOLATED)
_125391_/A                              0.20    1.66   -1.46 (VIOLATED)
_125394_/A                              0.20    1.66   -1.46 (VIOLATED)
_125397_/A                              0.20    1.66   -1.46 (VIOLATED)
_125400_/A                              0.20    1.66   -1.46 (VIOLATED)
_125403_/A                              0.20    1.66   -1.46 (VIOLATED)
_125406_/A                              0.20    1.66   -1.46 (VIOLATED)
_125409_/A                              0.20    1.66   -1.46 (VIOLATED)
_125412_/A                              0.20    1.66   -1.46 (VIOLATED)
_125415_/A                              0.20    1.66   -1.46 (VIOLATED)
_125418_/A                              0.20    1.66   -1.46 (VIOLATED)
_125421_/A                              0.20    1.66   -1.46 (VIOLATED)
_125424_/A                              0.20    1.66   -1.46 (VIOLATED)
_125427_/A                              0.20    1.66   -1.46 (VIOLATED)
_125430_/A                              0.20    1.66   -1.46 (VIOLATED)
_125433_/A                              0.20    1.66   -1.46 (VIOLATED)
_125436_/A                              0.20    1.66   -1.46 (VIOLATED)
_125439_/A                              0.20    1.66   -1.46 (VIOLATED)
_125442_/A                              0.20    1.66   -1.46 (VIOLATED)
_125445_/A                              0.20    1.66   -1.46 (VIOLATED)
_125448_/A                              0.20    1.66   -1.46 (VIOLATED)
_125451_/A                              0.20    1.66   -1.46 (VIOLATED)
_125454_/A                              0.20    1.66   -1.46 (VIOLATED)
_125457_/A                              0.20    1.66   -1.46 (VIOLATED)
_125460_/A                              0.20    1.66   -1.46 (VIOLATED)
_125463_/A                              0.20    1.66   -1.46 (VIOLATED)
_125469_/A                              0.20    1.66   -1.46 (VIOLATED)
_125472_/A                              0.20    1.66   -1.46 (VIOLATED)
_125475_/A                              0.20    1.66   -1.46 (VIOLATED)
_125478_/A                              0.20    1.66   -1.46 (VIOLATED)
_125481_/A                              0.20    1.66   -1.46 (VIOLATED)
_125484_/A                              0.20    1.66   -1.46 (VIOLATED)
_125487_/A                              0.20    1.66   -1.46 (VIOLATED)
_125490_/A                              0.20    1.66   -1.46 (VIOLATED)
_125496_/A                              0.20    1.66   -1.46 (VIOLATED)
_125499_/A                              0.20    1.66   -1.46 (VIOLATED)
_125502_/A                              0.20    1.66   -1.46 (VIOLATED)
_125505_/A                              0.20    1.66   -1.46 (VIOLATED)
_125508_/A                              0.20    1.66   -1.46 (VIOLATED)
_125511_/A                              0.20    1.66   -1.46 (VIOLATED)
_125514_/A                              0.20    1.66   -1.46 (VIOLATED)
_125517_/A                              0.20    1.66   -1.46 (VIOLATED)
_125520_/A                              0.20    1.66   -1.46 (VIOLATED)
_125523_/A                              0.20    1.66   -1.46 (VIOLATED)
_125526_/A                              0.20    1.66   -1.46 (VIOLATED)
_125529_/A                              0.20    1.66   -1.46 (VIOLATED)
_125532_/A                              0.20    1.66   -1.46 (VIOLATED)
_125535_/A                              0.20    1.66   -1.46 (VIOLATED)
_125538_/A                              0.20    1.66   -1.46 (VIOLATED)
_125541_/A                              0.20    1.66   -1.46 (VIOLATED)
_125544_/A                              0.20    1.66   -1.46 (VIOLATED)
_125547_/A                              0.20    1.66   -1.46 (VIOLATED)
_125550_/A                              0.20    1.66   -1.46 (VIOLATED)
_125553_/A                              0.20    1.66   -1.46 (VIOLATED)
_125556_/A                              0.20    1.66   -1.46 (VIOLATED)
_125559_/A                              0.20    1.66   -1.46 (VIOLATED)
_125562_/A                              0.20    1.66   -1.46 (VIOLATED)
_125565_/A                              0.20    1.66   -1.46 (VIOLATED)
_125568_/A                              0.20    1.66   -1.46 (VIOLATED)
_125571_/A                              0.20    1.66   -1.46 (VIOLATED)
_125574_/A                              0.20    1.66   -1.46 (VIOLATED)
_125577_/A                              0.20    1.66   -1.46 (VIOLATED)
_125580_/A                              0.20    1.66   -1.46 (VIOLATED)
_125583_/A                              0.20    1.66   -1.46 (VIOLATED)
_125586_/A                              0.20    1.66   -1.46 (VIOLATED)
_125589_/A                              0.20    1.66   -1.46 (VIOLATED)
_125592_/A                              0.20    1.66   -1.46 (VIOLATED)
_125595_/A                              0.20    1.66   -1.46 (VIOLATED)
_125598_/A                              0.20    1.66   -1.46 (VIOLATED)
_125601_/A                              0.20    1.66   -1.46 (VIOLATED)
_125604_/A                              0.20    1.66   -1.46 (VIOLATED)
_125607_/A                              0.20    1.66   -1.46 (VIOLATED)
_125610_/A                              0.20    1.66   -1.46 (VIOLATED)
_125613_/A                              0.20    1.66   -1.46 (VIOLATED)
_125616_/A                              0.20    1.66   -1.46 (VIOLATED)
_125619_/A                              0.20    1.66   -1.46 (VIOLATED)
_125622_/A                              0.20    1.66   -1.46 (VIOLATED)
_125625_/A                              0.20    1.66   -1.46 (VIOLATED)
_125628_/A                              0.20    1.66   -1.46 (VIOLATED)
_125631_/A                              0.20    1.66   -1.46 (VIOLATED)
_125634_/A                              0.20    1.66   -1.46 (VIOLATED)
_125637_/A                              0.20    1.66   -1.46 (VIOLATED)
_125640_/A                              0.20    1.66   -1.46 (VIOLATED)
_125643_/A                              0.20    1.66   -1.46 (VIOLATED)
_125646_/A                              0.20    1.66   -1.46 (VIOLATED)
_125649_/A                              0.20    1.66   -1.46 (VIOLATED)
_125652_/A                              0.20    1.66   -1.46 (VIOLATED)
_125655_/A                              0.20    1.66   -1.46 (VIOLATED)
_125658_/A                              0.20    1.66   -1.46 (VIOLATED)
_125661_/A                              0.20    1.66   -1.46 (VIOLATED)
_125664_/A                              0.20    1.66   -1.46 (VIOLATED)
_125667_/A                              0.20    1.66   -1.46 (VIOLATED)
_125670_/A                              0.20    1.66   -1.46 (VIOLATED)
_125673_/A                              0.20    1.66   -1.46 (VIOLATED)
_125676_/A                              0.20    1.66   -1.46 (VIOLATED)
_125679_/A                              0.20    1.66   -1.46 (VIOLATED)
_125682_/A                              0.20    1.66   -1.46 (VIOLATED)
_125685_/A                              0.20    1.66   -1.46 (VIOLATED)
_125688_/A                              0.20    1.66   -1.46 (VIOLATED)
_125691_/A                              0.20    1.66   -1.46 (VIOLATED)
_125694_/A                              0.20    1.66   -1.46 (VIOLATED)
_125697_/A                              0.20    1.66   -1.46 (VIOLATED)
_125700_/A                              0.20    1.66   -1.46 (VIOLATED)
_125703_/A                              0.20    1.66   -1.46 (VIOLATED)
_125706_/A                              0.20    1.66   -1.46 (VIOLATED)
_125709_/A                              0.20    1.66   -1.46 (VIOLATED)
_125712_/A                              0.20    1.66   -1.46 (VIOLATED)
_125715_/A                              0.20    1.66   -1.46 (VIOLATED)
_125718_/A                              0.20    1.66   -1.46 (VIOLATED)
_125721_/A                              0.20    1.66   -1.46 (VIOLATED)
_125724_/A                              0.20    1.66   -1.46 (VIOLATED)
_125727_/A                              0.20    1.66   -1.46 (VIOLATED)
_125730_/A                              0.20    1.66   -1.46 (VIOLATED)
_125733_/A                              0.20    1.66   -1.46 (VIOLATED)
_125736_/A                              0.20    1.66   -1.46 (VIOLATED)
_125739_/A                              0.20    1.66   -1.46 (VIOLATED)
_125742_/A                              0.20    1.66   -1.46 (VIOLATED)
_125745_/A                              0.20    1.66   -1.46 (VIOLATED)
_125748_/A                              0.20    1.66   -1.46 (VIOLATED)
_125751_/A                              0.20    1.66   -1.46 (VIOLATED)
_125754_/A                              0.20    1.66   -1.46 (VIOLATED)
_125757_/A                              0.20    1.66   -1.46 (VIOLATED)
_125760_/A                              0.20    1.66   -1.46 (VIOLATED)
_125763_/A                              0.20    1.66   -1.46 (VIOLATED)
_125766_/A                              0.20    1.66   -1.46 (VIOLATED)
_125769_/A                              0.20    1.66   -1.46 (VIOLATED)
_125772_/A                              0.20    1.66   -1.46 (VIOLATED)
_125775_/A                              0.20    1.66   -1.46 (VIOLATED)
_125778_/A                              0.20    1.66   -1.46 (VIOLATED)
_125781_/A                              0.20    1.66   -1.46 (VIOLATED)
_125784_/A                              0.20    1.66   -1.46 (VIOLATED)
_125787_/A                              0.20    1.66   -1.46 (VIOLATED)
_125790_/A                              0.20    1.66   -1.46 (VIOLATED)
_125793_/A                              0.20    1.66   -1.46 (VIOLATED)
_125796_/A                              0.20    1.66   -1.46 (VIOLATED)
_125799_/A                              0.20    1.66   -1.46 (VIOLATED)
_125802_/A                              0.20    1.66   -1.46 (VIOLATED)
_125805_/A                              0.20    1.66   -1.46 (VIOLATED)
_125808_/A                              0.20    1.66   -1.46 (VIOLATED)
_125811_/A                              0.20    1.66   -1.46 (VIOLATED)
_125814_/A                              0.20    1.66   -1.46 (VIOLATED)
_125817_/A                              0.20    1.66   -1.46 (VIOLATED)
_125820_/A                              0.20    1.66   -1.46 (VIOLATED)
_125823_/A                              0.20    1.66   -1.46 (VIOLATED)
_125826_/A                              0.20    1.66   -1.46 (VIOLATED)
_125829_/A                              0.20    1.66   -1.46 (VIOLATED)
_125832_/A                              0.20    1.66   -1.46 (VIOLATED)
_125835_/A                              0.20    1.66   -1.46 (VIOLATED)
_125838_/A                              0.20    1.66   -1.46 (VIOLATED)
_125841_/A                              0.20    1.66   -1.46 (VIOLATED)
_125844_/A                              0.20    1.66   -1.46 (VIOLATED)
_125847_/A                              0.20    1.66   -1.46 (VIOLATED)
_125850_/A                              0.20    1.66   -1.46 (VIOLATED)
_125853_/A                              0.20    1.66   -1.46 (VIOLATED)
_125856_/A                              0.20    1.66   -1.46 (VIOLATED)
_125859_/A                              0.20    1.66   -1.46 (VIOLATED)
_125862_/A                              0.20    1.66   -1.46 (VIOLATED)
_125865_/A                              0.20    1.66   -1.46 (VIOLATED)
_125868_/A                              0.20    1.66   -1.46 (VIOLATED)
_125871_/A                              0.20    1.66   -1.46 (VIOLATED)
_125874_/A                              0.20    1.66   -1.46 (VIOLATED)
_125877_/A                              0.20    1.66   -1.46 (VIOLATED)
_125880_/A                              0.20    1.66   -1.46 (VIOLATED)
_125883_/A                              0.20    1.66   -1.46 (VIOLATED)
_125886_/A                              0.20    1.66   -1.46 (VIOLATED)
_125889_/A                              0.20    1.66   -1.46 (VIOLATED)
_125892_/A                              0.20    1.66   -1.46 (VIOLATED)
_125895_/A                              0.20    1.66   -1.46 (VIOLATED)
_125898_/A                              0.20    1.66   -1.46 (VIOLATED)
_125901_/A                              0.20    1.66   -1.46 (VIOLATED)
_125904_/A                              0.20    1.66   -1.46 (VIOLATED)
_125907_/A                              0.20    1.66   -1.46 (VIOLATED)
_125910_/A                              0.20    1.66   -1.46 (VIOLATED)
_125913_/A                              0.20    1.66   -1.46 (VIOLATED)
_125916_/A                              0.20    1.66   -1.46 (VIOLATED)
_125919_/A                              0.20    1.66   -1.46 (VIOLATED)
_125922_/A                              0.20    1.66   -1.46 (VIOLATED)
_125925_/A                              0.20    1.66   -1.46 (VIOLATED)
_125928_/A                              0.20    1.66   -1.46 (VIOLATED)
_125931_/A                              0.20    1.66   -1.46 (VIOLATED)
_125934_/A                              0.20    1.66   -1.46 (VIOLATED)
_125937_/A                              0.20    1.66   -1.46 (VIOLATED)
_125940_/A                              0.20    1.66   -1.46 (VIOLATED)
_125943_/A                              0.20    1.66   -1.46 (VIOLATED)
_125946_/A                              0.20    1.66   -1.46 (VIOLATED)
_125949_/A                              0.20    1.66   -1.46 (VIOLATED)
_124489_/A                              0.20    0.91   -0.71 (VIOLATED)
_124492_/A                              0.20    0.91   -0.71 (VIOLATED)
_124498_/A                              0.20    0.91   -0.71 (VIOLATED)
_124501_/A                              0.20    0.91   -0.71 (VIOLATED)
_124507_/A                              0.20    0.91   -0.71 (VIOLATED)
_124510_/A                              0.20    0.91   -0.71 (VIOLATED)
_124516_/A                              0.20    0.91   -0.71 (VIOLATED)
_124519_/A                              0.20    0.91   -0.71 (VIOLATED)
_124522_/A                              0.20    0.91   -0.71 (VIOLATED)
_124525_/A                              0.20    0.91   -0.71 (VIOLATED)
_124528_/A                              0.20    0.91   -0.71 (VIOLATED)
_124531_/A                              0.20    0.91   -0.71 (VIOLATED)
_124534_/A                              0.20    0.91   -0.71 (VIOLATED)
_124543_/A                              0.20    0.91   -0.71 (VIOLATED)
_124552_/A                              0.20    0.91   -0.71 (VIOLATED)
_124558_/A                              0.20    0.91   -0.71 (VIOLATED)
_124561_/A                              0.20    0.91   -0.71 (VIOLATED)
_124564_/A                              0.20    0.91   -0.71 (VIOLATED)
_124573_/A                              0.20    0.91   -0.71 (VIOLATED)
_124576_/A                              0.20    0.91   -0.71 (VIOLATED)
_124579_/A                              0.20    0.91   -0.71 (VIOLATED)
_124582_/A                              0.20    0.91   -0.71 (VIOLATED)
_124585_/A                              0.20    0.91   -0.71 (VIOLATED)
_124588_/A                              0.20    0.91   -0.71 (VIOLATED)
_124591_/A                              0.20    0.91   -0.71 (VIOLATED)
_124597_/A                              0.20    0.91   -0.71 (VIOLATED)
_124599_/A                              0.20    0.91   -0.71 (VIOLATED)
_124601_/A                              0.20    0.91   -0.71 (VIOLATED)
_124603_/A                              0.20    0.91   -0.71 (VIOLATED)
_124611_/A                              0.20    0.91   -0.71 (VIOLATED)
_124613_/A                              0.20    0.91   -0.71 (VIOLATED)
_124615_/A                              0.20    0.91   -0.71 (VIOLATED)
_124617_/A                              0.20    0.91   -0.71 (VIOLATED)
_124619_/A                              0.20    0.91   -0.71 (VIOLATED)
_124625_/A                              0.20    0.91   -0.71 (VIOLATED)
_124627_/A                              0.20    0.91   -0.71 (VIOLATED)
_124629_/A                              0.20    0.91   -0.71 (VIOLATED)
_124635_/A                              0.20    0.91   -0.71 (VIOLATED)
_124645_/A                              0.20    0.91   -0.71 (VIOLATED)
_124661_/A                              0.20    0.91   -0.71 (VIOLATED)
_124663_/A                              0.20    0.91   -0.71 (VIOLATED)
_124677_/A                              0.20    0.91   -0.71 (VIOLATED)
_124691_/A                              0.20    0.91   -0.71 (VIOLATED)
_124693_/A                              0.20    0.91   -0.71 (VIOLATED)
_124699_/A                              0.20    0.91   -0.71 (VIOLATED)
_124740_/A                              0.20    0.91   -0.71 (VIOLATED)
_124743_/A                              0.20    0.91   -0.71 (VIOLATED)
_124746_/A                              0.20    0.91   -0.71 (VIOLATED)
_124749_/A                              0.20    0.91   -0.71 (VIOLATED)
_124752_/A                              0.20    0.91   -0.71 (VIOLATED)
_124755_/A                              0.20    0.91   -0.71 (VIOLATED)
_124758_/A                              0.20    0.91   -0.71 (VIOLATED)
_124764_/A                              0.20    0.91   -0.71 (VIOLATED)
_124767_/A                              0.20    0.91   -0.71 (VIOLATED)
_124770_/A                              0.20    0.91   -0.71 (VIOLATED)
_124773_/A                              0.20    0.91   -0.71 (VIOLATED)
_124776_/A                              0.20    0.91   -0.71 (VIOLATED)
_124779_/A                              0.20    0.91   -0.71 (VIOLATED)
_124782_/A                              0.20    0.91   -0.71 (VIOLATED)
_124785_/A                              0.20    0.91   -0.71 (VIOLATED)
_124794_/A                              0.20    0.91   -0.71 (VIOLATED)
_124797_/A                              0.20    0.91   -0.71 (VIOLATED)
_124800_/A                              0.20    0.91   -0.71 (VIOLATED)
_124803_/A                              0.20    0.91   -0.71 (VIOLATED)
_124812_/A                              0.20    0.91   -0.71 (VIOLATED)
_124818_/A                              0.20    0.91   -0.71 (VIOLATED)
_124821_/A                              0.20    0.91   -0.71 (VIOLATED)
_124824_/A                              0.20    0.91   -0.71 (VIOLATED)
_124830_/A                              0.20    0.91   -0.71 (VIOLATED)
_124833_/A                              0.20    0.91   -0.71 (VIOLATED)
_124836_/A                              0.20    0.91   -0.71 (VIOLATED)
_124842_/A                              0.20    0.91   -0.71 (VIOLATED)
_124851_/A                              0.20    0.91   -0.71 (VIOLATED)
_124854_/A                              0.20    0.91   -0.71 (VIOLATED)
_124860_/A                              0.20    0.91   -0.71 (VIOLATED)
_124869_/A                              0.20    0.91   -0.71 (VIOLATED)
_124872_/A                              0.20    0.91   -0.71 (VIOLATED)
_124875_/A                              0.20    0.91   -0.71 (VIOLATED)
_124878_/A                              0.20    0.91   -0.71 (VIOLATED)
_124887_/A                              0.20    0.91   -0.71 (VIOLATED)
_124890_/A                              0.20    0.91   -0.71 (VIOLATED)
_124893_/A                              0.20    0.91   -0.71 (VIOLATED)
_124899_/A                              0.20    0.91   -0.71 (VIOLATED)
_124902_/A                              0.20    0.91   -0.71 (VIOLATED)
_124905_/A                              0.20    0.91   -0.71 (VIOLATED)
_124911_/A                              0.20    0.91   -0.71 (VIOLATED)
_124914_/A                              0.20    0.91   -0.71 (VIOLATED)
_124917_/A                              0.20    0.91   -0.71 (VIOLATED)
_124920_/A                              0.20    0.91   -0.71 (VIOLATED)
_124923_/A                              0.20    0.91   -0.71 (VIOLATED)
_124926_/A                              0.20    0.91   -0.71 (VIOLATED)
_124929_/A                              0.20    0.91   -0.71 (VIOLATED)
_124932_/A                              0.20    0.91   -0.71 (VIOLATED)
_124935_/A                              0.20    0.91   -0.71 (VIOLATED)
_124938_/A                              0.20    0.91   -0.71 (VIOLATED)
_124941_/A                              0.20    0.91   -0.71 (VIOLATED)
_124944_/A                              0.20    0.91   -0.71 (VIOLATED)
_124947_/A                              0.20    0.91   -0.71 (VIOLATED)
_124950_/A                              0.20    0.91   -0.71 (VIOLATED)
_124953_/A                              0.20    0.91   -0.71 (VIOLATED)
_124956_/A                              0.20    0.91   -0.71 (VIOLATED)
_124959_/A                              0.20    0.91   -0.71 (VIOLATED)
_124962_/A                              0.20    0.91   -0.71 (VIOLATED)
_124968_/A                              0.20    0.91   -0.71 (VIOLATED)
_124971_/A                              0.20    0.91   -0.71 (VIOLATED)
_124974_/A                              0.20    0.91   -0.71 (VIOLATED)
_124977_/A                              0.20    0.91   -0.71 (VIOLATED)
_124980_/A                              0.20    0.91   -0.71 (VIOLATED)
_124983_/A                              0.20    0.91   -0.71 (VIOLATED)
_124986_/A                              0.20    0.91   -0.71 (VIOLATED)
_124989_/A                              0.20    0.91   -0.71 (VIOLATED)
_124992_/A                              0.20    0.91   -0.71 (VIOLATED)
_124995_/A                              0.20    0.91   -0.71 (VIOLATED)
_124998_/A                              0.20    0.91   -0.71 (VIOLATED)
_125001_/A                              0.20    0.91   -0.71 (VIOLATED)
_125013_/A                              0.20    0.91   -0.71 (VIOLATED)
_125016_/A                              0.20    0.91   -0.71 (VIOLATED)
_125082_/A                              0.20    0.91   -0.71 (VIOLATED)
_125466_/A                              0.20    0.91   -0.71 (VIOLATED)
_125493_/A                              0.20    0.91   -0.71 (VIOLATED)
_124486_/A                              0.20    0.52   -0.32 (VIOLATED)
_124495_/A                              0.20    0.52   -0.32 (VIOLATED)
_124504_/A                              0.20    0.52   -0.32 (VIOLATED)
_124546_/A                              0.20    0.52   -0.32 (VIOLATED)
_124965_/A                              0.20    0.52   -0.32 (VIOLATED)
_125004_/A                              0.20    0.52   -0.32 (VIOLATED)
_125010_/A                              0.20    0.52   -0.32 (VIOLATED)
_131666_/A                              0.20    0.43   -0.23 (VIOLATED)
_124183_/A                              0.20    0.33   -0.13 (VIOLATED)
_131668_/A                              0.20    0.33   -0.13 (VIOLATED)
_124179_/A                              0.20    0.28   -0.09 (VIOLATED)
_124181_/A                              0.20    0.28   -0.09 (VIOLATED)
_124185_/A                              0.20    0.28   -0.09 (VIOLATED)
_124187_/A                              0.20    0.28   -0.09 (VIOLATED)
_124189_/A                              0.20    0.28   -0.09 (VIOLATED)
_124191_/A                              0.20    0.28   -0.09 (VIOLATED)
_124193_/A                              0.20    0.28   -0.09 (VIOLATED)
_124195_/A                              0.20    0.28   -0.09 (VIOLATED)
_124197_/A                              0.20    0.28   -0.09 (VIOLATED)
_124199_/A                              0.20    0.28   -0.09 (VIOLATED)
_124201_/A                              0.20    0.28   -0.09 (VIOLATED)
_124203_/A                              0.20    0.28   -0.09 (VIOLATED)
_124205_/A                              0.20    0.28   -0.09 (VIOLATED)
_124207_/A                              0.20    0.28   -0.09 (VIOLATED)
_124209_/A                              0.20    0.28   -0.09 (VIOLATED)
_124211_/A                              0.20    0.28   -0.09 (VIOLATED)
_124213_/A                              0.20    0.28   -0.09 (VIOLATED)
_124215_/A                              0.20    0.28   -0.09 (VIOLATED)
_124217_/A                              0.20    0.28   -0.09 (VIOLATED)
_124219_/A                              0.20    0.28   -0.09 (VIOLATED)
_124221_/A                              0.20    0.28   -0.09 (VIOLATED)
_124223_/A                              0.20    0.28   -0.09 (VIOLATED)
_124225_/A                              0.20    0.28   -0.09 (VIOLATED)
_124227_/A                              0.20    0.28   -0.09 (VIOLATED)
_124229_/A                              0.20    0.28   -0.09 (VIOLATED)
_124231_/A                              0.20    0.28   -0.09 (VIOLATED)
_124233_/A                              0.20    0.28   -0.09 (VIOLATED)
_124235_/A                              0.20    0.28   -0.09 (VIOLATED)
_124237_/A                              0.20    0.28   -0.09 (VIOLATED)
_124239_/A                              0.20    0.28   -0.09 (VIOLATED)
_124241_/A                              0.20    0.28   -0.09 (VIOLATED)
_124243_/A                              0.20    0.28   -0.09 (VIOLATED)
_124245_/A                              0.20    0.28   -0.09 (VIOLATED)
_124247_/A                              0.20    0.28   -0.09 (VIOLATED)
_124249_/A                              0.20    0.28   -0.09 (VIOLATED)
_124251_/A                              0.20    0.28   -0.09 (VIOLATED)
_124253_/A                              0.20    0.28   -0.09 (VIOLATED)
_124255_/A                              0.20    0.28   -0.09 (VIOLATED)
_124257_/A                              0.20    0.28   -0.09 (VIOLATED)
_124259_/A                              0.20    0.28   -0.09 (VIOLATED)
_124261_/A                              0.20    0.28   -0.09 (VIOLATED)
_124263_/A                              0.20    0.28   -0.09 (VIOLATED)
_124265_/A                              0.20    0.28   -0.09 (VIOLATED)
_124267_/A                              0.20    0.28   -0.09 (VIOLATED)
_124269_/A                              0.20    0.28   -0.09 (VIOLATED)
_124271_/A                              0.20    0.28   -0.09 (VIOLATED)
_124273_/A                              0.20    0.28   -0.09 (VIOLATED)
_124275_/A                              0.20    0.28   -0.09 (VIOLATED)
_124277_/A                              0.20    0.28   -0.09 (VIOLATED)
_124279_/A                              0.20    0.28   -0.09 (VIOLATED)
_124281_/A                              0.20    0.28   -0.09 (VIOLATED)
_124283_/A                              0.20    0.28   -0.09 (VIOLATED)
_124285_/A                              0.20    0.28   -0.09 (VIOLATED)
_124287_/A                              0.20    0.28   -0.09 (VIOLATED)
_124289_/A                              0.20    0.28   -0.09 (VIOLATED)
_124291_/A                              0.20    0.28   -0.09 (VIOLATED)
_124293_/A                              0.20    0.28   -0.09 (VIOLATED)
_124295_/A                              0.20    0.28   -0.09 (VIOLATED)
_124297_/A                              0.20    0.28   -0.09 (VIOLATED)
_124299_/A                              0.20    0.28   -0.09 (VIOLATED)
_124301_/A                              0.20    0.28   -0.09 (VIOLATED)
_124303_/A                              0.20    0.28   -0.09 (VIOLATED)
_124305_/A                              0.20    0.28   -0.09 (VIOLATED)
_124307_/A                              0.20    0.28   -0.09 (VIOLATED)
_124309_/A                              0.20    0.28   -0.09 (VIOLATED)
_124311_/A                              0.20    0.28   -0.09 (VIOLATED)
_124313_/A                              0.20    0.28   -0.09 (VIOLATED)
_124315_/A                              0.20    0.28   -0.09 (VIOLATED)
_124317_/A                              0.20    0.28   -0.09 (VIOLATED)
_124319_/A                              0.20    0.28   -0.09 (VIOLATED)
_124321_/A                              0.20    0.28   -0.09 (VIOLATED)
_124323_/A                              0.20    0.28   -0.09 (VIOLATED)
_124325_/A                              0.20    0.28   -0.09 (VIOLATED)
_124327_/A                              0.20    0.28   -0.09 (VIOLATED)
_124329_/A                              0.20    0.28   -0.09 (VIOLATED)
_124331_/A                              0.20    0.28   -0.09 (VIOLATED)
_124333_/A                              0.20    0.28   -0.09 (VIOLATED)
_124335_/A                              0.20    0.28   -0.09 (VIOLATED)
_124337_/A                              0.20    0.28   -0.09 (VIOLATED)
_124339_/A                              0.20    0.28   -0.09 (VIOLATED)
_124341_/A                              0.20    0.28   -0.09 (VIOLATED)
_124343_/A                              0.20    0.28   -0.09 (VIOLATED)
_124345_/A                              0.20    0.28   -0.09 (VIOLATED)
_124347_/A                              0.20    0.28   -0.09 (VIOLATED)
_124349_/A                              0.20    0.28   -0.09 (VIOLATED)
_124351_/A                              0.20    0.28   -0.09 (VIOLATED)
_124353_/A                              0.20    0.28   -0.09 (VIOLATED)
_124355_/A                              0.20    0.28   -0.09 (VIOLATED)
_124357_/A                              0.20    0.28   -0.09 (VIOLATED)
_124359_/A                              0.20    0.28   -0.09 (VIOLATED)
_124361_/A                              0.20    0.28   -0.09 (VIOLATED)
_124363_/A                              0.20    0.28   -0.09 (VIOLATED)
_124365_/A                              0.20    0.28   -0.09 (VIOLATED)
_124367_/A                              0.20    0.28   -0.09 (VIOLATED)
_124369_/A                              0.20    0.28   -0.09 (VIOLATED)
_131662_/A                              0.20    0.28   -0.09 (VIOLATED)
_131663_/A                              0.20    0.28   -0.09 (VIOLATED)
_131664_/A                              0.20    0.28   -0.09 (VIOLATED)
_131665_/A                              0.20    0.28   -0.09 (VIOLATED)
_131667_/A                              0.20    0.28   -0.09 (VIOLATED)
_131669_/A                              0.20    0.28   -0.09 (VIOLATED)
_133811_/A                              0.20    0.28   -0.09 (VIOLATED)
_133812_/A                              0.20    0.28   -0.09 (VIOLATED)
_133813_/A                              0.20    0.28   -0.09 (VIOLATED)
_133814_/A                              0.20    0.28   -0.09 (VIOLATED)
_133815_/A                              0.20    0.28   -0.09 (VIOLATED)
_133816_/A                              0.20    0.28   -0.09 (VIOLATED)
_133817_/A                              0.20    0.28   -0.09 (VIOLATED)
be_mmu.dcache.tag_mem.macro_mem.mem/we_in    0.00    0.01   -0.01 (VIOLATED)
be_mmu.dcache.data_mem_0__data_mem.macro_mem.mem/we_in    0.00    0.01   -0.01 (VIOLATED)
be_mmu.dcache.data_mem_1__data_mem.macro_mem.mem/we_in    0.00    0.01   -0.01 (VIOLATED)
be_mmu.dcache.data_mem_2__data_mem.macro_mem.mem/we_in    0.00    0.01   -0.01 (VIOLATED)
be_mmu.dcache.data_mem_3__data_mem.macro_mem.mem/we_in    0.00    0.01   -0.01 (VIOLATED)
be_mmu.dcache.data_mem_4__data_mem.macro_mem.mem/we_in    0.00    0.01   -0.01 (VIOLATED)
be_mmu.dcache.data_mem_5__data_mem.macro_mem.mem/we_in    0.00    0.01   -0.01 (VIOLATED)
be_mmu.dcache.data_mem_6__data_mem.macro_mem.mem/we_in    0.00    0.01   -0.01 (VIOLATED)
be_mmu.dcache.data_mem_7__data_mem.macro_mem.mem/we_in    0.00    0.01   -0.01 (VIOLATED)
be_mmu.dcache.stat_mem.macro_mem.mem/we_in    0.00    0.01   -0.01 (VIOLATED)


==========================================================================
report_power
--------------------------------------------------------------------------
Group                  Internal  Switching    Leakage      Total
                          Power      Power      Power      Power
----------------------------------------------------------------
Sequential             7.60e-03   1.07e-04   6.77e-04   8.39e-03   0.0%
Combinational          2.91e+02   4.85e-03   2.33e-02   2.92e+02 100.0%
Macro                  0.00e+00   0.00e+00   0.00e+00   0.00e+00   0.0%
Pad                    0.00e+00   0.00e+00   0.00e+00   0.00e+00   0.0%
----------------------------------------------------------------
Total                  2.92e+02   4.95e-03   2.40e-02   2.92e+02 100.0%
                         100.0%       0.0%       0.0%

==========================================================================
report_design_area
--------------------------------------------------------------------------
Design area 8534981 u^2 106% utilization.
