
==========================================================================
report_checks
--------------------------------------------------------------------------
Startpoint: _39315_ (rising edge-triggered flip-flop clocked by CLK)
Endpoint: _38178_ (rising edge-triggered flip-flop clocked by CLK)
Path Group: CLK
Path Type: max

  Delay    Time   Description
---------------------------------------------------------
   0.00    0.00   clock CLK (rise edge)
   0.00    0.00   clock network delay (ideal)
   0.00    0.00 ^ _39315_/CK (DFF_X1)
   0.08    0.08 ^ _39315_/Q (DFF_X1)
   0.42    0.51 ^ _32787_/Z (BUF_X1)
   0.03    0.54 ^ _20424_/Z (BUF_X32)
   0.02    0.56 ^ _20938_/Z (BUF_X32)
   0.06    0.62 v _21504_/Z (MUX2_X1)
   0.06    0.68 v _21505_/Z (MUX2_X2)
   0.04    0.71 ^ _21506_/ZN (OAI211_X2)
   0.03    0.74 v _21518_/ZN (NAND3_X4)
   0.04    0.78 ^ _21519_/ZN (NAND2_X4)
   0.02    0.80 v _26043_/ZN (NOR2_X4)
   0.04    0.84 ^ _26218_/ZN (INV_X2)
   0.04    0.88 ^ _26219_/Z (BUF_X8)
   0.04    0.92 ^ _27278_/ZN (XNOR2_X2)
   0.05    0.98 ^ _27283_/Z (XOR2_X2)
   0.06    1.04 ^ _27284_/Z (XOR2_X1)
   0.07    1.11 ^ _27289_/Z (XOR2_X1)
   0.07    1.17 ^ _27296_/Z (XOR2_X1)
   0.07    1.24 ^ _27300_/Z (XOR2_X1)
   0.07    1.30 ^ _27322_/Z (XOR2_X1)
   0.07    1.37 ^ _27328_/Z (XOR2_X1)
   0.06    1.43 ^ _27345_/Z (XOR2_X1)
   0.05    1.49 ^ _27349_/ZN (XNOR2_X1)
   0.07    1.56 ^ _27353_/Z (XOR2_X1)
   0.06    1.61 ^ _27357_/ZN (XNOR2_X2)
   0.01    1.62 v _27602_/ZN (NOR3_X4)
   0.03    1.65 v _27606_/ZN (AND2_X2)
   0.08    1.73 ^ _27608_/ZN (NOR4_X2)
   0.03    1.76 v _27609_/ZN (NAND2_X2)
   0.02    1.78 ^ _28212_/ZN (NAND4_X2)
   0.03    1.81 ^ _28216_/ZN (AND2_X4)
   0.01    1.82 v _28467_/ZN (NOR3_X4)
   0.03    1.85 ^ _28470_/ZN (NOR3_X4)
   0.05    1.91 ^ _28547_/ZN (XNOR2_X1)
   0.01    1.92 v _28548_/ZN (NOR2_X2)
   0.06    1.98 ^ _28549_/ZN (AOI211_X2)
   0.01    1.99 v _28576_/ZN (NOR2_X2)
   0.03    2.02 ^ _28577_/ZN (OAI21_X2)
   0.02    2.04 v _28578_/ZN (AOI21_X2)
   0.04    2.07 ^ _28579_/ZN (OAI211_X2)
   0.03    2.10 v _28581_/ZN (NAND2_X4)
   0.03    2.13 v _28582_/Z (BUF_X8)
   0.05    2.18 v _28583_/Z (MUX2_X2)
   0.03    2.21 v _35603_/Z (BUF_X1)
   0.00    2.21 v _38178_/D (DFF_X1)
           2.21   data arrival time

  10.00   10.00   clock CLK (rise edge)
   0.00   10.00   clock network delay (ideal)
   0.00   10.00   clock reconvergence pessimism
          10.00 ^ _38178_/CK (DFF_X1)
  -0.04    9.96   library setup time
           9.96   data required time
---------------------------------------------------------
           9.96   data required time
          -2.21   data arrival time
---------------------------------------------------------
           7.75   slack (MET)



==========================================================================
report_tns
--------------------------------------------------------------------------
tns 0.00

==========================================================================
report_wns
--------------------------------------------------------------------------
wns 0.00

==========================================================================
report_design_area
--------------------------------------------------------------------------
Design area 139214 u^2 29% utilization.
